Mar 15 04:35:57 hplaptop kernel: [58209.011947] lo: Disabled Privacy Extensions
Mar 15 05:33:05 hplaptop kernel: [61628.862589] EXT4-fs (sda1): re-mounted. Opts: errors=remount-ro,commit=600
Mar 15 05:33:05 hplaptop kernel: [61629.160928] EXT4-fs (sda6): re-mounted. Opts: commit=600
Mar 15 05:37:22 hplaptop kernel: [61884.974505] HP WMI: Unknown response received
Mar 15 05:37:23 hplaptop kernel: [61885.754245] EXT4-fs (sda1): re-mounted. Opts: errors=remount-ro,commit=0
Mar 15 05:37:23 hplaptop kernel: [61885.887532] EXT4-fs (sda6): re-mounted. Opts: commit=0
Mar 15 07:12:24 hplaptop kernel: [67572.300737] iwlagn 0000:44:00.0: RF_KILL bit toggled to disable radio.
Mar 15 07:12:24 hplaptop kernel: [67572.300861] iwlagn 0000:44:00.0: Not sending command - RF KILL
Mar 15 07:12:24 hplaptop kernel: [67572.300866] iwlagn 0000:44:00.0: Error sending REPLY_QOS_PARAM: enqueue_hcmd failed: -5
Mar 15 07:12:24 hplaptop kernel: [67572.300879] iwlagn 0000:44:00.0: Not sending command - RF KILL
Mar 15 07:12:24 hplaptop kernel: [67572.300885] iwlagn 0000:44:00.0: Error sending REPLY_RXON: enqueue_hcmd failed: -5
Mar 15 07:12:24 hplaptop kernel: [67572.300890] iwlagn 0000:44:00.0: Error setting new RXON (-5)
Mar 15 07:12:24 hplaptop kernel: [67572.300895] iwlagn 0000:44:00.0: Not sending command - RF KILL
Mar 15 07:12:24 hplaptop kernel: [67572.300899] iwlagn 0000:44:00.0: Error sending REPLY_RXON_ASSOC: enqueue_hcmd failed: -5
Mar 15 07:12:24 hplaptop kernel: [67572.300909] iwlagn 0000:44:00.0: Not sending command - RF KILL
Mar 15 07:12:24 hplaptop kernel: [67572.300914] iwlagn 0000:44:00.0: Error sending REPLY_REMOVE_STA: enqueue_hcmd failed: -5
Mar 15 07:12:24 hplaptop kernel: [67572.300919] iwlagn 0000:44:00.0: Error removing station 00:15:e9:62:1f:2c
Mar 15 07:12:24 hplaptop kernel: [67572.301064] atkbd serio0: Unknown key pressed (translated set 2, code 0xf8 on isa0060/serio0).
Mar 15 07:12:24 hplaptop kernel: [67572.301069] atkbd serio0: Use 'setkeycodes e078 <keycode>' to make it known.
Mar 15 07:12:24 hplaptop kernel: [67572.306513] HP WMI: Unknown response received
Mar 15 07:12:24 hplaptop kernel: [67572.307958] atkbd serio0: Unknown key released (translated set 2, code 0xf8 on isa0060/serio0).
Mar 15 07:12:24 hplaptop kernel: [67572.307965] atkbd serio0: Use 'setkeycodes e078 <keycode>' to make it known.
Mar 15 07:12:24 hplaptop kernel: [67572.344719] wlan0: deauthenticating from 00:15:e9:62:1f:2c by local choice (reason=3)
Mar 15 07:12:24 hplaptop kernel: [67572.344787] iwlagn 0000:44:00.0: Not sending command - RF KILL
Mar 15 07:12:24 hplaptop kernel: [67572.344792] iwlagn 0000:44:00.0: Error sending REPLY_RXON: enqueue_hcmd failed: -5
Mar 15 07:12:24 hplaptop kernel: [67572.344797] iwlagn 0000:44:00.0: Error setting new RXON (-5)
Mar 15 07:12:24 hplaptop kernel: [67572.394521] iwlagn 0000:44:00.0: Not sending command - RF KILL
Mar 15 07:12:24 hplaptop kernel: [67572.394527] iwlagn 0000:44:00.0: Error sending REPLY_RXON: enqueue_hcmd failed: -5
Mar 15 07:12:24 hplaptop kernel: [67572.394531] iwlagn 0000:44:00.0: Error setting new RXON (-5)
Mar 15 07:12:24 hplaptop kernel: [67572.398025] usb 1-1.1: USB disconnect, address 5
Mar 15 07:12:24 hplaptop kernel: [67572.398116] btusb_intr_complete: hci0 urb ffff8800a50219c0 failed to resubmit (19)
Mar 15 07:12:24 hplaptop kernel: [67572.398259] btusb_bulk_complete: hci0 urb ffff8800a5021240 failed to resubmit (19)
Mar 15 07:12:24 hplaptop kernel: [67572.398267] btusb_bulk_complete: hci0 urb ffff8800a5021000 failed to resubmit (19)
Mar 15 07:12:24 hplaptop kernel: [67572.398319] btusb_send_frame: hci0 urb ffff8800b1258300 submission failed
Mar 15 07:12:24 hplaptop kernel: [67572.604074] cfg80211: All devices are disconnected, going to restore regulatory settings
Mar 15 07:12:24 hplaptop kernel: [67572.604085] cfg80211: Restoring regulatory settings
Mar 15 07:12:24 hplaptop kernel: [67572.604092] cfg80211: Calling CRDA to update world regulatory domain
Mar 15 07:12:24 hplaptop kernel: [67573.054273] cfg80211: World regulatory domain updated:
Mar 15 07:12:24 hplaptop kernel: [67573.054276]     (start_freq - end_freq @ bandwidth), (max_antenna_gain, max_eirp)
Mar 15 07:12:24 hplaptop kernel: [67573.054279]     (2402000 KHz - 2472000 KHz @ 40000 KHz), (300 mBi, 2000 mBm)
Mar 15 07:12:24 hplaptop kernel: [67573.054282]     (2457000 KHz - 2482000 KHz @ 20000 KHz), (300 mBi, 2000 mBm)
Mar 15 07:12:24 hplaptop kernel: [67573.054284]     (2474000 KHz - 2494000 KHz @ 20000 KHz), (300 mBi, 2000 mBm)
Mar 15 07:12:24 hplaptop kernel: [67573.054286]     (5170000 KHz - 5250000 KHz @ 40000 KHz), (300 mBi, 2000 mBm)
Mar 15 07:12:24 hplaptop kernel: [67573.054289]     (5735000 KHz - 5835000 KHz @ 40000 KHz), (300 mBi, 2000 mBm)
Mar 15 11:10:23 hplaptop kernel: [81815.736953] EXT4-fs (sda1): re-mounted. Opts: errors=remount-ro,commit=0
Mar 15 11:10:23 hplaptop kernel: [81815.823697] EXT4-fs (sda6): re-mounted. Opts: commit=0
Mar 15 11:10:29 hplaptop kernel: [81820.378442] PM: Syncing filesystems ... done.
Mar 15 11:10:29 hplaptop kernel: [81820.387930] PM: Preparing system for mem sleep
Mar 15 11:10:29 hplaptop kernel: [81820.387952] Freezing user space processes ... (elapsed 0.02 seconds) done.
Mar 15 11:10:29 hplaptop kernel: [81820.408459] Freezing remaining freezable tasks ... (elapsed 0.01 seconds) done.
Mar 15 11:10:29 hplaptop kernel: [81820.428388] PM: Entering mem sleep
Mar 15 11:10:29 hplaptop kernel: [81820.428521] Suspending console(s) (use no_console_suspend to debug)
Mar 15 11:10:29 hplaptop kernel: [81820.607300] PM: suspend of drv:ieee80211 dev:phy0 complete after 178.778 msecs
Mar 15 11:10:29 hplaptop kernel: [81820.607528] pm_op(): usb_dev_suspend+0x0/0x20 returns -2
Mar 15 11:10:29 hplaptop kernel: [81820.607531] PM: Device usb3 failed to suspend async: error -2
Mar 15 11:10:29 hplaptop kernel: [81820.627317] PM: Some devices failed to suspend
Mar 15 11:10:29 hplaptop kernel: [81821.485080] pcmcia_socket pcmcia_socket0: pccard: PCMCIA card inserted into slot 0
Mar 15 11:10:29 hplaptop kernel: [81821.485261] pcmcia 0.0: pcmcia: registering new device pcmcia0.0 (IRQ: 22)
Mar 15 11:10:29 hplaptop kernel: [81821.525590] scsi11 : pata_pcmcia
Mar 15 11:10:29 hplaptop kernel: [81821.525662] ata10: PATA max PIO0 cmd 0x2100 ctl 0x210e irq 22
Mar 15 11:10:29 hplaptop kernel: [81821.525693] PM: resume of drv:pcmcia_socket dev:pcmcia_socket0 complete after 816.920 msecs
Mar 15 11:10:29 hplaptop kernel: [81821.684725] PM: resume of devices complete after 1060.073 msecs
Mar 15 11:10:29 hplaptop kernel: [81821.684854] PM: resume devices took 1.060 seconds
Mar 15 11:10:29 hplaptop kernel: [81821.685072] PM: Finishing wakeup.
Mar 15 11:10:29 hplaptop kernel: [81821.685073] Restarting tasks ... done.
Mar 15 11:10:29 hplaptop kernel: [81821.686653] video LNXVIDEO:00: Restoring backlight state
Mar 15 11:10:29 hplaptop kernel: [81821.865533] e1000e 0000:00:19.0: irq 45 for MSI/MSI-X
Mar 15 11:10:29 hplaptop kernel: [81821.923973] e1000e 0000:00:19.0: irq 45 for MSI/MSI-X
Mar 15 11:10:29 hplaptop kernel: [81821.924338] ADDRCONF(NETDEV_UP): eth0: link is not ready
Mar 15 11:10:30 hplaptop kernel: [81822.385749] EXT4-fs (sda1): re-mounted. Opts: errors=remount-ro,commit=600
Mar 15 11:10:30 hplaptop kernel: [81822.498270] EXT4-fs (sda6): re-mounted. Opts: commit=600
Mar 15 11:10:30 hplaptop kernel: [81822.809391] EXT4-fs (sda1): re-mounted. Opts: errors=remount-ro,commit=600
Mar 15 11:10:30 hplaptop kernel: [81822.816908] EXT4-fs (sda6): re-mounted. Opts: commit=600
Mar 15 11:10:34 hplaptop kernel: [81826.313877] EXT4-fs (sda1): re-mounted. Opts: errors=remount-ro,commit=0
Mar 15 11:10:34 hplaptop kernel: [81826.583789] EXT4-fs (sda6): re-mounted. Opts: commit=0
Mar 15 11:10:39 hplaptop kernel: [81830.578745] PM: Syncing filesystems ... done.
Mar 15 11:10:39 hplaptop kernel: [81830.589199] PM: Preparing system for mem sleep
Mar 15 11:10:39 hplaptop kernel: [81830.589213] Freezing user space processes ... (elapsed 0.01 seconds) done.
Mar 15 11:10:39 hplaptop kernel: [81830.602695] Freezing remaining freezable tasks ... (elapsed 0.01 seconds) done.
Mar 15 11:10:39 hplaptop kernel: [81830.622630] PM: Entering mem sleep
Mar 15 11:10:39 hplaptop kernel: [81830.622762] Suspending console(s) (use no_console_suspend to debug)
Mar 15 11:10:39 hplaptop kernel: [81830.701930] pm_op(): usb_dev_suspend+0x0/0x20 returns -2
Mar 15 11:10:39 hplaptop kernel: [81830.701934] PM: Device usb3 failed to suspend async: error -2
Mar 15 11:10:39 hplaptop kernel: [81830.723020] PM: Some devices failed to suspend
Mar 15 11:10:39 hplaptop kernel: [81831.579558] pcmcia_socket pcmcia_socket0: pccard: PCMCIA card inserted into slot 0
Mar 15 11:10:39 hplaptop kernel: [81831.579741] pcmcia 0.0: pcmcia: registering new device pcmcia0.0 (IRQ: 22)
Mar 15 11:10:39 hplaptop kernel: [81831.620039] scsi12 : pata_pcmcia
Mar 15 11:10:39 hplaptop kernel: [81831.620117] ata11: PATA max PIO0 cmd 0x2100 ctl 0x210e irq 22
Mar 15 11:10:39 hplaptop kernel: [81831.620186] PM: resume of drv:pcmcia_socket dev:pcmcia_socket0 complete after 816.954 msecs
Mar 15 11:10:39 hplaptop kernel: [81831.779180] PM: resume of devices complete after 1058.819 msecs
Mar 15 11:10:39 hplaptop kernel: [81831.779311] PM: resume devices took 1.060 seconds
Mar 15 11:10:39 hplaptop kernel: [81831.779533] PM: Finishing wakeup.
Mar 15 11:10:39 hplaptop kernel: [81831.779534] Restarting tasks ... done.
Mar 15 11:10:39 hplaptop kernel: [81831.782298] video LNXVIDEO:00: Restoring backlight state
Mar 15 11:10:39 hplaptop kernel: [81831.928889] e1000e 0000:00:19.0: irq 45 for MSI/MSI-X
Mar 15 11:10:39 hplaptop kernel: [81831.978556] e1000e 0000:00:19.0: irq 45 for MSI/MSI-X
Mar 15 11:10:39 hplaptop kernel: [81831.979089] ADDRCONF(NETDEV_UP): eth0: link is not ready
Mar 15 11:10:40 hplaptop kernel: [81832.470833] EXT4-fs (sda1): re-mounted. Opts: errors=remount-ro,commit=600
Mar 15 11:10:40 hplaptop kernel: [81832.632960] EXT4-fs (sda6): re-mounted. Opts: commit=600
Mar 15 11:35:26 hplaptop kernel: [83315.011114] HP WMI: Unknown response received
Mar 15 11:35:26 hplaptop kernel: [83315.466802] EXT4-fs (sda1): re-mounted. Opts: errors=remount-ro,commit=0
Mar 15 11:35:27 hplaptop kernel: [83315.583714] EXT4-fs (sda6): re-mounted. Opts: commit=0
Mar 15 12:09:44 hplaptop kernel: [85367.971043] lo: Disabled Privacy Extensions
Mar 15 12:09:51 hplaptop kernel: [85375.021982] e1000e: eth0 NIC Link is Up 1000 Mbps Full Duplex, Flow Control: RX
Mar 15 12:09:51 hplaptop kernel: [85375.025573] ADDRCONF(NETDEV_CHANGE): eth0: link becomes ready
Mar 15 12:10:01 hplaptop kernel: [85385.174282] eth0: no IPv6 routers present
Mar 15 12:52:46 hplaptop kernel: [87944.158738] lo: Disabled Privacy Extensions
Mar 15 14:33:28 hplaptop kernel: [93970.807141] lo: Disabled Privacy Extensions
Mar 15 16:26:17 hplaptop kernel: [100723.099010] lo: Disabled Privacy Extensions
Mar 15 17:04:24 hplaptop kernel: [103003.886152] lo: Disabled Privacy Extensions
Mar 15 17:08:05 hplaptop kernel: [103224.238668] e1000e: eth0 NIC Link is Down
Mar 15 17:08:47 hplaptop kernel: [103266.803882] EXT4-fs (sda1): re-mounted. Opts: errors=remount-ro,commit=0
Mar 15 17:08:48 hplaptop kernel: [103267.153531] EXT4-fs (sda6): re-mounted. Opts: commit=0
Mar 15 17:08:58 hplaptop kernel: [103273.912098] PM: Syncing filesystems ... done.
Mar 15 17:08:58 hplaptop kernel: [103273.913602] PM: Preparing system for mem sleep
Mar 15 17:08:58 hplaptop kernel: [103273.913611] Freezing user space processes ... (elapsed 0.09 seconds) done.
Mar 15 17:08:58 hplaptop kernel: [103274.012323] Freezing remaining freezable tasks ... (elapsed 0.02 seconds) done.
Mar 15 17:08:58 hplaptop kernel: [103274.032288] PM: Entering mem sleep
Mar 15 17:08:58 hplaptop kernel: [103274.032395] Suspending console(s) (use no_console_suspend to debug)
Mar 15 17:08:58 hplaptop kernel: [103274.181893] PM: suspend of drv:ieee80211 dev:phy0 complete after 149.405 msecs
Mar 15 17:08:58 hplaptop kernel: [103274.182113] pm_op(): usb_dev_suspend+0x0/0x20 returns -2
Mar 15 17:08:58 hplaptop kernel: [103274.182115] sd 0:0:0:0: [sda] Synchronizing SCSI cache
Mar 15 17:08:58 hplaptop kernel: [103274.182118] PM: Device usb3 failed to suspend async: error -2
Mar 15 17:08:58 hplaptop kernel: [103274.182426] sd 0:0:0:0: [sda] Stopping disk
Mar 15 17:08:58 hplaptop kernel: [103274.963324] PM: suspend of drv:sd dev:0:0:0:0 complete after 783.194 msecs
Mar 15 17:08:58 hplaptop kernel: [103274.963435] PM: Some devices failed to suspend
Mar 15 17:08:58 hplaptop kernel: [103274.963467] sd 0:0:0:0: [sda] Starting disk
Mar 15 17:08:58 hplaptop kernel: [103276.055828] PM: resume of drv:sd dev:0:0:0:0 complete after 1095.123 msecs
Mar 15 17:08:58 hplaptop kernel: [103276.055841] PM: resume of drv:scsi_device dev:0:0:0:0 complete after 1095.096 msecs
Mar 15 17:08:58 hplaptop kernel: [103276.055899] PM: resume of drv:scsi_disk dev:0:0:0:0 complete after 1095.082 msecs
Mar 15 17:08:58 hplaptop kernel: [103276.065252] PM: resume of drv:scsi dev:host12 complete after 1104.486 msecs
Mar 15 17:08:58 hplaptop kernel: [103276.065259] PM: resume of drv:scsi_host dev:host12 complete after 1104.493 msecs
Mar 15 17:08:58 hplaptop kernel: [103276.835176] pcmcia_socket pcmcia_socket0: pccard: PCMCIA card inserted into slot 0
Mar 15 17:08:58 hplaptop kernel: [103276.835354] pcmcia 0.0: pcmcia: registering new device pcmcia0.0 (IRQ: 22)
Mar 15 17:08:58 hplaptop kernel: [103276.875707] scsi13 : pata_pcmcia
Mar 15 17:08:58 hplaptop kernel: [103276.875792] ata12: PATA max PIO0 cmd 0x2100 ctl 0x210e irq 22
Mar 15 17:08:58 hplaptop kernel: [103276.875812] PM: resume of drv:pcmcia_socket dev:pcmcia_socket0 complete after 812.615 msecs
Mar 15 17:08:58 hplaptop kernel: [103277.034762] PM: resume of devices complete after 2076.558 msecs
Mar 15 17:08:58 hplaptop kernel: [103277.034863] PM: resume devices took 2.080 seconds
Mar 15 17:08:58 hplaptop kernel: [103277.035083] PM: Finishing wakeup.
Mar 15 17:08:58 hplaptop kernel: [103277.035084] Restarting tasks ... done.
Mar 15 17:08:59 hplaptop kernel: [103277.038124] video LNXVIDEO:00: Restoring backlight state
Mar 15 17:08:59 hplaptop kernel: [103277.653932] e1000e 0000:00:19.0: irq 45 for MSI/MSI-X
Mar 15 17:08:59 hplaptop kernel: [103277.713041] e1000e 0000:00:19.0: irq 45 for MSI/MSI-X
Mar 15 17:08:59 hplaptop kernel: [103277.713409] ADDRCONF(NETDEV_UP): eth0: link is not ready
Mar 15 17:09:00 hplaptop kernel: [103279.212479] EXT4-fs (sda1): re-mounted. Opts: errors=remount-ro,commit=600
Mar 15 17:09:00 hplaptop kernel: [103279.346932] EXT4-fs (sda6): re-mounted. Opts: commit=600
Mar 15 17:09:01 hplaptop kernel: [103279.985392] EXT4-fs (sda1): re-mounted. Opts: errors=remount-ro,commit=600
Mar 15 17:09:01 hplaptop kernel: [103279.988757] EXT4-fs (sda6): re-mounted. Opts: commit=600
Mar 15 17:09:05 hplaptop kernel: [103284.225665] EXT4-fs (sda1): re-mounted. Opts: errors=remount-ro,commit=0
Mar 15 17:09:07 hplaptop kernel: [103286.107361] EXT4-fs (sda6): re-mounted. Opts: commit=0
Mar 15 17:09:14 hplaptop kernel: [103290.320205] PM: Syncing filesystems ... done.
Mar 15 17:09:14 hplaptop kernel: [103290.321851] PM: Preparing system for mem sleep
Mar 15 17:09:14 hplaptop kernel: [103290.321861] Freezing user space processes ... (elapsed 0.01 seconds) done.
Mar 15 17:09:14 hplaptop kernel: [103290.341693] Freezing remaining freezable tasks ... (elapsed 0.01 seconds) done.
Mar 15 17:09:14 hplaptop kernel: [103290.361631] PM: Entering mem sleep
Mar 15 17:09:14 hplaptop kernel: [103290.361756] Suspending console(s) (use no_console_suspend to debug)
Mar 15 17:09:14 hplaptop kernel: [103290.510603] PM: suspend of drv:ieee80211 dev:phy0 complete after 148.760 msecs
Mar 15 17:09:14 hplaptop kernel: [103290.510799] pm_op(): usb_dev_suspend+0x0/0x20 returns -2
Mar 15 17:09:14 hplaptop kernel: [103290.510802] sd 0:0:0:0: [sda] Synchronizing SCSI cache
Mar 15 17:09:14 hplaptop kernel: [103290.510805] PM: Device usb3 failed to suspend async: error -2
Mar 15 17:09:14 hplaptop kernel: [103290.511097] sd 0:0:0:0: [sda] Stopping disk
Mar 15 17:09:14 hplaptop kernel: [103291.119392] PM: suspend of drv:sd dev:0:0:0:0 complete after 610.137 msecs
Mar 15 17:09:14 hplaptop kernel: [103291.119447] PM: Some devices failed to suspend
Mar 15 17:09:14 hplaptop kernel: [103291.119478] sd 0:0:0:0: [sda] Starting disk
Mar 15 17:09:14 hplaptop kernel: [103292.142692] PM: resume of drv:sd dev:0:0:0:0 complete after 1025.801 msecs
Mar 15 17:09:14 hplaptop kernel: [103292.142708] PM: resume of drv:scsi_device dev:0:0:0:0 complete after 1025.803 msecs
Mar 15 17:09:14 hplaptop kernel: [103292.142761] PM: resume of drv:scsi_disk dev:0:0:0:0 complete after 1025.536 msecs
Mar 15 17:09:14 hplaptop kernel: [103292.151675] PM: resume of drv:scsi dev:host13 complete after 1034.590 msecs
Mar 15 17:09:14 hplaptop kernel: [103292.151681] PM: resume of drv:scsi_host dev:host13 complete after 1034.590 msecs
Mar 15 17:09:14 hplaptop kernel: [103292.924498] pcmcia_socket pcmcia_socket0: pccard: PCMCIA card inserted into slot 0
Mar 15 17:09:14 hplaptop kernel: [103292.924676] pcmcia 0.0: pcmcia: registering new device pcmcia0.0 (IRQ: 22)
Mar 15 17:09:14 hplaptop kernel: [103292.964981] scsi14 : pata_pcmcia
Mar 15 17:09:14 hplaptop kernel: [103292.965067] ata13: PATA max PIO0 cmd 0x2100 ctl 0x210e irq 22
Mar 15 17:09:14 hplaptop kernel: [103292.965096] PM: resume of drv:pcmcia_socket dev:pcmcia_socket0 complete after 815.484 msecs
Mar 15 17:09:14 hplaptop kernel: [103293.124078] PM: resume of devices complete after 2009.692 msecs
Mar 15 17:09:14 hplaptop kernel: [103293.124179] PM: resume devices took 2.010 seconds
Mar 15 17:09:14 hplaptop kernel: [103293.124399] PM: Finishing wakeup.
Mar 15 17:09:14 hplaptop kernel: [103293.124400] Restarting tasks ... done.
Mar 15 17:09:14 hplaptop kernel: [103293.132823] video LNXVIDEO:00: Restoring backlight state
Mar 15 17:09:15 hplaptop kernel: [103293.255079] e1000e 0000:00:19.0: irq 45 for MSI/MSI-X
Mar 15 17:09:15 hplaptop kernel: [103293.314714] e1000e 0000:00:19.0: irq 45 for MSI/MSI-X
Mar 15 17:09:15 hplaptop kernel: [103293.315219] ADDRCONF(NETDEV_UP): eth0: link is not ready
Mar 15 17:09:15 hplaptop kernel: [103293.987249] EXT4-fs (sda1): re-mounted. Opts: errors=remount-ro,commit=600
Mar 15 17:09:16 hplaptop kernel: [103294.214222] EXT4-fs (sda6): re-mounted. Opts: commit=600
Mar 15 17:40:38 hplaptop kernel: [105171.512295] EXT4-fs (sda1): re-mounted. Opts: errors=remount-ro,commit=0
Mar 15 17:40:38 hplaptop kernel: [105171.654147] EXT4-fs (sda6): re-mounted. Opts: commit=0
Mar 15 17:40:43 hplaptop kernel: [105176.431504] PM: Marking nosave pages: 000000000009f000 - 0000000000100000
Mar 15 17:40:43 hplaptop kernel: [105176.431507] PM: Marking nosave pages: 00000000befc2000 - 00000000bf7ff000
Mar 15 17:40:43 hplaptop kernel: [105176.431528] PM: Marking nosave pages: 00000000bf800000 - 0000000100000000
Mar 15 17:40:43 hplaptop kernel: [105176.432063] PM: Basic memory bitmaps created
Mar 15 17:42:37 hplaptop kernel: [105176.432065] PM: Syncing filesystems ... done.
Mar 15 17:42:37 hplaptop kernel: [105176.538260] Freezing user space processes ... (elapsed 0.01 seconds) done.
Mar 15 17:42:37 hplaptop kernel: [105176.552405] Freezing remaining freezable tasks ... (elapsed 0.01 seconds) done.
Mar 15 17:42:37 hplaptop kernel: [105176.572460] PM: Preallocating image memory... done (allocated 836572 pages)
Mar 15 17:42:37 hplaptop kernel: [105281.025042] PM: Allocated 3346288 kbytes in 104.71 seconds (31.95 MB/s)
Mar 15 17:42:37 hplaptop kernel: [105281.025044] Suspending console(s) (use no_console_suspend to debug)
Mar 15 17:42:37 hplaptop kernel: [105281.147272] PM: freeze of drv:ieee80211 dev:phy0 complete after 122.063 msecs
Mar 15 17:42:37 hplaptop kernel: [105281.147545] sd 0:0:0:0: [sda] Synchronizing SCSI cache
Mar 15 17:42:37 hplaptop kernel: [105281.147563] pm_op(): usb_dev_freeze+0x0/0x20 returns -2
Mar 15 17:42:37 hplaptop kernel: [105281.147565] PM: Device usb3 failed to freeze async: error -2
Mar 15 17:42:37 hplaptop kernel: [105281.178948] sd 0:0:0:0: [sda] Starting disk
Mar 15 17:42:37 hplaptop kernel: [105281.975177] pcmcia_socket pcmcia_socket0: pccard: PCMCIA card inserted into slot 0
Mar 15 17:42:37 hplaptop kernel: [105281.975355] pcmcia 0.0: pcmcia: registering new device pcmcia0.0 (IRQ: 22)
Mar 15 17:42:37 hplaptop kernel: [105282.015694] scsi15 : pata_pcmcia
Mar 15 17:42:38 hplaptop kernel: [105282.015779] ata14: PATA max PIO0 cmd 0x2100 ctl 0x210e irq 22
Mar 15 17:42:38 hplaptop kernel: [105282.015823] PM: restore of drv:pcmcia_socket dev:pcmcia_socket0 complete after 816.922 msecs
Mar 15 17:42:38 hplaptop kernel: [105282.174767] PM: restore of devices complete after 998.411 msecs
Mar 15 17:42:38 hplaptop kernel: [105282.175077] Restarting tasks ... done.
Mar 15 17:42:38 hplaptop kernel: [105282.176001] PM: Basic memory bitmaps freed
Mar 15 17:42:39 hplaptop kernel: [105282.176014] video LNXVIDEO:00: Restoring backlight state
Mar 15 17:43:08 hplaptop kernel: [105321.466162] e1000e 0000:00:19.0: irq 45 for MSI/MSI-X
Mar 15 17:43:08 hplaptop kernel: [105321.525835] e1000e 0000:00:19.0: irq 45 for MSI/MSI-X
Mar 15 17:43:08 hplaptop kernel: [105321.526574] ADDRCONF(NETDEV_UP): eth0: link is not ready
Mar 15 17:43:49 hplaptop kernel: [105362.618799] EXT4-fs (sda1): re-mounted. Opts: errors=remount-ro,commit=600
Mar 15 17:43:51 hplaptop kernel: [105364.439374] EXT4-fs (sda6): re-mounted. Opts: commit=600
Mar 15 17:48:36 hplaptop kernel: [105649.092864] HP WMI: Unknown response received
Mar 15 17:48:37 hplaptop kernel: [105649.849420] EXT4-fs (sda1): re-mounted. Opts: errors=remount-ro,commit=0
Mar 15 17:48:39 hplaptop kernel: [105651.388661] EXT4-fs (sda6): re-mounted. Opts: commit=0
Mar 15 18:01:17 hplaptop kernel: [106407.566888] lo: Disabled Privacy Extensions
Mar 15 18:02:03 hplaptop kernel: [106453.605438] iwlagn 0000:44:00.0: RF_KILL bit toggled to enable radio.
Mar 15 18:02:03 hplaptop kernel: [106453.605850] atkbd serio0: Unknown key pressed (translated set 2, code 0xf8 on isa0060/serio0).
Mar 15 18:02:03 hplaptop kernel: [106453.605856] atkbd serio0: Use 'setkeycodes e078 <keycode>' to make it known.
Mar 15 18:02:03 hplaptop kernel: [106453.611290] HP WMI: Unknown response received
Mar 15 18:02:03 hplaptop kernel: [106453.613266] atkbd serio0: Unknown key released (translated set 2, code 0xf8 on isa0060/serio0).
Mar 15 18:02:03 hplaptop kernel: [106453.613271] atkbd serio0: Use 'setkeycodes e078 <keycode>' to make it known.
Mar 15 18:02:03 hplaptop kernel: [106453.885958] ADDRCONF(NETDEV_UP): wlan0: link is not ready
Mar 15 18:02:04 hplaptop kernel: [106454.262452] usb 1-1.1: new full speed USB device using ehci_hcd and address 6
Mar 15 18:02:10 hplaptop kernel: [106460.891675] wlan0: authenticate with 00:15:e9:62:1f:2c (try 1)
Mar 15 18:02:10 hplaptop kernel: [106460.895849] wlan0: authenticated
Mar 15 18:02:10 hplaptop kernel: [106460.905182] wlan0: associate with 00:15:e9:62:1f:2c (try 1)
Mar 15 18:02:10 hplaptop kernel: [106460.914419] wlan0: RX AssocResp from 00:15:e9:62:1f:2c (capab=0x431 status=0 aid=4)
Mar 15 18:02:10 hplaptop kernel: [106460.914425] wlan0: associated
Mar 15 18:02:10 hplaptop kernel: [106460.922278] ADDRCONF(NETDEV_CHANGE): wlan0: link becomes ready
Mar 15 18:02:20 hplaptop kernel: [106471.168886] wlan0: no IPv6 routers present
Mar 15 20:01:13 hplaptop kernel: [113586.756403] EXT4-fs (sda1): re-mounted. Opts: errors=remount-ro,commit=600
Mar 15 20:01:13 hplaptop kernel: [113586.882903] EXT4-fs (sda6): re-mounted. Opts: commit=600
Mar 15 20:01:18 hplaptop kernel: [113591.428031] HP WMI: Unknown response received
Mar 15 20:01:18 hplaptop kernel: [113591.557314] EXT4-fs (sda1): re-mounted. Opts: errors=remount-ro,commit=0
Mar 15 20:01:18 hplaptop kernel: [113591.561400] EXT4-fs (sda6): re-mounted. Opts: commit=0
Mar 15 20:03:45 hplaptop kernel: [113738.661628] lo: Disabled Privacy Extensions
Mar 15 22:08:45 hplaptop kernel: [121219.712749] lo: Disabled Privacy Extensions
Mar 15 23:10:45 hplaptop kernel: [124930.245798] EXT4-fs (sda1): re-mounted. Opts: errors=remount-ro,commit=600
Mar 15 23:10:45 hplaptop kernel: [124930.253119] EXT4-fs (sda6): re-mounted. Opts: commit=600
Mar 15 23:10:49 hplaptop kernel: [124934.011112] HP WMI: Unknown response received
Mar 15 23:10:49 hplaptop kernel: [124934.198044] EXT4-fs (sda1): re-mounted. Opts: errors=remount-ro,commit=0
Mar 15 23:10:49 hplaptop kernel: [124934.344370] EXT4-fs (sda6): re-mounted. Opts: commit=0
Mar 15 23:25:39 hplaptop kernel: [125821.620238] lo: Disabled Privacy Extensions
Mar 15 23:57:40 hplaptop kernel: [127737.427279] lo: Disabled Privacy Extensions
Mar 16 00:07:31 hplaptop kernel: [128327.502300] npviewer.bin[26933]: segfault at f58070ac ip 00000000f62398d7 sp 00000000ff9092e0 error 4 in libflashplayer.so[f5e71000+b5f000]
Mar 16 01:36:45 hplaptop kernel: [133667.845168] EXT4-fs (sda1): re-mounted. Opts: errors=remount-ro,commit=600
Mar 16 01:36:45 hplaptop kernel: [133667.967406] EXT4-fs (sda6): re-mounted. Opts: commit=600
Mar 16 01:36:50 hplaptop kernel: [133672.925163] HP WMI: Unknown response received
Mar 16 01:36:50 hplaptop kernel: [133673.253250] EXT4-fs (sda1): re-mounted. Opts: errors=remount-ro,commit=0
Mar 16 01:36:51 hplaptop kernel: [133673.412812] EXT4-fs (sda6): re-mounted. Opts: commit=0
Mar 16 02:35:57 hplaptop kernel: [137208.937821] workflow.cgi invoked oom-killer: gfp_mask=0x280da, order=0, oom_adj=0
Mar 16 02:36:00 hplaptop kernel: [137208.937828] workflow.cgi cpuset=/ mems_allowed=0
Mar 16 02:36:00 hplaptop kernel: [137208.937833] Pid: 28112, comm: workflow.cgi Tainted: P            2.6.35-28-generic #49-Ubuntu
Mar 16 02:36:00 hplaptop kernel: [137208.937838] Call Trace:
Mar 16 02:36:00 hplaptop kernel: [137208.937855]  [<ffffffff810af28d>] ? cpuset_print_task_mems_allowed+0x9d/0xb0
Mar 16 02:36:00 hplaptop kernel: [137208.937865]  [<ffffffff811048f1>] dump_header+0x81/0xc0
Mar 16 02:36:00 hplaptop kernel: [137208.937872]  [<ffffffff811049b1>] oom_kill_process+0x81/0x180
Mar 16 02:36:00 hplaptop kernel: [137208.937879]  [<ffffffff81104ee8>] __out_of_memory+0x58/0xd0
Mar 16 02:36:00 hplaptop kernel: [137208.937886]  [<ffffffff81104fe6>] out_of_memory+0x86/0x1c0
Mar 16 02:36:00 hplaptop kernel: [137208.937893]  [<ffffffff8110898e>] __alloc_pages_slowpath+0x58e/0x5a0
Mar 16 02:36:00 hplaptop kernel: [137208.937903]  [<ffffffff81108b3a>] __alloc_pages_nodemask+0x19a/0x1f0
Mar 16 02:36:00 hplaptop kernel: [137208.937913]  [<ffffffff8113bdc9>] alloc_page_vma+0x89/0x140
Mar 16 02:36:00 hplaptop kernel: [137208.937920]  [<ffffffff8111cd20>] do_anonymous_page+0x160/0x350
Mar 16 02:36:00 hplaptop kernel: [137208.937925]  [<ffffffff8112151f>] handle_mm_fault+0x32f/0x440
Mar 16 02:36:00 hplaptop kernel: [137208.937929]  [<ffffffff811268bc>] ? do_brk+0x25c/0x350
Mar 16 02:36:00 hplaptop kernel: [137208.937937]  [<ffffffff8158efba>] do_page_fault+0x12a/0x350
Mar 16 02:36:00 hplaptop kernel: [137208.937942]  [<ffffffff8158bb35>] page_fault+0x25/0x30
Mar 16 02:36:00 hplaptop kernel: [137208.937949] Mem-Info:
Mar 16 02:36:00 hplaptop kernel: [137208.937953] Node 0 DMA per-cpu:
Mar 16 02:36:00 hplaptop kernel: [137208.937959] CPU    0: hi:    0, btch:   1 usd:   0
Mar 16 02:36:00 hplaptop kernel: [137208.937963] CPU    1: hi:    0, btch:   1 usd:   0
Mar 16 02:36:00 hplaptop kernel: [137208.937967] CPU    2: hi:    0, btch:   1 usd:   0
Mar 16 02:36:00 hplaptop kernel: [137208.937970] CPU    3: hi:    0, btch:   1 usd:   0
Mar 16 02:36:00 hplaptop kernel: [137208.937973] Node 0 DMA32 per-cpu:
Mar 16 02:36:00 hplaptop kernel: [137208.937979] CPU    0: hi:  186, btch:  31 usd:  38
Mar 16 02:36:00 hplaptop kernel: [137208.937983] CPU    1: hi:  186, btch:  31 usd:  29
Mar 16 02:36:00 hplaptop kernel: [137208.937986] CPU    2: hi:  186, btch:  31 usd: 169
Mar 16 02:36:00 hplaptop kernel: [137208.937990] CPU    3: hi:  186, btch:  31 usd:  53
Mar 16 02:36:00 hplaptop kernel: [137208.937993] Node 0 Normal per-cpu:
Mar 16 02:36:00 hplaptop kernel: [137208.937998] CPU    0: hi:  186, btch:  31 usd:  30
Mar 16 02:36:00 hplaptop kernel: [137208.938002] CPU    1: hi:  186, btch:  31 usd:   0
Mar 16 02:36:00 hplaptop kernel: [137208.938005] CPU    2: hi:  186, btch:  31 usd: 184
Mar 16 02:36:00 hplaptop kernel: [137208.938009] CPU    3: hi:  186, btch:  31 usd:  29
Mar 16 02:36:00 hplaptop kernel: [137208.938017] active_anon:660383 inactive_anon:218818 isolated_anon:32
Mar 16 02:36:00 hplaptop kernel: [137208.938019]  active_file:182 inactive_file:288 isolated_file:0
Mar 16 02:36:00 hplaptop kernel: [137208.938020]  unevictable:4 dirty:0 writeback:3 unstable:0
Mar 16 02:36:00 hplaptop kernel: [137208.938022]  free:6687 slab_reclaimable:4306 slab_unreclaimable:6667
Mar 16 02:36:00 hplaptop kernel: [137208.938023]  mapped:8014 shmem:289 pagetables:11535 bounce:0
Mar 16 02:36:00 hplaptop kernel: [137208.938027] Node 0 DMA free:15476kB min:28kB low:32kB high:40kB active_anon:56kB inactive_anon:280kB active_file:0kB inactive_file:0kB unevictable:0kB isolated(anon):0kB isolated(file):0kB present:15708kB mlocked:0kB dirty:0kB writeback:0kB mapped:0kB shmem:0kB slab_reclaimable:0kB slab_unreclaimable:48kB kernel_stack:0kB pagetables:0kB unstable:0kB bounce:0kB writeback_tmp:0kB pages_scanned:0 all_unreclaimable? yes
Mar 16 02:36:00 hplaptop kernel: [137208.938043] lowmem_reserve[]: 0 2983 3867 3867
Mar 16 02:36:00 hplaptop kernel: [137208.938050] Node 0 DMA32 free:9476kB min:6128kB low:7660kB high:9192kB active_anon:2355148kB inactive_anon:588748kB active_file:424kB inactive_file:780kB unevictable:16kB isolated(anon):0kB isolated(file):0kB present:3055596kB mlocked:16kB dirty:0kB writeback:0kB mapped:14096kB shmem:660kB slab_reclaimable:4704kB slab_unreclaimable:7832kB kernel_stack:360kB pagetables:18928kB unstable:0kB bounce:0kB writeback_tmp:0kB pages_scanned:1856 all_unreclaimable? yes
Mar 16 02:36:00 hplaptop kernel: [137208.938066] lowmem_reserve[]: 0 0 883 883
Mar 16 02:36:00 hplaptop kernel: [137208.938070] Node 0 Normal free:1796kB min:1812kB low:2264kB high:2716kB active_anon:286476kB inactive_anon:286244kB active_file:304kB inactive_file:372kB unevictable:0kB isolated(anon):128kB isolated(file):0kB present:904960kB mlocked:0kB dirty:0kB writeback:12kB mapped:17960kB shmem:496kB slab_reclaimable:12520kB slab_unreclaimable:18788kB kernel_stack:2472kB pagetables:27212kB unstable:0kB bounce:0kB writeback_tmp:0kB pages_scanned:2773 all_unreclaimable? no
Mar 16 02:36:00 hplaptop kernel: [137208.938095] lowmem_reserve[]: 0 0 0 0
Mar 16 02:36:00 hplaptop kernel: [137208.938105] Node 0 DMA: 3*4kB 1*8kB 2*16kB 2*32kB 2*64kB 1*128kB 1*256kB 1*512kB 2*1024kB 2*2048kB 2*4096kB = 15476kB
Mar 16 02:36:00 hplaptop kernel: [137208.938129] Node 0 DMA32: 1322*4kB 0*8kB 0*16kB 1*32kB 1*64kB 1*128kB 1*256kB 1*512kB 1*1024kB 1*2048kB 0*4096kB = 9352kB
Mar 16 02:36:00 hplaptop kernel: [137208.938150] Node 0 Normal: 28*4kB 10*8kB 12*16kB 11*32kB 3*64kB 1*128kB 1*256kB 1*512kB 0*1024kB 0*2048kB 0*4096kB = 1824kB
Mar 16 02:36:00 hplaptop kernel: [137208.938162] 5730 total pagecache pages
Mar 16 02:36:00 hplaptop kernel: [137208.938164] 4973 pages in swap cache
Mar 16 02:36:00 hplaptop kernel: [137208.938167] Swap cache stats: add 4663074, delete 4658101, find 529666/653021
Mar 16 02:36:00 hplaptop kernel: [137208.938170] Free swap  = 0kB
Mar 16 02:36:00 hplaptop kernel: [137208.938172] Total swap = 9022460kB
Mar 16 02:36:00 hplaptop kernel: [137208.954415] 1015792 pages RAM
Mar 16 02:36:00 hplaptop kernel: [137208.954417] 71386 pages reserved
Mar 16 02:36:00 hplaptop kernel: [137208.954418] 1084 pages shared
Mar 16 02:36:00 hplaptop kernel: [137208.954419] 935962 pages non-shared
Mar 16 02:36:00 hplaptop kernel: [137208.954422] Out of memory: kill process 28050 (bash) score 1567184 or a child
Mar 16 02:36:00 hplaptop kernel: [137208.954427] Killed process 28103 (workflow.cgi) vsz:123444kB, anon-rss:0kB, file-rss:64kB
Mar 16 02:36:07 hplaptop kernel: [137219.494842] gnome-panel invoked oom-killer: gfp_mask=0x201da, order=0, oom_adj=0
Mar 16 02:36:08 hplaptop kernel: [137219.494848] gnome-panel cpuset=/ mems_allowed=0
Mar 16 02:36:08 hplaptop kernel: [137219.494850] Pid: 13021, comm: gnome-panel Tainted: P            2.6.35-28-generic #49-Ubuntu
Mar 16 02:36:08 hplaptop kernel: [137219.494852] Call Trace:
Mar 16 02:36:08 hplaptop kernel: [137219.494861]  [<ffffffff810af28d>] ? cpuset_print_task_mems_allowed+0x9d/0xb0
Mar 16 02:36:08 hplaptop kernel: [137219.494865]  [<ffffffff811048f1>] dump_header+0x81/0xc0
Mar 16 02:36:08 hplaptop kernel: [137219.494868]  [<ffffffff811049b1>] oom_kill_process+0x81/0x180
Mar 16 02:36:08 hplaptop kernel: [137219.494870]  [<ffffffff81104ee8>] __out_of_memory+0x58/0xd0
Mar 16 02:36:08 hplaptop kernel: [137219.494872]  [<ffffffff81104fe6>] out_of_memory+0x86/0x1c0
Mar 16 02:36:08 hplaptop kernel: [137219.494874]  [<ffffffff8110898e>] __alloc_pages_slowpath+0x58e/0x5a0
Mar 16 02:36:08 hplaptop kernel: [137219.494877]  [<ffffffff81108b3a>] __alloc_pages_nodemask+0x19a/0x1f0
Mar 16 02:36:08 hplaptop kernel: [137219.494880]  [<ffffffff810d20b9>] ? delayacct_end+0x89/0xa0
Mar 16 02:36:08 hplaptop kernel: [137219.494884]  [<ffffffff8113abea>] alloc_pages_current+0x9a/0x100
Mar 16 02:36:08 hplaptop kernel: [137219.494886]  [<ffffffff81101f37>] __page_cache_alloc+0x87/0x90
Mar 16 02:36:08 hplaptop kernel: [137219.494889]  [<ffffffff8110be79>] __do_page_cache_readahead+0xc9/0x210
Mar 16 02:36:08 hplaptop kernel: [137219.494891]  [<ffffffff8110bfe1>] ra_submit+0x21/0x30
Mar 16 02:36:08 hplaptop kernel: [137219.494893]  [<ffffffff811037e5>] filemap_fault+0x3f5/0x450
Mar 16 02:36:08 hplaptop kernel: [137219.494897]  [<ffffffff8111e414>] __do_fault+0x54/0x560
Mar 16 02:36:08 hplaptop kernel: [137219.494899]  [<ffffffff811213a9>] handle_mm_fault+0x1b9/0x440
Mar 16 02:36:08 hplaptop kernel: [137219.494903]  [<ffffffff81290fb8>] ? apparmor_file_permission+0x18/0x20
Mar 16 02:36:08 hplaptop kernel: [137219.494909]  [<ffffffff8158efba>] do_page_fault+0x12a/0x350
Mar 16 02:36:08 hplaptop kernel: [137219.494911]  [<ffffffff8158bb35>] page_fault+0x25/0x30
Mar 16 02:36:08 hplaptop kernel: [137219.494913] Mem-Info:
Mar 16 02:36:08 hplaptop kernel: [137219.494914] Node 0 DMA per-cpu:
Mar 16 02:36:08 hplaptop kernel: [137219.494916] CPU    0: hi:    0, btch:   1 usd:   0
Mar 16 02:36:08 hplaptop kernel: [137219.494918] CPU    1: hi:    0, btch:   1 usd:   0
Mar 16 02:36:08 hplaptop kernel: [137219.494919] CPU    2: hi:    0, btch:   1 usd:   0
Mar 16 02:36:08 hplaptop kernel: [137219.494920] CPU    3: hi:    0, btch:   1 usd:   0
Mar 16 02:36:08 hplaptop kernel: [137219.494921] Node 0 DMA32 per-cpu:
Mar 16 02:36:08 hplaptop kernel: [137219.494923] CPU    0: hi:  186, btch:  31 usd:  69
Mar 16 02:36:08 hplaptop kernel: [137219.494925] CPU    1: hi:  186, btch:  31 usd:   0
Mar 16 02:36:08 hplaptop kernel: [137219.494926] CPU    2: hi:  186, btch:  31 usd:   0
Mar 16 02:36:08 hplaptop kernel: [137219.494928] CPU    3: hi:  186, btch:  31 usd:   0
Mar 16 02:36:08 hplaptop kernel: [137219.494929] Node 0 Normal per-cpu:
Mar 16 02:36:08 hplaptop kernel: [137219.494930] CPU    0: hi:  186, btch:  31 usd: 124
Mar 16 02:36:08 hplaptop kernel: [137219.494931] CPU    1: hi:  186, btch:  31 usd:  13
Mar 16 02:36:08 hplaptop kernel: [137219.494933] CPU    2: hi:  186, btch:  31 usd:  11
Mar 16 02:36:08 hplaptop kernel: [137219.494934] CPU    3: hi:  186, btch:  31 usd:   0
Mar 16 02:36:08 hplaptop kernel: [137219.494937] active_anon:660571 inactive_anon:218949 isolated_anon:0
Mar 16 02:36:08 hplaptop kernel: [137219.494938]  active_file:175 inactive_file:206 isolated_file:0
Mar 16 02:36:08 hplaptop kernel: [137219.494939]  unevictable:4 dirty:10 writeback:45 unstable:0
Mar 16 02:36:08 hplaptop kernel: [137219.494939]  free:6718 slab_reclaimable:4278 slab_unreclaimable:6668
Mar 16 02:36:08 hplaptop kernel: [137219.494940]  mapped:8035 shmem:273 pagetables:11486 bounce:0
Mar 16 02:36:08 hplaptop kernel: [137219.494942] Node 0 DMA free:15476kB min:28kB low:32kB high:40kB active_anon:56kB inactive_anon:280kB active_file:0kB inactive_file:0kB unevictable:0kB isolated(anon):0kB isolated(file):0kB present:15708kB mlocked:0kB dirty:0kB writeback:0kB mapped:0kB shmem:0kB slab_reclaimable:0kB slab_unreclaimable:48kB kernel_stack:0kB pagetables:0kB unstable:0kB bounce:0kB writeback_tmp:0kB pages_scanned:0 all_unreclaimable? yes
Mar 16 02:36:08 hplaptop kernel: [137219.494948] lowmem_reserve[]: 0 2983 3867 3867
Mar 16 02:36:08 hplaptop kernel: [137219.494951] Node 0 DMA32 free:9616kB min:6128kB low:7660kB high:9192kB active_anon:2356036kB inactive_anon:589192kB active_file:156kB inactive_file:160kB unevictable:16kB isolated(anon):0kB isolated(file):0kB present:3055596kB mlocked:16kB dirty:8kB writeback:0kB mapped:14252kB shmem:624kB slab_reclaimable:4656kB slab_unreclaimable:7828kB kernel_stack:368kB pagetables:18732kB unstable:0kB bounce:0kB writeback_tmp:0kB pages_scanned:512 all_unreclaimable? yes
Mar 16 02:36:08 hplaptop kernel: [137219.494957] lowmem_reserve[]: 0 0 883 883
Mar 16 02:36:08 hplaptop kernel: [137219.494960] Node 0 Normal free:1780kB min:1812kB low:2264kB high:2716kB active_anon:286192kB inactive_anon:286324kB active_file:544kB inactive_file:664kB unevictable:0kB isolated(anon):0kB isolated(file):0kB present:904960kB mlocked:0kB dirty:32kB writeback:180kB mapped:17888kB shmem:468kB slab_reclaimable:12456kB slab_unreclaimable:18796kB kernel_stack:2464kB pagetables:27212kB unstable:0kB bounce:0kB writeback_tmp:0kB pages_scanned:1920 all_unreclaimable? yes
Mar 16 02:36:08 hplaptop kernel: [137219.494967] lowmem_reserve[]: 0 0 0 0
Mar 16 02:36:08 hplaptop kernel: [137219.494969] Node 0 DMA: 3*4kB 1*8kB 2*16kB 2*32kB 2*64kB 1*128kB 1*256kB 1*512kB 2*1024kB 2*2048kB 2*4096kB = 15476kB
Mar 16 02:36:08 hplaptop kernel: [137219.494975] Node 0 DMA32: 1346*4kB 62*8kB 0*16kB 1*32kB 1*64kB 1*128kB 1*256kB 1*512kB 1*1024kB 1*2048kB 0*4096kB = 9944kB
Mar 16 02:36:08 hplaptop kernel: [137219.494981] Node 0 Normal: 102*4kB 23*8kB 3*16kB 4*32kB 3*64kB 1*128kB 1*256kB 1*512kB 0*1024kB 0*2048kB 0*4096kB = 1856kB
Mar 16 02:36:08 hplaptop kernel: [137219.494987] 4092 total pagecache pages
Mar 16 02:36:08 hplaptop kernel: [137219.494988] 3507 pages in swap cache
Mar 16 02:36:08 hplaptop kernel: [137219.494989] Swap cache stats: add 4674691, delete 4671184, find 529909/653386
Mar 16 02:36:08 hplaptop kernel: [137219.494990] Free swap  = 0kB
Mar 16 02:36:08 hplaptop kernel: [137219.494991] Total swap = 9022460kB
Mar 16 02:36:08 hplaptop kernel: [137219.505431] 1015792 pages RAM
Mar 16 02:36:08 hplaptop kernel: [137219.505433] 71386 pages reserved
Mar 16 02:36:08 hplaptop kernel: [137219.505434] 952 pages shared
Mar 16 02:36:08 hplaptop kernel: [137219.505435] 936224 pages non-shared
Mar 16 02:36:08 hplaptop kernel: [137219.505438] Out of memory: kill process 28050 (bash) score 1557363 or a child
Mar 16 02:36:08 hplaptop kernel: [137219.505442] Killed process 28110 (workflow.cgi) vsz:123444kB, anon-rss:0kB, file-rss:60kB
Mar 16 02:36:08 hplaptop kernel: [137220.546215] udisks-daemon invoked oom-killer: gfp_mask=0x201da, order=0, oom_adj=0
Mar 16 02:36:08 hplaptop kernel: [137220.546221] udisks-daemon cpuset=/ mems_allowed=0
Mar 16 02:36:08 hplaptop kernel: [137220.546225] Pid: 2207, comm: udisks-daemon Tainted: P            2.6.35-28-generic #49-Ubuntu
Mar 16 02:36:08 hplaptop kernel: [137220.546227] Call Trace:
Mar 16 02:36:08 hplaptop kernel: [137220.546237]  [<ffffffff810af28d>] ? cpuset_print_task_mems_allowed+0x9d/0xb0
Mar 16 02:36:08 hplaptop kernel: [137220.546242]  [<ffffffff811048f1>] dump_header+0x81/0xc0
Mar 16 02:36:08 hplaptop kernel: [137220.546245]  [<ffffffff811049b1>] oom_kill_process+0x81/0x180
Mar 16 02:36:08 hplaptop kernel: [137220.546248]  [<ffffffff81104ee8>] __out_of_memory+0x58/0xd0
Mar 16 02:36:08 hplaptop kernel: [137220.546251]  [<ffffffff81104fe6>] out_of_memory+0x86/0x1c0
Mar 16 02:36:08 hplaptop kernel: [137220.546255]  [<ffffffff8110898e>] __alloc_pages_slowpath+0x58e/0x5a0
Mar 16 02:36:08 hplaptop kernel: [137220.546258]  [<ffffffff81108b3a>] __alloc_pages_nodemask+0x19a/0x1f0
Mar 16 02:36:08 hplaptop kernel: [137220.546264]  [<ffffffff81165500>] ? pollwake+0x0/0x60
Mar 16 02:36:08 hplaptop kernel: [137220.546269]  [<ffffffff8113abea>] alloc_pages_current+0x9a/0x100
Mar 16 02:36:08 hplaptop kernel: [137220.546272]  [<ffffffff81101f37>] __page_cache_alloc+0x87/0x90
Mar 16 02:36:08 hplaptop kernel: [137220.546276]  [<ffffffff8110be79>] __do_page_cache_readahead+0xc9/0x210
Mar 16 02:36:08 hplaptop kernel: [137220.546279]  [<ffffffff8110bfe1>] ra_submit+0x21/0x30
Mar 16 02:36:08 hplaptop kernel: [137220.546282]  [<ffffffff811037e5>] filemap_fault+0x3f5/0x450
Mar 16 02:36:08 hplaptop kernel: [137220.546287]  [<ffffffff812b9f67>] ? kobject_put+0x27/0x60
Mar 16 02:36:08 hplaptop kernel: [137220.546292]  [<ffffffff8111e414>] __do_fault+0x54/0x560
Mar 16 02:36:08 hplaptop kernel: [137220.546295]  [<ffffffff811213a9>] handle_mm_fault+0x1b9/0x440
Mar 16 02:36:08 hplaptop kernel: [137220.546301]  [<ffffffff810116a9>] ? read_tsc+0x9/0x20
Mar 16 02:36:08 hplaptop kernel: [137220.546306]  [<ffffffff8108a099>] ? ktime_get_ts+0xa9/0xe0
Mar 16 02:36:08 hplaptop kernel: [137220.546312]  [<ffffffff8158efba>] do_page_fault+0x12a/0x350
Mar 16 02:36:08 hplaptop kernel: [137220.546316]  [<ffffffff8158bb35>] page_fault+0x25/0x30
Mar 16 02:36:08 hplaptop kernel: [137220.546318] Mem-Info:
Mar 16 02:36:08 hplaptop kernel: [137220.546319] Node 0 DMA per-cpu:
Mar 16 02:36:08 hplaptop kernel: [137220.546322] CPU    0: hi:    0, btch:   1 usd:   0
Mar 16 02:36:08 hplaptop kernel: [137220.546324] CPU    1: hi:    0, btch:   1 usd:   0
Mar 16 02:36:08 hplaptop kernel: [137220.546326] CPU    2: hi:    0, btch:   1 usd:   0
Mar 16 02:36:08 hplaptop kernel: [137220.546328] CPU    3: hi:    0, btch:   1 usd:   0
Mar 16 02:36:08 hplaptop kernel: [137220.546329] Node 0 DMA32 per-cpu:
Mar 16 02:36:08 hplaptop kernel: [137220.546332] CPU    0: hi:  186, btch:  31 usd:  21
Mar 16 02:36:08 hplaptop kernel: [137220.546333] CPU    1: hi:  186, btch:  31 usd:   0
Mar 16 02:36:08 hplaptop kernel: [137220.546335] CPU    2: hi:  186, btch:  31 usd:  18
Mar 16 02:36:08 hplaptop kernel: [137220.546337] CPU    3: hi:  186, btch:  31 usd:  30
Mar 16 02:36:08 hplaptop kernel: [137220.546339] Node 0 Normal per-cpu:
Mar 16 02:36:08 hplaptop kernel: [137220.546341] CPU    0: hi:  186, btch:  31 usd:  21
Mar 16 02:36:08 hplaptop kernel: [137220.546343] CPU    1: hi:  186, btch:  31 usd:  45
Mar 16 02:36:08 hplaptop kernel: [137220.546345] CPU    2: hi:  186, btch:  31 usd:  49
Mar 16 02:36:08 hplaptop kernel: [137220.546347] CPU    3: hi:  186, btch:  31 usd:   7
Mar 16 02:36:08 hplaptop kernel: [137220.546351] active_anon:660476 inactive_anon:218942 isolated_anon:0
Mar 16 02:36:08 hplaptop kernel: [137220.546352]  active_file:71 inactive_file:71 isolated_file:64
Mar 16 02:36:08 hplaptop kernel: [137220.546353]  unevictable:4 dirty:0 writeback:735 unstable:0
Mar 16 02:36:08 hplaptop kernel: [137220.546354]  free:7139 slab_reclaimable:4278 slab_unreclaimable:6751
Mar 16 02:36:08 hplaptop kernel: [137220.546355]  mapped:7972 shmem:273 pagetables:11439 bounce:0
Mar 16 02:36:08 hplaptop kernel: [137220.546358] Node 0 DMA free:15476kB min:28kB low:32kB high:40kB active_anon:56kB inactive_anon:248kB active_file:0kB inactive_file:0kB unevictable:0kB isolated(anon):0kB isolated(file):0kB present:15708kB mlocked:0kB dirty:0kB writeback:24kB mapped:0kB shmem:0kB slab_reclaimable:0kB slab_unreclaimable:48kB kernel_stack:0kB pagetables:0kB unstable:0kB bounce:0kB writeback_tmp:0kB pages_scanned:0 all_unreclaimable? yes
Mar 16 02:36:08 hplaptop kernel: [137220.546367] lowmem_reserve[]: 0 2983 3867 3867
Mar 16 02:36:08 hplaptop kernel: [137220.546371] Node 0 DMA32 free:10640kB min:6128kB low:7660kB high:9192kB active_anon:2355812kB inactive_anon:589184kB active_file:32kB inactive_file:0kB unevictable:16kB isolated(anon):0kB isolated(file):0kB present:3055596kB mlocked:16kB dirty:0kB writeback:0kB mapped:14168kB shmem:624kB slab_reclaimable:4656kB slab_unreclaimable:8132kB kernel_stack:360kB pagetables:18536kB unstable:0kB bounce:0kB writeback_tmp:0kB pages_scanned:307 all_unreclaimable? no
Mar 16 02:36:08 hplaptop kernel: [137220.546381] lowmem_reserve[]: 0 0 883 883
Mar 16 02:36:08 hplaptop kernel: [137220.546384] Node 0 Normal free:2440kB min:1812kB low:2264kB high:2716kB active_anon:286036kB inactive_anon:286336kB active_file:252kB inactive_file:436kB unevictable:0kB isolated(anon):0kB isolated(file):0kB present:904960kB mlocked:0kB dirty:0kB writeback:2948kB mapped:17720kB shmem:468kB slab_reclaimable:12456kB slab_unreclaimable:18824kB kernel_stack:2464kB pagetables:27220kB unstable:0kB bounce:0kB writeback_tmp:0kB pages_scanned:3425 all_unreclaimable? no
Mar 16 02:36:08 hplaptop kernel: [137220.546394] lowmem_reserve[]: 0 0 0 0
Mar 16 02:36:08 hplaptop kernel: [137220.546397] Node 0 DMA: 3*4kB 2*8kB 3*16kB 2*32kB 2*64kB 1*128kB 1*256kB 1*512kB 2*1024kB 2*2048kB 2*4096kB = 15500kB
Mar 16 02:36:08 hplaptop kernel: [137220.546406] Node 0 DMA32: 1375*4kB 85*8kB 17*16kB 1*32kB 1*64kB 1*128kB 1*256kB 1*512kB 1*1024kB 1*2048kB 0*4096kB = 10516kB
Mar 16 02:36:08 hplaptop kernel: [137220.546414] Node 0 Normal: 236*4kB 25*8kB 5*16kB 4*32kB 3*64kB 1*128kB 1*256kB 1*512kB 0*1024kB 0*2048kB 0*4096kB = 2440kB
Mar 16 02:36:08 hplaptop kernel: [137220.546423] 14274 total pagecache pages
Mar 16 02:36:08 hplaptop kernel: [137220.546425] 13717 pages in swap cache
Mar 16 02:36:08 hplaptop kernel: [137220.546427] Swap cache stats: add 4685019, delete 4671302, find 529909/653388
Mar 16 02:36:08 hplaptop kernel: [137220.546428] Free swap  = 0kB
Mar 16 02:36:08 hplaptop kernel: [137220.546430] Total swap = 9022460kB
Mar 16 02:36:08 hplaptop kernel: [137220.557922] 1015792 pages RAM
Mar 16 02:36:08 hplaptop kernel: [137220.557925] 71386 pages reserved
Mar 16 02:36:08 hplaptop kernel: [137220.557926] 692 pages shared
Mar 16 02:36:08 hplaptop kernel: [137220.557927] 936297 pages non-shared
Mar 16 02:36:08 hplaptop kernel: [137220.557930] Out of memory: kill process 28050 (bash) score 1541949 or a child
Mar 16 02:36:08 hplaptop kernel: [137220.557934] Killed process 28112 (workflow.cgi) vsz:12294184kB, anon-rss:3410480kB, file-rss:20kB
Mar 16 02:37:14 hplaptop kernel: Kernel logging (proc) stopped.
Mar 16 02:38:57 hplaptop kernel: imklog 4.2.0, log source = /proc/kmsg started.
Mar 16 02:38:57 hplaptop kernel: [    0.000000] Initializing cgroup subsys cpuset
Mar 16 02:38:57 hplaptop kernel: [    0.000000] Initializing cgroup subsys cpu
Mar 16 02:38:57 hplaptop kernel: [    0.000000] Linux version 2.6.35-28-generic (buildd@allspice) (gcc version 4.4.5 (Ubuntu/Linaro 4.4.4-14ubuntu5) ) #49-Ubuntu SMP Tue Mar 1 14:39:03 UTC 2011 (Ubuntu 2.6.35-28.49-generic 2.6.35.11)
Mar 16 02:38:57 hplaptop kernel: [    0.000000] Command line: BOOT_IMAGE=/boot/vmlinuz-2.6.35-28-generic root=UUID=3d6699d4-1c0c-4ed4-a2ad-b8874aee13bf ro quiet splash
Mar 16 02:38:57 hplaptop kernel: [    0.000000] BIOS-provided physical RAM map:
Mar 16 02:38:57 hplaptop kernel: [    0.000000]  BIOS-e820: 0000000000000000 - 000000000009fc00 (usable)
Mar 16 02:38:57 hplaptop kernel: [    0.000000]  BIOS-e820: 000000000009fc00 - 00000000000a0000 (reserved)
Mar 16 02:38:57 hplaptop kernel: [    0.000000]  BIOS-e820: 00000000000e0000 - 0000000000100000 (reserved)
Mar 16 02:38:57 hplaptop kernel: [    0.000000]  BIOS-e820: 0000000000100000 - 00000000befc2000 (usable)
Mar 16 02:38:57 hplaptop kernel: [    0.000000]  BIOS-e820: 00000000befc2000 - 00000000bf6c2000 (reserved)
Mar 16 02:38:57 hplaptop kernel: [    0.000000]  BIOS-e820: 00000000bf6c2000 - 00000000bf7c2000 (ACPI NVS)
Mar 16 02:38:57 hplaptop kernel: [    0.000000]  BIOS-e820: 00000000bf7c2000 - 00000000bf7ff000 (ACPI data)
Mar 16 02:38:57 hplaptop kernel: [    0.000000]  BIOS-e820: 00000000bf7ff000 - 00000000bf800000 (usable)
Mar 16 02:38:57 hplaptop kernel: [    0.000000]  BIOS-e820: 00000000bf800000 - 00000000c0000000 (reserved)
Mar 16 02:38:57 hplaptop kernel: [    0.000000]  BIOS-e820: 00000000e0000000 - 00000000f0000000 (reserved)
Mar 16 02:38:57 hplaptop kernel: [    0.000000]  BIOS-e820: 00000000fec00000 - 00000000fec01000 (reserved)
Mar 16 02:38:57 hplaptop kernel: [    0.000000]  BIOS-e820: 00000000fed10000 - 00000000fed14000 (reserved)
Mar 16 02:38:57 hplaptop kernel: [    0.000000]  BIOS-e820: 00000000fed19000 - 00000000fed1a000 (reserved)
Mar 16 02:38:57 hplaptop kernel: [    0.000000]  BIOS-e820: 00000000fed1b000 - 00000000fed20000 (reserved)
Mar 16 02:38:57 hplaptop kernel: [    0.000000]  BIOS-e820: 00000000fee00000 - 00000000fee01000 (reserved)
Mar 16 02:38:57 hplaptop kernel: [    0.000000]  BIOS-e820: 00000000ffd00000 - 0000000100000000 (reserved)
Mar 16 02:38:57 hplaptop kernel: [    0.000000]  BIOS-e820: 0000000100000000 - 0000000138000000 (usable)
Mar 16 02:38:57 hplaptop kernel: [    0.000000] NX (Execute Disable) protection: active
Mar 16 02:38:57 hplaptop kernel: [    0.000000] DMI 2.6 present.
Mar 16 02:38:57 hplaptop kernel: [    0.000000] e820 update range: 0000000000000000 - 0000000000001000 (usable) ==> (reserved)
Mar 16 02:38:57 hplaptop kernel: [    0.000000] e820 remove range: 00000000000a0000 - 0000000000100000 (usable)
Mar 16 02:38:57 hplaptop kernel: [    0.000000] No AGP bridge found
Mar 16 02:38:57 hplaptop kernel: [    0.000000] last_pfn = 0x138000 max_arch_pfn = 0x400000000
Mar 16 02:38:57 hplaptop kernel: [    0.000000] MTRR default type: uncachable
Mar 16 02:38:57 hplaptop kernel: [    0.000000] MTRR fixed ranges enabled:
Mar 16 02:38:57 hplaptop kernel: [    0.000000]   00000-9FFFF write-back
Mar 16 02:38:57 hplaptop kernel: [    0.000000]   A0000-BFFFF uncachable
Mar 16 02:38:57 hplaptop kernel: [    0.000000]   C0000-FFFFF write-protect
Mar 16 02:38:57 hplaptop kernel: [    0.000000] MTRR variable ranges enabled:
Mar 16 02:38:57 hplaptop kernel: [    0.000000]   0 base 0FFC00000 mask FFFC00000 write-protect
Mar 16 02:38:57 hplaptop kernel: [    0.000000]   1 base 000000000 mask F80000000 write-back
Mar 16 02:38:57 hplaptop kernel: [    0.000000]   2 base 080000000 mask FC0000000 write-back
Mar 16 02:38:57 hplaptop kernel: [    0.000000]   3 base 100000000 mask FC0000000 write-back
Mar 16 02:38:57 hplaptop kernel: [    0.000000]   4 base 138000000 mask FF8000000 uncachable
Mar 16 02:38:57 hplaptop kernel: [    0.000000]   5 disabled
Mar 16 02:38:57 hplaptop kernel: [    0.000000]   6 disabled
Mar 16 02:38:57 hplaptop kernel: [    0.000000]   7 disabled
Mar 16 02:38:57 hplaptop kernel: [    0.000000] x86 PAT enabled: cpu 0, old 0x7040600070406, new 0x7010600070106
Mar 16 02:38:57 hplaptop kernel: [    0.000000] last_pfn = 0xbf800 max_arch_pfn = 0x400000000
Mar 16 02:38:57 hplaptop kernel: [    0.000000] e820 update range: 0000000000001000 - 0000000000010000 (usable) ==> (reserved)
Mar 16 02:38:57 hplaptop kernel: [    0.000000] Scanning 1 areas for low memory corruption
Mar 16 02:38:57 hplaptop kernel: [    0.000000] modified physical RAM map:
Mar 16 02:38:57 hplaptop kernel: [    0.000000]  modified: 0000000000000000 - 0000000000010000 (reserved)
Mar 16 02:38:57 hplaptop kernel: [    0.000000]  modified: 0000000000010000 - 000000000009fc00 (usable)
Mar 16 02:38:57 hplaptop kernel: [    0.000000]  modified: 000000000009fc00 - 00000000000a0000 (reserved)
Mar 16 02:38:57 hplaptop kernel: [    0.000000]  modified: 00000000000e0000 - 0000000000100000 (reserved)
Mar 16 02:38:57 hplaptop kernel: [    0.000000]  modified: 0000000000100000 - 00000000befc2000 (usable)
Mar 16 02:38:57 hplaptop kernel: [    0.000000]  modified: 00000000befc2000 - 00000000bf6c2000 (reserved)
Mar 16 02:38:57 hplaptop kernel: [    0.000000]  modified: 00000000bf6c2000 - 00000000bf7c2000 (ACPI NVS)
Mar 16 02:38:57 hplaptop kernel: [    0.000000]  modified: 00000000bf7c2000 - 00000000bf7ff000 (ACPI data)
Mar 16 02:38:57 hplaptop kernel: [    0.000000]  modified: 00000000bf7ff000 - 00000000bf800000 (usable)
Mar 16 02:38:57 hplaptop kernel: [    0.000000]  modified: 00000000bf800000 - 00000000c0000000 (reserved)
Mar 16 02:38:57 hplaptop kernel: [    0.000000]  modified: 00000000e0000000 - 00000000f0000000 (reserved)
Mar 16 02:38:57 hplaptop kernel: [    0.000000]  modified: 00000000fec00000 - 00000000fec01000 (reserved)
Mar 16 02:38:57 hplaptop kernel: [    0.000000]  modified: 00000000fed10000 - 00000000fed14000 (reserved)
Mar 16 02:38:57 hplaptop kernel: [    0.000000]  modified: 00000000fed19000 - 00000000fed1a000 (reserved)
Mar 16 02:38:57 hplaptop kernel: [    0.000000]  modified: 00000000fed1b000 - 00000000fed20000 (reserved)
Mar 16 02:38:57 hplaptop kernel: [    0.000000]  modified: 00000000fee00000 - 00000000fee01000 (reserved)
Mar 16 02:38:57 hplaptop kernel: [    0.000000]  modified: 00000000ffd00000 - 0000000100000000 (reserved)
Mar 16 02:38:57 hplaptop kernel: [    0.000000]  modified: 0000000100000000 - 0000000138000000 (usable)
Mar 16 02:38:57 hplaptop kernel: [    0.000000] initial memory mapped : 0 - 20000000
Mar 16 02:38:57 hplaptop kernel: [    0.000000] init_memory_mapping: 0000000000000000-00000000bf800000
Mar 16 02:38:57 hplaptop kernel: [    0.000000]  0000000000 - 00bf800000 page 2M
Mar 16 02:38:57 hplaptop kernel: [    0.000000] kernel direct mapping tables up to bf800000 @ 16000-1a000
Mar 16 02:38:57 hplaptop kernel: [    0.000000] init_memory_mapping: 0000000100000000-0000000138000000
Mar 16 02:38:57 hplaptop kernel: [    0.000000]  0100000000 - 0138000000 page 2M
Mar 16 02:38:57 hplaptop kernel: [    0.000000] kernel direct mapping tables up to 138000000 @ 18000-1e000
Mar 16 02:38:57 hplaptop kernel: [    0.000000] RAMDISK: 3756f000 - 37ff0000
Mar 16 02:38:57 hplaptop kernel: [    0.000000] ACPI: RSDP 00000000000fddc0 00024 (v02 HPQOEM)
Mar 16 02:38:57 hplaptop kernel: [    0.000000] ACPI: XSDT 00000000bf7fe120 00094 (v01 HPQOEM SLIC-MPC 0000000F      01000013)
Mar 16 02:38:57 hplaptop kernel: [    0.000000] ACPI: FACP 00000000bf7fc000 000F4 (v03 HPQOEM 1521     0000000F HP   00000001)
Mar 16 02:38:57 hplaptop kernel: [    0.000000] ACPI: DSDT 00000000bf7da000 1C77F (v02 HPQOEM 1521     00000001 INTL 20060912)
Mar 16 02:38:57 hplaptop kernel: [    0.000000] ACPI: FACS 00000000bf760000 00040
Mar 16 02:38:57 hplaptop kernel: [    0.000000] ACPI: HPET 00000000bf7fb000 00038 (v01 HPQOEM 1521     00000001 HP   00000001)
Mar 16 02:38:57 hplaptop kernel: [    0.000000] ACPI: APIC 00000000bf7fa000 000BC (v01 HPQOEM 1521     00000001 HP   00000001)
Mar 16 02:38:57 hplaptop kernel: [    0.000000] ACPI: MCFG 00000000bf7f9000 0003C (v01 HPQOEM 1521     00000001 HP   00000001)
Mar 16 02:38:57 hplaptop kernel: [    0.000000] ACPI: TCPA 00000000bf7f7000 00032 (v02 HPQOEM 1521     00000000 HP   00000001)
Mar 16 02:38:57 hplaptop kernel: [    0.000000] ACPI: SSDT 00000000bf7d9000 0064F (v01 HPQOEM  SataPri 00001000 INTL 20060912)
Mar 16 02:38:57 hplaptop kernel: [    0.000000] ACPI: SSDT 00000000bf7d8000 00692 (v01 HPQOEM  SataSec 00001000 INTL 20060912)
Mar 16 02:38:57 hplaptop kernel: [    0.000000] ACPI: SSDT 00000000bf7d6000 00314 (v01 HPQOEM PtidDevc 00001000 INTL 20060912)
Mar 16 02:38:57 hplaptop kernel: [    0.000000] ACPI: SLIC 00000000bf7d5000 00176 (v01 HPQOEM SLIC-MPC 00000001 HP   00000001)
Mar 16 02:38:57 hplaptop kernel: [    0.000000] ACPI: SSDT 00000000bf7d4000 00A02 (v01 HPQOEM   ATIGFX 00000001 INTL 20060912)
Mar 16 02:38:57 hplaptop kernel: [    0.000000] ACPI: SSDT 00000000bf7d0000 00A10 (v01  PmRef    CpuPm 00003000 INTL 20060912)
Mar 16 02:38:57 hplaptop kernel: [    0.000000] ACPI: SSDT 00000000bf7cf000 00288 (v01  PmRef  Cpu0Tst 00003000 INTL 20060912)
Mar 16 02:38:57 hplaptop kernel: [    0.000000] ACPI: SSDT 00000000bf7ce000 00225 (v01  PmRef    ApTst 00003000 INTL 20060912)
Mar 16 02:38:57 hplaptop kernel: [    0.000000] ACPI: ASF! 00000000bf7f8000 000A0 (v32 HPQOEM 1521     00000001 HP   00000001)
Mar 16 02:38:57 hplaptop kernel: [    0.000000] ACPI: Local APIC address 0xfee00000
Mar 16 02:38:57 hplaptop kernel: [    0.000000] No NUMA configuration found
Mar 16 02:38:57 hplaptop kernel: [    0.000000] Faking a node at 0000000000000000-0000000138000000
Mar 16 02:38:57 hplaptop kernel: [    0.000000] Initmem setup node 0 0000000000000000-0000000138000000
Mar 16 02:38:57 hplaptop kernel: [    0.000000]   NODE_DATA [0000000100000000 - 0000000100004fff]
Mar 16 02:38:57 hplaptop kernel: [    0.000000]  [ffffea0000000000-ffffea00045fffff] PMD -> [ffff880100200000-ffff8801039fffff] on node 0
Mar 16 02:38:57 hplaptop kernel: [    0.000000] Zone PFN ranges:
Mar 16 02:38:57 hplaptop kernel: [    0.000000]   DMA      0x00000010 -> 0x00001000
Mar 16 02:38:57 hplaptop kernel: [    0.000000]   DMA32    0x00001000 -> 0x00100000
Mar 16 02:38:57 hplaptop kernel: [    0.000000]   Normal   0x00100000 -> 0x00138000
Mar 16 02:38:57 hplaptop kernel: [    0.000000] Movable zone start PFN for each node
Mar 16 02:38:57 hplaptop kernel: [    0.000000] early_node_map[4] active PFN ranges
Mar 16 02:38:57 hplaptop kernel: [    0.000000]     0: 0x00000010 -> 0x0000009f
Mar 16 02:38:57 hplaptop kernel: [    0.000000]     0: 0x00000100 -> 0x000befc2
Mar 16 02:38:57 hplaptop kernel: [    0.000000]     0: 0x000bf7ff -> 0x000bf800
Mar 16 02:38:57 hplaptop kernel: [    0.000000]     0: 0x00100000 -> 0x00138000
Mar 16 02:38:57 hplaptop kernel: [    0.000000] On node 0 totalpages: 1011538
Mar 16 02:38:57 hplaptop kernel: [    0.000000]   DMA zone: 56 pages used for memmap
Mar 16 02:38:57 hplaptop kernel: [    0.000000]   DMA zone: 0 pages reserved
Mar 16 02:38:57 hplaptop kernel: [    0.000000]   DMA zone: 3927 pages, LIFO batch:0
Mar 16 02:38:57 hplaptop kernel: [    0.000000]   DMA32 zone: 14280 pages used for memmap
Mar 16 02:38:57 hplaptop kernel: [    0.000000]   DMA32 zone: 763899 pages, LIFO batch:31
Mar 16 02:38:57 hplaptop kernel: [    0.000000]   Normal zone: 3136 pages used for memmap
Mar 16 02:38:57 hplaptop kernel: [    0.000000]   Normal zone: 226240 pages, LIFO batch:31
Mar 16 02:38:57 hplaptop kernel: [    0.000000] ACPI: PM-Timer IO Port: 0x408
Mar 16 02:38:57 hplaptop kernel: [    0.000000] ACPI: Local APIC address 0xfee00000
Mar 16 02:38:57 hplaptop kernel: [    0.000000] ACPI: LAPIC (acpi_id[0x00] lapic_id[0x00] enabled)
Mar 16 02:38:57 hplaptop kernel: [    0.000000] ACPI: LAPIC (acpi_id[0x01] lapic_id[0x01] enabled)
Mar 16 02:38:57 hplaptop kernel: [    0.000000] ACPI: LAPIC (acpi_id[0x02] lapic_id[0x04] enabled)
Mar 16 02:38:57 hplaptop kernel: [    0.000000] ACPI: LAPIC (acpi_id[0x03] lapic_id[0x05] enabled)
Mar 16 02:38:57 hplaptop kernel: [    0.000000] ACPI: LAPIC (acpi_id[0x04] lapic_id[0x00] disabled)
Mar 16 02:38:57 hplaptop kernel: [    0.000000] ACPI: LAPIC (acpi_id[0x05] lapic_id[0x00] disabled)
Mar 16 02:38:57 hplaptop kernel: [    0.000000] ACPI: LAPIC (acpi_id[0x06] lapic_id[0x00] disabled)
Mar 16 02:38:57 hplaptop kernel: [    0.000000] ACPI: LAPIC (acpi_id[0x07] lapic_id[0x00] disabled)
Mar 16 02:38:57 hplaptop kernel: [    0.000000] ACPI: LAPIC_NMI (acpi_id[0x00] high edge lint[0x1])
Mar 16 02:38:57 hplaptop kernel: [    0.000000] ACPI: LAPIC_NMI (acpi_id[0x01] high edge lint[0x1])
Mar 16 02:38:57 hplaptop kernel: [    0.000000] ACPI: LAPIC_NMI (acpi_id[0x02] high edge lint[0x1])
Mar 16 02:38:57 hplaptop kernel: [    0.000000] ACPI: LAPIC_NMI (acpi_id[0x03] high edge lint[0x1])
Mar 16 02:38:57 hplaptop kernel: [    0.000000] ACPI: LAPIC_NMI (acpi_id[0x04] high edge lint[0x1])
Mar 16 02:38:57 hplaptop kernel: [    0.000000] ACPI: LAPIC_NMI (acpi_id[0x05] high edge lint[0x1])
Mar 16 02:38:57 hplaptop kernel: [    0.000000] ACPI: LAPIC_NMI (acpi_id[0x06] high edge lint[0x1])
Mar 16 02:38:57 hplaptop kernel: [    0.000000] ACPI: LAPIC_NMI (acpi_id[0x07] high edge lint[0x1])
Mar 16 02:38:57 hplaptop kernel: [    0.000000] ACPI: IOAPIC (id[0x01] address[0xfec00000] gsi_base[0])
Mar 16 02:38:57 hplaptop kernel: [    0.000000] IOAPIC[0]: apic_id 1, version 32, address 0xfec00000, GSI 0-23
Mar 16 02:38:57 hplaptop kernel: [    0.000000] ACPI: INT_SRC_OVR (bus 0 bus_irq 0 global_irq 2 dfl dfl)
Mar 16 02:38:57 hplaptop kernel: [    0.000000] ACPI: INT_SRC_OVR (bus 0 bus_irq 9 global_irq 9 high level)
Mar 16 02:38:57 hplaptop kernel: [    0.000000] ACPI: IRQ0 used by override.
Mar 16 02:38:57 hplaptop kernel: [    0.000000] ACPI: IRQ2 used by override.
Mar 16 02:38:57 hplaptop kernel: [    0.000000] ACPI: IRQ9 used by override.
Mar 16 02:38:57 hplaptop kernel: [    0.000000] Using ACPI (MADT) for SMP configuration information
Mar 16 02:38:57 hplaptop kernel: [    0.000000] ACPI: HPET id: 0x8086a201 base: 0xfed00000
Mar 16 02:38:57 hplaptop kernel: [    0.000000] SMP: Allowing 8 CPUs, 4 hotplug CPUs
Mar 16 02:38:57 hplaptop kernel: [    0.000000] nr_irqs_gsi: 40
Mar 16 02:38:57 hplaptop kernel: [    0.000000] early_res array is doubled to 64 at [19000 - 197ff]
Mar 16 02:38:57 hplaptop kernel: [    0.000000] PM: Registered nosave memory: 000000000009f000 - 00000000000a0000
Mar 16 02:38:57 hplaptop kernel: [    0.000000] PM: Registered nosave memory: 00000000000a0000 - 00000000000e0000
Mar 16 02:38:57 hplaptop kernel: [    0.000000] PM: Registered nosave memory: 00000000000e0000 - 0000000000100000
Mar 16 02:38:57 hplaptop kernel: [    0.000000] PM: Registered nosave memory: 00000000befc2000 - 00000000bf6c2000
Mar 16 02:38:57 hplaptop kernel: [    0.000000] PM: Registered nosave memory: 00000000bf6c2000 - 00000000bf7c2000
Mar 16 02:38:57 hplaptop kernel: [    0.000000] PM: Registered nosave memory: 00000000bf7c2000 - 00000000bf7ff000
Mar 16 02:38:57 hplaptop kernel: [    0.000000] PM: Registered nosave memory: 00000000bf800000 - 00000000c0000000
Mar 16 02:38:57 hplaptop kernel: [    0.000000] PM: Registered nosave memory: 00000000c0000000 - 00000000e0000000
Mar 16 02:38:57 hplaptop kernel: [    0.000000] PM: Registered nosave memory: 00000000e0000000 - 00000000f0000000
Mar 16 02:38:57 hplaptop kernel: [    0.000000] PM: Registered nosave memory: 00000000f0000000 - 00000000fec00000
Mar 16 02:38:57 hplaptop kernel: [    0.000000] PM: Registered nosave memory: 00000000fec00000 - 00000000fec01000
Mar 16 02:38:57 hplaptop kernel: [    0.000000] PM: Registered nosave memory: 00000000fec01000 - 00000000fed10000
Mar 16 02:38:57 hplaptop kernel: [    0.000000] PM: Registered nosave memory: 00000000fed10000 - 00000000fed14000
Mar 16 02:38:57 hplaptop kernel: [    0.000000] PM: Registered nosave memory: 00000000fed14000 - 00000000fed19000
Mar 16 02:38:57 hplaptop kernel: [    0.000000] PM: Registered nosave memory: 00000000fed19000 - 00000000fed1a000
Mar 16 02:38:57 hplaptop kernel: [    0.000000] PM: Registered nosave memory: 00000000fed1a000 - 00000000fed1b000
Mar 16 02:38:57 hplaptop kernel: [    0.000000] PM: Registered nosave memory: 00000000fed1b000 - 00000000fed20000
Mar 16 02:38:57 hplaptop kernel: [    0.000000] PM: Registered nosave memory: 00000000fed20000 - 00000000fee00000
Mar 16 02:38:57 hplaptop kernel: [    0.000000] PM: Registered nosave memory: 00000000fee00000 - 00000000fee01000
Mar 16 02:38:57 hplaptop kernel: [    0.000000] PM: Registered nosave memory: 00000000fee01000 - 00000000ffd00000
Mar 16 02:38:57 hplaptop kernel: [    0.000000] PM: Registered nosave memory: 00000000ffd00000 - 0000000100000000
Mar 16 02:38:57 hplaptop kernel: [    0.000000] Allocating PCI resources starting at c0000000 (gap: c0000000:20000000)
Mar 16 02:38:57 hplaptop kernel: [    0.000000] Booting paravirtualized kernel on bare hardware
Mar 16 02:38:57 hplaptop kernel: [    0.000000] setup_percpu: NR_CPUS:64 nr_cpumask_bits:64 nr_cpu_ids:8 nr_node_ids:1
Mar 16 02:38:57 hplaptop kernel: [    0.000000] PERCPU: Embedded 30 pages/cpu @ffff880001e00000 s91520 r8192 d23168 u262144
Mar 16 02:38:57 hplaptop kernel: [    0.000000] early_res array is doubled to 128 at [19800 - 1a7ff]
Mar 16 02:38:57 hplaptop kernel: [    0.000000] pcpu-alloc: s91520 r8192 d23168 u262144 alloc=1*2097152
Mar 16 02:38:57 hplaptop kernel: [    0.000000] pcpu-alloc: [0] 0 1 2 3 4 5 6 7 
Mar 16 02:38:57 hplaptop kernel: [    0.000000] Built 1 zonelists in Node order, mobility grouping on.  Total pages: 994066
Mar 16 02:38:57 hplaptop kernel: [    0.000000] Policy zone: Normal
Mar 16 02:38:57 hplaptop kernel: [    0.000000] Kernel command line: BOOT_IMAGE=/boot/vmlinuz-2.6.35-28-generic root=UUID=3d6699d4-1c0c-4ed4-a2ad-b8874aee13bf ro quiet splash
Mar 16 02:38:57 hplaptop kernel: [    0.000000] PID hash table entries: 4096 (order: 3, 32768 bytes)
Mar 16 02:38:57 hplaptop kernel: [    0.000000] Checking aperture...
Mar 16 02:38:57 hplaptop kernel: [    0.000000] No AGP bridge found
Mar 16 02:38:57 hplaptop kernel: [    0.000000] Calgary: detecting Calgary via BIOS EBDA area
Mar 16 02:38:57 hplaptop kernel: [    0.000000] Calgary: Unable to locate Rio Grande table in EBDA - bailing!
Mar 16 02:38:57 hplaptop kernel: [    0.000000] Subtract (64 early reservations)
Mar 16 02:38:57 hplaptop kernel: [    0.000000]   #1 [0001000000 - 0001d18114]   TEXT DATA BSS
Mar 16 02:38:57 hplaptop kernel: [    0.000000]   #2 [003756f000 - 0037ff0000]         RAMDISK
Mar 16 02:38:57 hplaptop kernel: [    0.000000]   #3 [000009fc00 - 0000100000]   BIOS reserved
Mar 16 02:38:57 hplaptop kernel: [    0.000000]   #4 [0001d19000 - 0001d19229]             BRK
Mar 16 02:38:57 hplaptop kernel: [    0.000000]   #5 [0000010000 - 0000012000]      TRAMPOLINE
Mar 16 02:38:57 hplaptop kernel: [    0.000000]   #6 [0000012000 - 0000016000]     ACPI WAKEUP
Mar 16 02:38:57 hplaptop kernel: [    0.000000]   #7 [0000016000 - 0000018000]         PGTABLE
Mar 16 02:38:57 hplaptop kernel: [    0.000000]   #8 [0000018000 - 0000019000]         PGTABLE
Mar 16 02:38:57 hplaptop kernel: [    0.000000]   #9 [0100000000 - 0100005000]       NODE_DATA
Mar 16 02:38:57 hplaptop kernel: [    0.000000]   #10 [0001d19240 - 0001d1a240]         BOOTMEM
Mar 16 02:38:57 hplaptop kernel: [    0.000000]   #11 [0001d18140 - 0001d18428]         BOOTMEM
Mar 16 02:38:57 hplaptop kernel: [    0.000000]   #12 [0100005000 - 0100006000]         BOOTMEM
Mar 16 02:38:57 hplaptop kernel: [    0.000000]   #13 [0100006000 - 0100007000]         BOOTMEM
Mar 16 02:38:57 hplaptop kernel: [    0.000000]   #14 [0100200000 - 0103a00000]        MEMMAP 0
Mar 16 02:38:57 hplaptop kernel: [    0.000000]   #15 [0001d18440 - 0001d185c0]         BOOTMEM
Mar 16 02:38:57 hplaptop kernel: [    0.000000]   #16 [0001d1a240 - 0001d32240]         BOOTMEM
Mar 16 02:38:57 hplaptop kernel: [    0.000000]   #17 [0001d32240 - 0001d38240]         BOOTMEM
Mar 16 02:38:57 hplaptop kernel: [    0.000000]   #18 [0001d39000 - 0001d3a000]         BOOTMEM
Mar 16 02:38:57 hplaptop kernel: [    0.000000]   #19 [0001d185c0 - 0001d18601]         BOOTMEM
Mar 16 02:38:57 hplaptop kernel: [    0.000000]   #20 [0001d18640 - 0001d18683]         BOOTMEM
Mar 16 02:38:57 hplaptop kernel: [    0.000000]   #21 [0001d186c0 - 0001d18ab0]         BOOTMEM
Mar 16 02:38:57 hplaptop kernel: [    0.000000]   #22 [0001d18ac0 - 0001d18b28]         BOOTMEM
Mar 16 02:38:57 hplaptop kernel: [    0.000000]   #23 [0001d18b40 - 0001d18ba8]         BOOTMEM
Mar 16 02:38:57 hplaptop kernel: [    0.000000]   #24 [0001d18bc0 - 0001d18c28]         BOOTMEM
Mar 16 02:38:57 hplaptop kernel: [    0.000000]   #25 [0001d18c40 - 0001d18ca8]         BOOTMEM
Mar 16 02:38:57 hplaptop kernel: [    0.000000]   #26 [0001d18cc0 - 0001d18d28]         BOOTMEM
Mar 16 02:38:57 hplaptop kernel: [    0.000000]   #27 [0001d18d40 - 0001d18da8]         BOOTMEM
Mar 16 02:38:57 hplaptop kernel: [    0.000000]   #28 [0001d18dc0 - 0001d18e28]         BOOTMEM
Mar 16 02:38:57 hplaptop kernel: [    0.000000]   #29 [0001d18e40 - 0001d18ea8]         BOOTMEM
Mar 16 02:38:57 hplaptop kernel: [    0.000000]   #30 [0001d18ec0 - 0001d18f28]         BOOTMEM
Mar 16 02:38:57 hplaptop kernel: [    0.000000]   #31 [0001d18f40 - 0001d18fa8]         BOOTMEM
Mar 16 02:38:57 hplaptop kernel: [    0.000000]   #32 [0001d38240 - 0001d382a8]         BOOTMEM
Mar 16 02:38:57 hplaptop kernel: [    0.000000]   #33 [0001d382c0 - 0001d38328]         BOOTMEM
Mar 16 02:38:57 hplaptop kernel: [    0.000000]   #34 [0001d38340 - 0001d383a8]         BOOTMEM
Mar 16 02:38:57 hplaptop kernel: [    0.000000]   #35 [0001d383c0 - 0001d38428]         BOOTMEM
Mar 16 02:38:57 hplaptop kernel: [    0.000000]   #36 [0001d38440 - 0001d384a8]         BOOTMEM
Mar 16 02:38:57 hplaptop kernel: [    0.000000]   #37 [0001d384c0 - 0001d38528]         BOOTMEM
Mar 16 02:38:57 hplaptop kernel: [    0.000000]   #38 [0001d38540 - 0001d385a8]         BOOTMEM
Mar 16 02:38:57 hplaptop kernel: [    0.000000]   #39 [0001d18fc0 - 0001d18fe0]         BOOTMEM
Mar 16 02:38:57 hplaptop kernel: [    0.000000]   #40 [0001d385c0 - 0001d385e0]         BOOTMEM
Mar 16 02:38:57 hplaptop kernel: [    0.000000]   #41 [0001d38600 - 0001d38620]         BOOTMEM
Mar 16 02:38:57 hplaptop kernel: [    0.000000]   #42 [0001d38640 - 0001d386aa]         BOOTMEM
Mar 16 02:38:57 hplaptop kernel: [    0.000000]   #43 [0001d386c0 - 0001d3872a]         BOOTMEM
Mar 16 02:38:57 hplaptop kernel: [    0.000000]   #44 [0001e00000 - 0001e1e000]         BOOTMEM
Mar 16 02:38:57 hplaptop kernel: [    0.000000]   #45 [0001e40000 - 0001e5e000]         BOOTMEM
Mar 16 02:38:57 hplaptop kernel: [    0.000000]   #46 [0001e80000 - 0001e9e000]         BOOTMEM
Mar 16 02:38:57 hplaptop kernel: [    0.000000]   #47 [0001ec0000 - 0001ede000]         BOOTMEM
Mar 16 02:38:57 hplaptop kernel: [    0.000000]   #48 [0001f00000 - 0001f1e000]         BOOTMEM
Mar 16 02:38:57 hplaptop kernel: [    0.000000]   #49 [0001f40000 - 0001f5e000]         BOOTMEM
Mar 16 02:38:57 hplaptop kernel: [    0.000000]   #50 [0001f80000 - 0001f9e000]         BOOTMEM
Mar 16 02:38:57 hplaptop kernel: [    0.000000]   #51 [0001fc0000 - 0001fde000]         BOOTMEM
Mar 16 02:38:57 hplaptop kernel: [    0.000000]   #52 [0001d38740 - 0001d38748]         BOOTMEM
Mar 16 02:38:57 hplaptop kernel: [    0.000000]   #53 [0001d38780 - 0001d38788]         BOOTMEM
Mar 16 02:38:57 hplaptop kernel: [    0.000000]   #54 [0001d387c0 - 0001d387e0]         BOOTMEM
Mar 16 02:38:57 hplaptop kernel: [    0.000000]   #55 [0001d38800 - 0001d38840]         BOOTMEM
Mar 16 02:38:57 hplaptop kernel: [    0.000000]   #56 [0001d38840 - 0001d38960]         BOOTMEM
Mar 16 02:38:57 hplaptop kernel: [    0.000000]   #57 [0001d38980 - 0001d389c8]         BOOTMEM
Mar 16 02:38:57 hplaptop kernel: [    0.000000]   #58 [0001d38a00 - 0001d38a48]         BOOTMEM
Mar 16 02:38:57 hplaptop kernel: [    0.000000]   #59 [0001d3a000 - 0001d42000]         BOOTMEM
Mar 16 02:38:57 hplaptop kernel: [    0.000000]   #60 [0001fde000 - 0005fde000]         BOOTMEM
Mar 16 02:38:57 hplaptop kernel: [    0.000000]   #61 [0001d42000 - 0001d62000]         BOOTMEM
Mar 16 02:38:57 hplaptop kernel: [    0.000000]   #62 [0001d62000 - 0001da2000]         BOOTMEM
Mar 16 02:38:57 hplaptop kernel: [    0.000000]   #63 [000001a800 - 0000022800]         BOOTMEM
Mar 16 02:38:57 hplaptop kernel: [    0.000000] Memory: 3897496k/5111808k available (5716k kernel code, 1065656k absent, 148656k reserved, 5375k data, 912k init)
Mar 16 02:38:57 hplaptop kernel: [    0.000000] SLUB: Genslabs=14, HWalign=64, Order=0-3, MinObjects=0, CPUs=8, Nodes=1
Mar 16 02:38:57 hplaptop kernel: [    0.000000] Hierarchical RCU implementation.
Mar 16 02:38:57 hplaptop kernel: [    0.000000] 	RCU dyntick-idle grace-period acceleration is enabled.
Mar 16 02:38:57 hplaptop kernel: [    0.000000] 	RCU-based detection of stalled CPUs is disabled.
Mar 16 02:38:57 hplaptop kernel: [    0.000000] 	Verbose stalled-CPUs detection is disabled.
Mar 16 02:38:57 hplaptop kernel: [    0.000000] NR_IRQS:4352 nr_irqs:744
Mar 16 02:38:57 hplaptop kernel: [    0.000000] Extended CMOS year: 2000
Mar 16 02:38:57 hplaptop kernel: [    0.000000] Console: colour VGA+ 80x25
Mar 16 02:38:57 hplaptop kernel: [    0.000000] console [tty0] enabled
Mar 16 02:38:57 hplaptop kernel: [    0.000000] allocated 40632320 bytes of page_cgroup
Mar 16 02:38:57 hplaptop kernel: [    0.000000] please try 'cgroup_disable=memory' option if you don't want memory cgroups
Mar 16 02:38:57 hplaptop kernel: [    0.000000] hpet clockevent registered
Mar 16 02:38:57 hplaptop kernel: [    0.000000] Fast TSC calibration using PIT
Mar 16 02:38:57 hplaptop kernel: [    0.010000] Detected 2659.934 MHz processor.
Mar 16 02:38:57 hplaptop kernel: [    0.000008] Calibrating delay loop (skipped), value calculated using timer frequency.. 5319.86 BogoMIPS (lpj=26599340)
Mar 16 02:38:57 hplaptop kernel: [    0.000011] pid_max: default: 32768 minimum: 301
Mar 16 02:38:57 hplaptop kernel: [    0.000030] Security Framework initialized
Mar 16 02:38:57 hplaptop kernel: [    0.000045] AppArmor: AppArmor initialized
Mar 16 02:38:57 hplaptop kernel: [    0.000046] Yama: becoming mindful.
Mar 16 02:38:57 hplaptop kernel: [    0.000381] Dentry cache hash table entries: 524288 (order: 10, 4194304 bytes)
Mar 16 02:38:57 hplaptop kernel: [    0.001680] Inode-cache hash table entries: 262144 (order: 9, 2097152 bytes)
Mar 16 02:38:57 hplaptop kernel: [    0.002247] Mount-cache hash table entries: 256
Mar 16 02:38:57 hplaptop kernel: [    0.002354] Initializing cgroup subsys ns
Mar 16 02:38:57 hplaptop kernel: [    0.002357] Initializing cgroup subsys cpuacct
Mar 16 02:38:57 hplaptop kernel: [    0.002360] Initializing cgroup subsys memory
Mar 16 02:38:57 hplaptop kernel: [    0.002367] Initializing cgroup subsys devices
Mar 16 02:38:57 hplaptop kernel: [    0.002369] Initializing cgroup subsys freezer
Mar 16 02:38:57 hplaptop kernel: [    0.002371] Initializing cgroup subsys net_cls
Mar 16 02:38:57 hplaptop kernel: [    0.002390] CPU: Physical Processor ID: 0
Mar 16 02:38:57 hplaptop kernel: [    0.002391] CPU: Processor Core ID: 0
Mar 16 02:38:57 hplaptop kernel: [    0.002396] mce: CPU supports 9 MCE banks
Mar 16 02:38:57 hplaptop kernel: [    0.002406] CPU0: Thermal monitoring enabled (TM1)
Mar 16 02:38:57 hplaptop kernel: [    0.002412] using mwait in idle threads.
Mar 16 02:38:57 hplaptop kernel: [    0.002414] Performance Events: PEBS fmt1+, Westmere events, Intel PMU driver.
Mar 16 02:38:57 hplaptop kernel: [    0.002420] ... version:                3
Mar 16 02:38:57 hplaptop kernel: [    0.002421] ... bit width:              48
Mar 16 02:38:57 hplaptop kernel: [    0.002422] ... generic registers:      4
Mar 16 02:38:57 hplaptop kernel: [    0.002423] ... value mask:             0000ffffffffffff
Mar 16 02:38:57 hplaptop kernel: [    0.002424] ... max period:             000000007fffffff
Mar 16 02:38:57 hplaptop kernel: [    0.002425] ... fixed-purpose events:   3
Mar 16 02:38:57 hplaptop kernel: [    0.002426] ... event mask:             000000070000000f
Mar 16 02:38:57 hplaptop kernel: [    0.004148] ACPI: Core revision 20100428
Mar 16 02:38:57 hplaptop kernel: [    0.049051] ftrace: converting mcount calls to 0f 1f 44 00 00
Mar 16 02:38:57 hplaptop kernel: [    0.049055] ftrace: allocating 22688 entries in 89 pages
Mar 16 02:38:57 hplaptop kernel: [    0.055105] Setting APIC routing to flat
Mar 16 02:38:57 hplaptop kernel: [    0.055511] ..TIMER: vector=0x30 apic1=0 pin1=2 apic2=-1 pin2=-1
Mar 16 02:38:57 hplaptop kernel: [    0.155266] CPU0: Intel(R) Core(TM) i5 CPU       M 560  @ 2.67GHz stepping 05
Mar 16 02:38:57 hplaptop kernel: [    0.272856] Booting Node   0, Processors  #1 #2 #3
Mar 16 02:38:57 hplaptop kernel: [    0.811545] Brought up 4 CPUs
Mar 16 02:38:57 hplaptop kernel: [    0.811549] Total of 4 processors activated (21279.77 BogoMIPS).
Mar 16 02:38:57 hplaptop kernel: [    0.813093] devtmpfs: initialized
Mar 16 02:38:57 hplaptop kernel: [    0.813882] regulator: core version 0.5
Mar 16 02:38:57 hplaptop kernel: [    0.813910] Time:  6:38:45  Date: 03/16/11
Mar 16 02:38:57 hplaptop kernel: [    0.813935] NET: Registered protocol family 16
Mar 16 02:38:57 hplaptop kernel: [    0.814015] Trying to unpack rootfs image as initramfs...
Mar 16 02:38:57 hplaptop kernel: [    0.814022] ACPI FADT declares the system doesn't support PCIe ASPM, so disable it
Mar 16 02:38:57 hplaptop kernel: [    0.814024] ACPI: bus type pci registered
Mar 16 02:38:57 hplaptop kernel: [    0.814090] PCI: MMCONFIG for domain 0000 [bus 00-ff] at [mem 0xe0000000-0xefffffff] (base 0xe0000000)
Mar 16 02:38:57 hplaptop kernel: [    0.814092] PCI: MMCONFIG at [mem 0xe0000000-0xefffffff] reserved in E820
Mar 16 02:38:57 hplaptop kernel: [    0.842322] PCI: Using configuration type 1 for base access
Mar 16 02:38:57 hplaptop kernel: [    0.842931] bio: create slab <bio-0> at 0
Mar 16 02:38:57 hplaptop kernel: [    0.844675] ACPI: EC: Look up EC in DSDT
Mar 16 02:38:57 hplaptop kernel: [    0.867580] ACPI: BIOS _OSI(Linux) query ignored
Mar 16 02:38:57 hplaptop kernel: [    0.878031] ACPI: SSDT 00000000bf6bba18 0047D (v01  PmRef  Cpu0Ist 00003000 INTL 20060912)
Mar 16 02:38:57 hplaptop kernel: [    0.878483] ACPI: Dynamic OEM Table Load:
Mar 16 02:38:57 hplaptop kernel: [    0.878485] ACPI: SSDT (null) 0047D (v01  PmRef  Cpu0Ist 00003000 INTL 20060912)
Mar 16 02:38:57 hplaptop kernel: [    0.878863] ACPI: SSDT 00000000bf6b9018 008AA (v01  PmRef  Cpu0Cst 00003001 INTL 20060912)
Mar 16 02:38:57 hplaptop kernel: [    0.879292] ACPI: Dynamic OEM Table Load:
Mar 16 02:38:57 hplaptop kernel: [    0.879294] ACPI: SSDT (null) 008AA (v01  PmRef  Cpu0Cst 00003001 INTL 20060912)
Mar 16 02:38:57 hplaptop kernel: [    0.879823] ACPI: SSDT 00000000bf6baa98 00303 (v01  PmRef    ApIst 00003000 INTL 20060912)
Mar 16 02:38:57 hplaptop kernel: [    0.880308] ACPI: Dynamic OEM Table Load:
Mar 16 02:38:57 hplaptop kernel: [    0.880310] ACPI: SSDT (null) 00303 (v01  PmRef    ApIst 00003000 INTL 20060912)
Mar 16 02:38:57 hplaptop kernel: [    0.880484] ACPI: SSDT 00000000bf6b8d98 00119 (v01  PmRef    ApCst 00003000 INTL 20060912)
Mar 16 02:38:57 hplaptop kernel: [    0.880939] ACPI: Dynamic OEM Table Load:
Mar 16 02:38:57 hplaptop kernel: [    0.880941] ACPI: SSDT (null) 00119 (v01  PmRef    ApCst 00003000 INTL 20060912)
Mar 16 02:38:57 hplaptop kernel: [    0.991518] Freeing initrd memory: 10756k freed
Mar 16 02:38:57 hplaptop kernel: [    1.308581] ACPI: Interpreter enabled
Mar 16 02:38:57 hplaptop kernel: [    1.308586] ACPI: (supports S0 S3 S4 S5)
Mar 16 02:38:57 hplaptop kernel: [    1.308609] ACPI: Using IOAPIC for interrupt routing
Mar 16 02:38:57 hplaptop kernel: [    1.318311] ACPI: EC: GPE = 0x16, I/O: command/status = 0x66, data = 0x62
Mar 16 02:38:57 hplaptop kernel: [    1.318371] ACPI: Power Resource [APPR] (off)
Mar 16 02:38:57 hplaptop kernel: [    1.318541] ACPI: Power Resource [LPP] (on)
Mar 16 02:38:57 hplaptop kernel: [    1.318930] ACPI: No dock devices found.
Mar 16 02:38:57 hplaptop kernel: [    1.318932] PCI: Using host bridge windows from ACPI; if necessary, use "pci=nocrs" and report a bug
Mar 16 02:38:57 hplaptop kernel: [    1.320313] ACPI: PCI Root Bridge [PCI0] (domain 0000 [bus 00-fe])
Mar 16 02:38:57 hplaptop kernel: [    1.321710] pci_root PNP0A08:00: host bridge window [io  0x0000-0x0cf7]
Mar 16 02:38:57 hplaptop kernel: [    1.321712] pci_root PNP0A08:00: host bridge window [io  0x0d00-0xffff]
Mar 16 02:38:57 hplaptop kernel: [    1.321714] pci_root PNP0A08:00: host bridge window [mem 0x000a0000-0x000bffff]
Mar 16 02:38:57 hplaptop kernel: [    1.321716] pci_root PNP0A08:00: host bridge window [mem 0xc0000000-0xdfffffff]
Mar 16 02:38:57 hplaptop kernel: [    1.321718] pci_root PNP0A08:00: host bridge window [mem 0xf0000000-0xfedfffff]
Mar 16 02:38:57 hplaptop kernel: [    1.321720] pci_root PNP0A08:00: host bridge window [mem 0xfee01000-0xffffffff]
Mar 16 02:38:57 hplaptop kernel: [    1.321775] pci 0000:00:01.0: PME# supported from D0 D3hot D3cold
Mar 16 02:38:57 hplaptop kernel: [    1.321777] pci 0000:00:01.0: PME# disabled
Mar 16 02:38:57 hplaptop kernel: [    1.321844] pci 0000:00:16.0: reg 10: [mem 0xd4524000-0xd452400f 64bit]
Mar 16 02:38:57 hplaptop kernel: [    1.321902] pci 0000:00:16.0: PME# supported from D0 D3hot D3cold
Mar 16 02:38:57 hplaptop kernel: [    1.321907] pci 0000:00:16.0: PME# disabled
Mar 16 02:38:57 hplaptop kernel: [    1.321948] pci 0000:00:16.3: reg 10: [io  0x6080-0x6087]
Mar 16 02:38:57 hplaptop kernel: [    1.321955] pci 0000:00:16.3: reg 14: [mem 0xd452a000-0xd452afff]
Mar 16 02:38:57 hplaptop kernel: [    1.322064] pci 0000:00:19.0: reg 10: [mem 0xd4500000-0xd451ffff]
Mar 16 02:38:57 hplaptop kernel: [    1.322071] pci 0000:00:19.0: reg 14: [mem 0xd4529000-0xd4529fff]
Mar 16 02:38:57 hplaptop kernel: [    1.322078] pci 0000:00:19.0: reg 18: [io  0x6000-0x601f]
Mar 16 02:38:57 hplaptop kernel: [    1.322129] pci 0000:00:19.0: PME# supported from D0 D3hot D3cold
Mar 16 02:38:57 hplaptop kernel: [    1.322132] pci 0000:00:19.0: PME# disabled
Mar 16 02:38:57 hplaptop kernel: [    1.322180] pci 0000:00:1a.0: reg 10: [mem 0xd4528000-0xd45283ff]
Mar 16 02:38:57 hplaptop kernel: [    1.322243] pci 0000:00:1a.0: PME# supported from D0 D3hot D3cold
Mar 16 02:38:57 hplaptop kernel: [    1.322247] pci 0000:00:1a.0: PME# disabled
Mar 16 02:38:57 hplaptop kernel: [    1.322289] pci 0000:00:1b.0: reg 10: [mem 0xd4520000-0xd4523fff 64bit]
Mar 16 02:38:57 hplaptop kernel: [    1.322347] pci 0000:00:1b.0: PME# supported from D0 D3hot D3cold
Mar 16 02:38:57 hplaptop kernel: [    1.322351] pci 0000:00:1b.0: PME# disabled
Mar 16 02:38:57 hplaptop kernel: [    1.322440] pci 0000:00:1c.0: PME# supported from D0 D3hot D3cold
Mar 16 02:38:57 hplaptop kernel: [    1.322444] pci 0000:00:1c.0: PME# disabled
Mar 16 02:38:57 hplaptop kernel: [    1.322536] pci 0000:00:1c.1: PME# supported from D0 D3hot D3cold
Mar 16 02:38:57 hplaptop kernel: [    1.322540] pci 0000:00:1c.1: PME# disabled
Mar 16 02:38:57 hplaptop kernel: [    1.322632] pci 0000:00:1c.3: PME# supported from D0 D3hot D3cold
Mar 16 02:38:57 hplaptop kernel: [    1.322636] pci 0000:00:1c.3: PME# disabled
Mar 16 02:38:57 hplaptop kernel: [    1.322729] pci 0000:00:1c.7: PME# supported from D0 D3hot D3cold
Mar 16 02:38:57 hplaptop kernel: [    1.322733] pci 0000:00:1c.7: PME# disabled
Mar 16 02:38:57 hplaptop kernel: [    1.322783] pci 0000:00:1d.0: reg 10: [mem 0xd4527000-0xd45273ff]
Mar 16 02:38:57 hplaptop kernel: [    1.322847] pci 0000:00:1d.0: PME# supported from D0 D3hot D3cold
Mar 16 02:38:57 hplaptop kernel: [    1.322851] pci 0000:00:1d.0: PME# disabled
Mar 16 02:38:57 hplaptop kernel: [    1.323032] pci 0000:00:1f.2: reg 10: [io  0x6078-0x607f]
Mar 16 02:38:57 hplaptop kernel: [    1.323039] pci 0000:00:1f.2: reg 14: [io  0x6094-0x6097]
Mar 16 02:38:57 hplaptop kernel: [    1.323045] pci 0000:00:1f.2: reg 18: [io  0x6070-0x6077]
Mar 16 02:38:57 hplaptop kernel: [    1.323052] pci 0000:00:1f.2: reg 1c: [io  0x6090-0x6093]
Mar 16 02:38:57 hplaptop kernel: [    1.323059] pci 0000:00:1f.2: reg 20: [io  0x6050-0x605f]
Mar 16 02:38:57 hplaptop kernel: [    1.323065] pci 0000:00:1f.2: reg 24: [io  0x6040-0x604f]
Mar 16 02:38:57 hplaptop kernel: [    1.323135] pci 0000:00:1f.5: reg 10: [io  0x6068-0x606f]
Mar 16 02:38:57 hplaptop kernel: [    1.323142] pci 0000:00:1f.5: reg 14: [io  0x608c-0x608f]
Mar 16 02:38:57 hplaptop kernel: [    1.323148] pci 0000:00:1f.5: reg 18: [io  0x6060-0x6067]
Mar 16 02:38:57 hplaptop kernel: [    1.323155] pci 0000:00:1f.5: reg 1c: [io  0x6088-0x608b]
Mar 16 02:38:57 hplaptop kernel: [    1.323162] pci 0000:00:1f.5: reg 20: [io  0x6030-0x603f]
Mar 16 02:38:57 hplaptop kernel: [    1.323168] pci 0000:00:1f.5: reg 24: [io  0x6020-0x602f]
Mar 16 02:38:57 hplaptop kernel: [    1.323242] pci 0000:00:1f.6: reg 10: [mem 0xd4526000-0xd4526fff 64bit]
Mar 16 02:38:57 hplaptop kernel: [    1.323339] pci 0000:01:00.0: reg 10: [mem 0xc0000000-0xcfffffff 64bit pref]
Mar 16 02:38:57 hplaptop kernel: [    1.323347] pci 0000:01:00.0: reg 18: [mem 0xd4400000-0xd441ffff 64bit]
Mar 16 02:38:57 hplaptop kernel: [    1.323351] pci 0000:01:00.0: reg 20: [io  0x5000-0x50ff]
Mar 16 02:38:57 hplaptop kernel: [    1.323358] pci 0000:01:00.0: reg 30: [mem 0xfffe0000-0xffffffff pref]
Mar 16 02:38:57 hplaptop kernel: [    1.323375] pci 0000:01:00.0: supports D1 D2
Mar 16 02:38:57 hplaptop kernel: [    1.323401] pci 0000:01:00.1: reg 10: [mem 0xd4420000-0xd4423fff 64bit]
Mar 16 02:38:57 hplaptop kernel: [    1.323430] pci 0000:01:00.1: supports D1 D2
Mar 16 02:38:57 hplaptop kernel: [    1.323446] pci 0000:00:01.0: PCI bridge to [bus 01-01]
Mar 16 02:38:57 hplaptop kernel: [    1.323449] pci 0000:00:01.0:   bridge window [io  0x5000-0x5fff]
Mar 16 02:38:57 hplaptop kernel: [    1.323451] pci 0000:00:01.0:   bridge window [mem 0xd4400000-0xd44fffff]
Mar 16 02:38:57 hplaptop kernel: [    1.323454] pci 0000:00:01.0:   bridge window [mem 0xc0000000-0xcfffffff 64bit pref]
Mar 16 02:38:57 hplaptop kernel: [    1.323507] pci 0000:00:1c.0: PCI bridge to [bus 02-02]
Mar 16 02:38:57 hplaptop kernel: [    1.323511] pci 0000:00:1c.0:   bridge window [io  0xf000-0x0000] (disabled)
Mar 16 02:38:57 hplaptop kernel: [    1.323515] pci 0000:00:1c.0:   bridge window [mem 0xd4300000-0xd43fffff]
Mar 16 02:38:57 hplaptop kernel: [    1.323522] pci 0000:00:1c.0:   bridge window [mem 0xfff00000-0x000fffff pref] (disabled)
Mar 16 02:38:57 hplaptop kernel: [    1.323577] pci 0000:00:1c.1: PCI bridge to [bus 03-43]
Mar 16 02:38:57 hplaptop kernel: [    1.323581] pci 0000:00:1c.1:   bridge window [io  0x3000-0x4fff]
Mar 16 02:38:57 hplaptop kernel: [    1.323585] pci 0000:00:1c.1:   bridge window [mem 0xd0300000-0xd42fffff]
Mar 16 02:38:57 hplaptop kernel: [    1.323592] pci 0000:00:1c.1:   bridge window [mem 0xfff00000-0x000fffff pref] (disabled)
Mar 16 02:38:57 hplaptop kernel: [    1.323704] pci 0000:44:00.0: reg 10: [mem 0xd0200000-0xd0201fff 64bit]
Mar 16 02:38:57 hplaptop kernel: [    1.323812] pci 0000:44:00.0: PME# supported from D0 D3hot D3cold
Mar 16 02:38:57 hplaptop kernel: [    1.323818] pci 0000:44:00.0: PME# disabled
Mar 16 02:38:57 hplaptop kernel: [    1.323853] pci 0000:00:1c.3: PCI bridge to [bus 44-44]
Mar 16 02:38:57 hplaptop kernel: [    1.323858] pci 0000:00:1c.3:   bridge window [io  0xf000-0x0000] (disabled)
Mar 16 02:38:57 hplaptop kernel: [    1.323862] pci 0000:00:1c.3:   bridge window [mem 0xd0200000-0xd02fffff]
Mar 16 02:38:57 hplaptop kernel: [    1.323869] pci 0000:00:1c.3:   bridge window [mem 0xfff00000-0x000fffff pref] (disabled)
Mar 16 02:38:57 hplaptop kernel: [    1.323976] pci 0000:45:00.0: reg 10: [mem 0xd0100000-0xd0101fff 64bit]
Mar 16 02:38:57 hplaptop kernel: [    1.324074] pci 0000:45:00.0: PME# supported from D0 D3hot
Mar 16 02:38:57 hplaptop kernel: [    1.324080] pci 0000:45:00.0: PME# disabled
Mar 16 02:38:57 hplaptop kernel: [    1.324118] pci 0000:00:1c.7: PCI bridge to [bus 45-45]
Mar 16 02:38:57 hplaptop kernel: [    1.324122] pci 0000:00:1c.7:   bridge window [io  0xf000-0x0000] (disabled)
Mar 16 02:38:57 hplaptop kernel: [    1.324126] pci 0000:00:1c.7:   bridge window [mem 0xd0100000-0xd01fffff]
Mar 16 02:38:57 hplaptop kernel: [    1.324134] pci 0000:00:1c.7:   bridge window [mem 0xfff00000-0x000fffff pref] (disabled)
Mar 16 02:38:57 hplaptop kernel: [    1.324194] pci 0000:46:06.0: proprietary Ricoh MMC controller disabled (via firewire function)
Mar 16 02:38:57 hplaptop kernel: [    1.324195] pci 0000:46:06.0: MMC cards are now supported by standard SDHCI controller
Mar 16 02:38:57 hplaptop kernel: [    1.324205] pci 0000:46:06.0: reg 10: [mem 0xd0001000-0xd00017ff]
Mar 16 02:38:57 hplaptop kernel: [    1.324257] pci 0000:46:06.0: supports D1 D2
Mar 16 02:38:57 hplaptop kernel: [    1.324258] pci 0000:46:06.0: PME# supported from D0 D1 D2 D3hot D3cold
Mar 16 02:38:57 hplaptop kernel: [    1.324263] pci 0000:46:06.0: PME# disabled
Mar 16 02:38:57 hplaptop kernel: [    1.324294] pci 0000:46:06.1: reg 10: [mem 0xd0005000-0xd00050ff]
Mar 16 02:38:57 hplaptop kernel: [    1.324345] pci 0000:46:06.1: supports D1 D2
Mar 16 02:38:57 hplaptop kernel: [    1.324346] pci 0000:46:06.1: PME# supported from D0 D1 D2 D3hot D3cold
Mar 16 02:38:57 hplaptop kernel: [    1.324351] pci 0000:46:06.1: PME# disabled
Mar 16 02:38:57 hplaptop kernel: [    1.324381] pci 0000:46:06.2: reg 10: [mem 0xd0003000-0xd00030ff]
Mar 16 02:38:57 hplaptop kernel: [    1.324432] pci 0000:46:06.2: supports D1 D2
Mar 16 02:38:57 hplaptop kernel: [    1.324434] pci 0000:46:06.2: PME# supported from D0 D1 D2 D3hot D3cold
Mar 16 02:38:57 hplaptop kernel: [    1.324438] pci 0000:46:06.2: PME# disabled
Mar 16 02:38:57 hplaptop kernel: [    1.324470] pci 0000:46:06.3: reg 10: [mem 0xd0002000-0xd00020ff]
Mar 16 02:38:57 hplaptop kernel: [    1.324521] pci 0000:46:06.3: supports D1 D2
Mar 16 02:38:57 hplaptop kernel: [    1.324522] pci 0000:46:06.3: PME# supported from D0 D1 D2 D3hot D3cold
Mar 16 02:38:57 hplaptop kernel: [    1.324526] pci 0000:46:06.3: PME# disabled
Mar 16 02:38:57 hplaptop kernel: [    1.324558] pci 0000:46:06.4: reg 10: [mem 0xd0000000-0xd0000fff]
Mar 16 02:38:57 hplaptop kernel: [    1.324578] pci 0000:46:06.4: supports D1 D2
Mar 16 02:38:57 hplaptop kernel: [    1.324580] pci 0000:46:06.4: PME# supported from D0 D1 D2 D3hot D3cold
Mar 16 02:38:57 hplaptop kernel: [    1.324584] pci 0000:46:06.4: PME# disabled
Mar 16 02:38:57 hplaptop kernel: [    1.324628] pci 0000:00:1e.0: PCI bridge to [bus 46-47] (subtractive decode)
Mar 16 02:38:57 hplaptop kernel: [    1.324632] pci 0000:00:1e.0:   bridge window [io  0x2000-0x2fff]
Mar 16 02:38:57 hplaptop kernel: [    1.324637] pci 0000:00:1e.0:   bridge window [mem 0xd0000000-0xd00fffff]
Mar 16 02:38:57 hplaptop kernel: [    1.324643] pci 0000:00:1e.0:   bridge window [mem 0xfff00000-0x000fffff pref] (disabled)
Mar 16 02:38:57 hplaptop kernel: [    1.324645] pci 0000:00:1e.0:   bridge window [io  0x0000-0x0cf7] (subtractive decode)
Mar 16 02:38:57 hplaptop kernel: [    1.324647] pci 0000:00:1e.0:   bridge window [io  0x0d00-0xffff] (subtractive decode)
Mar 16 02:38:57 hplaptop kernel: [    1.324648] pci 0000:00:1e.0:   bridge window [mem 0x000a0000-0x000bffff] (subtractive decode)
Mar 16 02:38:57 hplaptop kernel: [    1.324650] pci 0000:00:1e.0:   bridge window [mem 0xc0000000-0xdfffffff] (subtractive decode)
Mar 16 02:38:57 hplaptop kernel: [    1.324652] pci 0000:00:1e.0:   bridge window [mem 0xf0000000-0xfedfffff] (subtractive decode)
Mar 16 02:38:57 hplaptop kernel: [    1.324653] pci 0000:00:1e.0:   bridge window [mem 0xfee01000-0xffffffff] (subtractive decode)
Mar 16 02:38:57 hplaptop kernel: [    1.324692] pci_bus 0000:47: [bus 47-4a] partially hidden behind transparent bridge 0000:46 [bus 46-47]
Mar 16 02:38:57 hplaptop kernel: [    1.324729] ACPI: PCI Interrupt Routing Table [\_SB_.PCI0._PRT]
Mar 16 02:38:57 hplaptop kernel: [    1.325017] ACPI: PCI Interrupt Routing Table [\_SB_.PCI0.PEGP._PRT]
Mar 16 02:38:57 hplaptop kernel: [    1.325125] ACPI: PCI Interrupt Routing Table [\_SB_.PCI0.PCIB._PRT]
Mar 16 02:38:57 hplaptop kernel: [    1.325231] ACPI: PCI Interrupt Routing Table [\_SB_.PCI0.RP01._PRT]
Mar 16 02:38:57 hplaptop kernel: [    1.325303] ACPI: PCI Interrupt Routing Table [\_SB_.PCI0.RP02._PRT]
Mar 16 02:38:57 hplaptop kernel: [    1.325435] ACPI: PCI Interrupt Routing Table [\_SB_.PCI0.RP04._PRT]
Mar 16 02:38:57 hplaptop kernel: [    1.325515] ACPI: PCI Interrupt Routing Table [\_SB_.PCI0.RP08._PRT]
Mar 16 02:38:57 hplaptop kernel: [    1.342521] ACPI: PCI Root Bridge [CPBG] (domain 0000 [bus ff])
Mar 16 02:38:57 hplaptop kernel: [    1.342944] ACPI: PCI Interrupt Link [LNKA] (IRQs 1 3 4 5 6 7 *10 12 14 15)
Mar 16 02:38:57 hplaptop kernel: [    1.343065] ACPI: PCI Interrupt Link [LNKB] (IRQs 1 3 4 *5 6 7 11 12 14 15)
Mar 16 02:38:57 hplaptop kernel: [    1.343184] ACPI: PCI Interrupt Link [LNKC] (IRQs 1 3 4 5 6 7 10 12 14 15) *11
Mar 16 02:38:57 hplaptop kernel: [    1.343302] ACPI: PCI Interrupt Link [LNKD] (IRQs 1 3 4 5 6 7 11 12 14 15) *10
Mar 16 02:38:57 hplaptop kernel: [    1.343421] ACPI: PCI Interrupt Link [LNKE] (IRQs 1 3 4 5 6 7 *10 12 14 15)
Mar 16 02:38:57 hplaptop kernel: [    1.343538] ACPI: PCI Interrupt Link [LNKF] (IRQs 1 3 4 5 6 7 11 12 14 15) *10
Mar 16 02:38:57 hplaptop kernel: [    1.343656] ACPI: PCI Interrupt Link [LNKG] (IRQs 1 3 4 5 6 7 10 12 14 15) *0, disabled.
Mar 16 02:38:57 hplaptop kernel: [    1.343774] ACPI: PCI Interrupt Link [LNKH] (IRQs 1 3 4 5 6 7 11 12 14 15) *0, disabled.
Mar 16 02:38:57 hplaptop kernel: [    1.343830] HEST: Table is not found!
Mar 16 02:38:57 hplaptop kernel: [    1.343898] vgaarb: device added: PCI:0000:01:00.0,decodes=io+mem,owns=io+mem,locks=none
Mar 16 02:38:57 hplaptop kernel: [    1.343903] vgaarb: loaded
Mar 16 02:38:57 hplaptop kernel: [    1.344005] SCSI subsystem initialized
Mar 16 02:38:57 hplaptop kernel: [    1.344093] libata version 3.00 loaded.
Mar 16 02:38:57 hplaptop kernel: [    1.344146] usbcore: registered new interface driver usbfs
Mar 16 02:38:57 hplaptop kernel: [    1.344154] usbcore: registered new interface driver hub
Mar 16 02:38:57 hplaptop kernel: [    1.344173] usbcore: registered new device driver usb
Mar 16 02:38:57 hplaptop kernel: [    1.344429] ACPI: WMI: Mapper loaded
Mar 16 02:38:57 hplaptop kernel: [    1.344431] PCI: Using ACPI for IRQ routing
Mar 16 02:38:57 hplaptop kernel: [    1.344433] PCI: pci_cache_line_size set to 64 bytes
Mar 16 02:38:57 hplaptop kernel: [    1.344540] reserve RAM buffer: 000000000009fc00 - 000000000009ffff 
Mar 16 02:38:57 hplaptop kernel: [    1.344542] reserve RAM buffer: 00000000befc2000 - 00000000bfffffff 
Mar 16 02:38:57 hplaptop kernel: [    1.344544] reserve RAM buffer: 00000000bf800000 - 00000000bfffffff 
Mar 16 02:38:57 hplaptop kernel: [    1.344617] NetLabel: Initializing
Mar 16 02:38:57 hplaptop kernel: [    1.344618] NetLabel:  domain hash size = 128
Mar 16 02:38:57 hplaptop kernel: [    1.344619] NetLabel:  protocols = UNLABELED CIPSOv4
Mar 16 02:38:57 hplaptop kernel: [    1.344628] NetLabel:  unlabeled traffic allowed by default
Mar 16 02:38:57 hplaptop kernel: [    1.344664] hpet0: at MMIO 0xfed00000, IRQs 2, 8, 0, 0, 0, 0, 0, 0
Mar 16 02:38:57 hplaptop kernel: [    1.344668] hpet0: 8 comparators, 64-bit 14.318180 MHz counter
Mar 16 02:38:57 hplaptop kernel: [    1.346683] Switching to clocksource tsc
Mar 16 02:38:57 hplaptop kernel: [    1.352861] AppArmor: AppArmor Filesystem Enabled
Mar 16 02:38:57 hplaptop kernel: [    1.352877] pnp: PnP ACPI init
Mar 16 02:38:57 hplaptop kernel: [    1.352893] ACPI: bus type pnp registered
Mar 16 02:38:57 hplaptop kernel: [    1.356659]   alloc irq_desc for 23 on node 0
Mar 16 02:38:57 hplaptop kernel: [    1.356660]   alloc kstat_irqs on node 0
Mar 16 02:38:57 hplaptop kernel: [    1.357591] pnp: PnP ACPI: found 14 devices
Mar 16 02:38:57 hplaptop kernel: [    1.357593] ACPI: ACPI bus type pnp unregistered
Mar 16 02:38:57 hplaptop kernel: [    1.357602] system 00:01: [mem 0xfed1c000-0xfed1ffff] has been reserved
Mar 16 02:38:57 hplaptop kernel: [    1.357604] system 00:01: [mem 0xfed10000-0xfed13fff] has been reserved
Mar 16 02:38:57 hplaptop kernel: [    1.357606] system 00:01: [mem 0xfed1b000-0xfed1bfff] has been reserved
Mar 16 02:38:57 hplaptop kernel: [    1.357608] system 00:01: [mem 0xfed19000-0xfed19fff] has been reserved
Mar 16 02:38:57 hplaptop kernel: [    1.357610] system 00:01: [mem 0xd4600000-0xd4600fff] has been reserved
Mar 16 02:38:57 hplaptop kernel: [    1.357611] system 00:01: [mem 0xe0000000-0xefffffff] has been reserved
Mar 16 02:38:57 hplaptop kernel: [    1.357613] system 00:01: [mem 0xfed20000-0xfed3ffff] has been reserved
Mar 16 02:38:57 hplaptop kernel: [    1.357615] system 00:01: [mem 0xfed45000-0xfed8ffff] has been reserved
Mar 16 02:38:57 hplaptop kernel: [    1.357617] system 00:01: [mem 0xfec00000-0xfec00fff] could not be reserved
Mar 16 02:38:57 hplaptop kernel: [    1.357626] system 00:07: [io  0x0200-0x027f] has been reserved
Mar 16 02:38:57 hplaptop kernel: [    1.357628] system 00:07: [io  0x1000-0x100f] has been reserved
Mar 16 02:38:57 hplaptop kernel: [    1.357630] system 00:07: [io  0xffff] has been reserved
Mar 16 02:38:57 hplaptop kernel: [    1.357631] system 00:07: [io  0xffff] has been reserved
Mar 16 02:38:57 hplaptop kernel: [    1.357633] system 00:07: [io  0x0400-0x047f] has been reserved
Mar 16 02:38:57 hplaptop kernel: [    1.357634] system 00:07: [io  0x0500-0x057f] has been reserved
Mar 16 02:38:57 hplaptop kernel: [    1.357636] system 00:07: [io  0xef80-0xef9f] has been reserved
Mar 16 02:38:57 hplaptop kernel: [    1.363045] pci 0000:01:00.0: no compatible bridge window for [mem 0xfffe0000-0xffffffff pref]
Mar 16 02:38:57 hplaptop kernel: [    1.363111] pci 0000:00:1e.0: BAR 15: assigned [mem 0xd8000000-0xdbffffff pref]
Mar 16 02:38:57 hplaptop kernel: [    1.363114] pci 0000:00:1c.1: BAR 15: assigned [mem 0xd4700000-0xd48fffff 64bit pref]
Mar 16 02:38:57 hplaptop kernel: [    1.363116] pci 0000:01:00.0: BAR 6: assigned [mem 0xd4440000-0xd445ffff pref]
Mar 16 02:38:57 hplaptop kernel: [    1.363118] pci 0000:00:01.0: PCI bridge to [bus 01-01]
Mar 16 02:38:57 hplaptop kernel: [    1.363120] pci 0000:00:01.0:   bridge window [io  0x5000-0x5fff]
Mar 16 02:38:57 hplaptop kernel: [    1.363123] pci 0000:00:01.0:   bridge window [mem 0xd4400000-0xd44fffff]
Mar 16 02:38:57 hplaptop kernel: [    1.363125] pci 0000:00:01.0:   bridge window [mem 0xc0000000-0xcfffffff 64bit pref]
Mar 16 02:38:57 hplaptop kernel: [    1.363128] pci 0000:00:1c.0: PCI bridge to [bus 02-02]
Mar 16 02:38:57 hplaptop kernel: [    1.363129] pci 0000:00:1c.0:   bridge window [io  disabled]
Mar 16 02:38:57 hplaptop kernel: [    1.363135] pci 0000:00:1c.0:   bridge window [mem 0xd4300000-0xd43fffff]
Mar 16 02:38:57 hplaptop kernel: [    1.363139] pci 0000:00:1c.0:   bridge window [mem pref disabled]
Mar 16 02:38:57 hplaptop kernel: [    1.363146] pci 0000:00:1c.1: PCI bridge to [bus 03-43]
Mar 16 02:38:57 hplaptop kernel: [    1.363149] pci 0000:00:1c.1:   bridge window [io  0x3000-0x4fff]
Mar 16 02:38:57 hplaptop kernel: [    1.363154] pci 0000:00:1c.1:   bridge window [mem 0xd0300000-0xd42fffff]
Mar 16 02:38:57 hplaptop kernel: [    1.363159] pci 0000:00:1c.1:   bridge window [mem 0xd4700000-0xd48fffff 64bit pref]
Mar 16 02:38:57 hplaptop kernel: [    1.363166] pci 0000:00:1c.3: PCI bridge to [bus 44-44]
Mar 16 02:38:57 hplaptop kernel: [    1.363167] pci 0000:00:1c.3:   bridge window [io  disabled]
Mar 16 02:38:57 hplaptop kernel: [    1.363172] pci 0000:00:1c.3:   bridge window [mem 0xd0200000-0xd02fffff]
Mar 16 02:38:57 hplaptop kernel: [    1.363176] pci 0000:00:1c.3:   bridge window [mem pref disabled]
Mar 16 02:38:57 hplaptop kernel: [    1.363183] pci 0000:00:1c.7: PCI bridge to [bus 45-45]
Mar 16 02:38:57 hplaptop kernel: [    1.363184] pci 0000:00:1c.7:   bridge window [io  disabled]
Mar 16 02:38:57 hplaptop kernel: [    1.363190] pci 0000:00:1c.7:   bridge window [mem 0xd0100000-0xd01fffff]
Mar 16 02:38:57 hplaptop kernel: [    1.363194] pci 0000:00:1c.7:   bridge window [mem pref disabled]
Mar 16 02:38:57 hplaptop kernel: [    1.363201] pci 0000:46:06.4: BAR 15: assigned [mem 0xd8000000-0xdbffffff pref]
Mar 16 02:38:57 hplaptop kernel: [    1.363203] pci 0000:46:06.4: BAR 16: assigned [mem 0xdc000000-0xdfffffff]
Mar 16 02:38:57 hplaptop kernel: [    1.363205] pci 0000:46:06.4: BAR 13: assigned [io  0x2000-0x20ff]
Mar 16 02:38:57 hplaptop kernel: [    1.363207] pci 0000:46:06.4: BAR 14: assigned [io  0x2400-0x24ff]
Mar 16 02:38:57 hplaptop kernel: [    1.363208] pci 0000:46:06.4: CardBus bridge to [bus 47-4a]
Mar 16 02:38:57 hplaptop kernel: [    1.363210] pci 0000:46:06.4:   bridge window [io  0x2000-0x20ff]
Mar 16 02:38:57 hplaptop kernel: [    1.363214] pci 0000:46:06.4:   bridge window [io  0x2400-0x24ff]
Mar 16 02:38:57 hplaptop kernel: [    1.363218] pci 0000:46:06.4:   bridge window [mem 0xd8000000-0xdbffffff pref]
Mar 16 02:38:57 hplaptop kernel: [    1.363223] pci 0000:46:06.4:   bridge window [mem 0xdc000000-0xdfffffff]
Mar 16 02:38:57 hplaptop kernel: [    1.363227] pci 0000:00:1e.0: PCI bridge to [bus 46-47]
