Mar 24 13:08:17 hplaptop rsyslogd: [origin software="rsyslogd" swVersion="4.2.0" x-pid="1203" x-info="http://www.rsyslog.com"] rsyslogd was HUPed, type 'lightweight'.
Mar 24 13:08:21 hplaptop init: mysql post-start process (6184) terminated with status 1
Mar 24 13:08:21 hplaptop kernel: [ 1936.832803] type=1400 audit(1300986501.479:81): apparmor="STATUS" operation="profile_replace" name="/usr/sbin/mysqld" pid=6387 comm="apparmor_parser"
Mar 24 13:08:21 hplaptop init: mysql main process (6391) terminated with status 1
Mar 24 13:08:21 hplaptop init: mysql main process ended, respawning
Mar 24 13:08:51 hplaptop init: mysql post-start process (6392) terminated with status 1
Mar 24 13:08:51 hplaptop kernel: [ 1967.092278] type=1400 audit(1300986531.729:82): apparmor="STATUS" operation="profile_replace" name="/usr/sbin/mysqld" pid=6457 comm="apparmor_parser"
Mar 24 13:08:51 hplaptop init: mysql main process (6461) terminated with status 1
Mar 24 13:08:51 hplaptop init: mysql main process ended, respawning
Mar 24 13:09:07 hplaptop anacron[1379]: Job `cron.daily' terminated
Mar 24 13:09:07 hplaptop anacron[1379]: Normal exit (1 job run)
Mar 24 13:09:21 hplaptop init: mysql post-start process (6462) terminated with status 1
Mar 24 13:09:21 hplaptop kernel: [ 1997.340661] type=1400 audit(1300986561.989:83): apparmor="STATUS" operation="profile_replace" name="/usr/sbin/mysqld" pid=6555 comm="apparmor_parser"
Mar 24 13:09:22 hplaptop init: mysql main process (6559) terminated with status 1
Mar 24 13:09:22 hplaptop init: mysql main process ended, respawning
Mar 24 13:09:52 hplaptop init: mysql post-start process (6560) terminated with status 1
Mar 24 13:09:52 hplaptop kernel: [ 2027.619088] type=1400 audit(1300986592.259:84): apparmor="STATUS" operation="profile_replace" name="/usr/sbin/mysqld" pid=6625 comm="apparmor_parser"
Mar 24 13:09:52 hplaptop init: mysql main process (6629) terminated with status 1
Mar 24 13:09:52 hplaptop init: mysql main process ended, respawning
Mar 24 13:10:22 hplaptop init: mysql post-start process (6630) terminated with status 1
Mar 24 13:10:22 hplaptop kernel: [ 2057.893588] type=1400 audit(1300986622.539:85): apparmor="STATUS" operation="profile_replace" name="/usr/sbin/mysqld" pid=6695 comm="apparmor_parser"
Mar 24 13:10:22 hplaptop init: mysql main process (6699) terminated with status 1
Mar 24 13:10:22 hplaptop init: mysql main process ended, respawning
Mar 24 13:10:52 hplaptop init: mysql post-start process (6700) terminated with status 1
Mar 24 13:10:52 hplaptop kernel: [ 2088.162065] type=1400 audit(1300986652.809:86): apparmor="STATUS" operation="profile_replace" name="/usr/sbin/mysqld" pid=6765 comm="apparmor_parser"
Mar 24 13:10:52 hplaptop init: mysql main process (6769) terminated with status 1
Mar 24 13:10:52 hplaptop init: mysql main process ended, respawning
Mar 24 13:11:23 hplaptop init: mysql post-start process (6770) terminated with status 1
Mar 24 13:11:23 hplaptop kernel: [ 2118.434252] type=1400 audit(1300986683.079:87): apparmor="STATUS" operation="profile_replace" name="/usr/sbin/mysqld" pid=6835 comm="apparmor_parser"
Mar 24 13:11:23 hplaptop init: mysql main process (6839) terminated with status 1
Mar 24 13:11:23 hplaptop init: mysql main process ended, respawning
Mar 24 13:11:53 hplaptop init: mysql post-start process (6840) terminated with status 1
Mar 24 13:11:53 hplaptop kernel: [ 2148.710339] type=1400 audit(1300986713.359:88): apparmor="STATUS" operation="profile_replace" name="/usr/sbin/mysqld" pid=6905 comm="apparmor_parser"
Mar 24 13:11:53 hplaptop init: mysql main process (6909) terminated with status 1
Mar 24 13:11:53 hplaptop init: mysql main process ended, respawning
Mar 24 13:12:23 hplaptop init: mysql post-start process (6910) terminated with status 1
Mar 24 13:12:23 hplaptop kernel: [ 2178.982054] type=1400 audit(1300986743.629:89): apparmor="STATUS" operation="profile_replace" name="/usr/sbin/mysqld" pid=6975 comm="apparmor_parser"
Mar 24 13:12:23 hplaptop init: mysql main process (6979) terminated with status 1
Mar 24 13:12:23 hplaptop init: mysql main process ended, respawning
Mar 24 13:12:53 hplaptop init: mysql post-start process (6980) terminated with status 1
Mar 24 13:12:53 hplaptop kernel: [ 2209.251342] type=1400 audit(1300986773.899:90): apparmor="STATUS" operation="profile_replace" name="/usr/sbin/mysqld" pid=7045 comm="apparmor_parser"
Mar 24 13:12:53 hplaptop init: mysql main process (7049) terminated with status 1
Mar 24 13:12:53 hplaptop init: mysql main process ended, respawning
Mar 24 13:13:24 hplaptop init: mysql post-start process (7050) terminated with status 1
Mar 24 13:13:24 hplaptop kernel: [ 2239.524190] type=1400 audit(1300986804.169:91): apparmor="STATUS" operation="profile_replace" name="/usr/sbin/mysqld" pid=7115 comm="apparmor_parser"
Mar 24 13:13:24 hplaptop init: mysql main process (7119) terminated with status 1
Mar 24 13:13:24 hplaptop init: mysql main process ended, respawning
Mar 24 13:13:54 hplaptop init: mysql post-start process (7120) terminated with status 1
Mar 24 13:13:54 hplaptop kernel: [ 2269.798647] type=1400 audit(1300986834.439:92): apparmor="STATUS" operation="profile_replace" name="/usr/sbin/mysqld" pid=7185 comm="apparmor_parser"
Mar 24 13:13:54 hplaptop init: mysql main process (7189) terminated with status 1
Mar 24 13:13:54 hplaptop init: mysql main process ended, respawning
Mar 24 13:14:24 hplaptop init: mysql post-start process (7190) terminated with status 1
Mar 24 13:14:24 hplaptop kernel: [ 2300.062267] type=1400 audit(1300986864.709:93): apparmor="STATUS" operation="profile_replace" name="/usr/sbin/mysqld" pid=7255 comm="apparmor_parser"
Mar 24 13:14:24 hplaptop init: mysql main process (7259) terminated with status 1
Mar 24 13:14:24 hplaptop init: mysql main process ended, respawning
Mar 24 13:14:54 hplaptop init: mysql post-start process (7260) terminated with status 1
Mar 24 13:14:55 hplaptop kernel: [ 2330.341495] type=1400 audit(1300986894.989:94): apparmor="STATUS" operation="profile_replace" name="/usr/sbin/mysqld" pid=7325 comm="apparmor_parser"
Mar 24 13:14:55 hplaptop init: mysql main process (7329) terminated with status 1
Mar 24 13:14:55 hplaptop init: mysql main process ended, respawning
Mar 24 13:15:25 hplaptop init: mysql post-start process (7330) terminated with status 1
Mar 24 13:15:25 hplaptop kernel: [ 2360.614204] type=1400 audit(1300986925.259:95): apparmor="STATUS" operation="profile_replace" name="/usr/sbin/mysqld" pid=7395 comm="apparmor_parser"
Mar 24 13:15:25 hplaptop init: mysql main process (7399) terminated with status 1
Mar 24 13:15:25 hplaptop init: mysql main process ended, respawning
Mar 24 13:15:55 hplaptop init: mysql post-start process (7400) terminated with status 1
Mar 24 13:15:55 hplaptop kernel: [ 2390.890428] type=1400 audit(1300986955.539:96): apparmor="STATUS" operation="profile_replace" name="/usr/sbin/mysqld" pid=7465 comm="apparmor_parser"
Mar 24 13:15:55 hplaptop init: mysql main process (7469) terminated with status 1
Mar 24 13:15:55 hplaptop init: mysql main process ended, respawning
Mar 24 13:16:25 hplaptop init: mysql post-start process (7470) terminated with status 1
Mar 24 13:16:25 hplaptop kernel: [ 2421.164346] type=1400 audit(1300986985.809:97): apparmor="STATUS" operation="profile_replace" name="/usr/sbin/mysqld" pid=7535 comm="apparmor_parser"
Mar 24 13:16:25 hplaptop init: mysql main process (7539) terminated with status 1
Mar 24 13:16:25 hplaptop init: mysql main process ended, respawning
Mar 24 13:16:56 hplaptop init: mysql post-start process (7540) terminated with status 1
Mar 24 13:16:56 hplaptop kernel: [ 2451.440513] type=1400 audit(1300987016.079:98): apparmor="STATUS" operation="profile_replace" name="/usr/sbin/mysqld" pid=7605 comm="apparmor_parser"
Mar 24 13:16:56 hplaptop init: mysql main process (7609) terminated with status 1
Mar 24 13:16:56 hplaptop init: mysql main process ended, respawning
Mar 24 13:17:01 hplaptop CRON[7626]: (root) CMD (   cd / && run-parts --report /etc/cron.hourly)
Mar 24 13:17:26 hplaptop init: mysql post-start process (7610) terminated with status 1
Mar 24 13:17:26 hplaptop kernel: [ 2481.711097] type=1400 audit(1300987046.359:99): apparmor="STATUS" operation="profile_replace" name="/usr/sbin/mysqld" pid=7678 comm="apparmor_parser"
Mar 24 13:17:26 hplaptop init: mysql main process (7682) terminated with status 1
Mar 24 13:17:26 hplaptop init: mysql main process ended, respawning
Mar 24 13:17:56 hplaptop init: mysql post-start process (7683) terminated with status 1
Mar 24 13:17:56 hplaptop kernel: [ 2511.989304] type=1400 audit(1300987076.629:100): apparmor="STATUS" operation="profile_replace" name="/usr/sbin/mysqld" pid=7748 comm="apparmor_parser"
Mar 24 13:17:56 hplaptop init: mysql main process (7752) terminated with status 1
Mar 24 13:17:56 hplaptop init: mysql main process ended, respawning
Mar 24 13:18:26 hplaptop init: mysql post-start process (7753) terminated with status 1
Mar 24 13:18:26 hplaptop kernel: [ 2542.260242] type=1400 audit(1300987106.909:101): apparmor="STATUS" operation="profile_replace" name="/usr/sbin/mysqld" pid=7818 comm="apparmor_parser"
Mar 24 13:18:26 hplaptop init: mysql main process (7822) terminated with status 1
Mar 24 13:18:26 hplaptop init: mysql main process ended, respawning
Mar 24 13:18:57 hplaptop init: mysql post-start process (7823) terminated with status 1
Mar 24 13:18:57 hplaptop kernel: [ 2572.538828] type=1400 audit(1300987137.179:102): apparmor="STATUS" operation="profile_replace" name="/usr/sbin/mysqld" pid=7888 comm="apparmor_parser"
Mar 24 13:18:57 hplaptop init: mysql main process (7892) terminated with status 1
Mar 24 13:18:57 hplaptop init: mysql main process ended, respawning
Mar 24 13:19:27 hplaptop init: mysql post-start process (7893) terminated with status 1
Mar 24 13:19:27 hplaptop kernel: [ 2602.813442] type=1400 audit(1300987167.459:103): apparmor="STATUS" operation="profile_replace" name="/usr/sbin/mysqld" pid=7958 comm="apparmor_parser"
Mar 24 13:19:27 hplaptop init: mysql main process (7962) terminated with status 1
Mar 24 13:19:27 hplaptop init: mysql main process ended, respawning
Mar 24 13:19:57 hplaptop init: mysql post-start process (7963) terminated with status 1
Mar 24 13:19:57 hplaptop kernel: [ 2633.090009] type=1400 audit(1300987197.729:104): apparmor="STATUS" operation="profile_replace" name="/usr/sbin/mysqld" pid=8028 comm="apparmor_parser"
Mar 24 13:19:57 hplaptop init: mysql main process (8032) terminated with status 1
Mar 24 13:19:57 hplaptop init: mysql main process ended, respawning
Mar 24 13:20:27 hplaptop init: mysql post-start process (8033) terminated with status 1
Mar 24 13:20:28 hplaptop kernel: [ 2663.362996] type=1400 audit(1300987228.009:105): apparmor="STATUS" operation="profile_replace" name="/usr/sbin/mysqld" pid=8098 comm="apparmor_parser"
Mar 24 13:20:28 hplaptop init: mysql main process (8102) terminated with status 1
Mar 24 13:20:28 hplaptop init: mysql main process ended, respawning
Mar 24 13:20:58 hplaptop init: mysql post-start process (8103) terminated with status 1
Mar 24 13:20:58 hplaptop kernel: [ 2693.640297] type=1400 audit(1300987258.289:106): apparmor="STATUS" operation="profile_replace" name="/usr/sbin/mysqld" pid=8168 comm="apparmor_parser"
Mar 24 13:20:58 hplaptop init: mysql main process (8172) terminated with status 1
Mar 24 13:20:58 hplaptop init: mysql main process ended, respawning
Mar 24 13:21:28 hplaptop init: mysql post-start process (8173) terminated with status 1
Mar 24 13:21:28 hplaptop kernel: [ 2723.918868] type=1400 audit(1300987288.559:107): apparmor="STATUS" operation="profile_replace" name="/usr/sbin/mysqld" pid=8238 comm="apparmor_parser"
Mar 24 13:21:28 hplaptop init: mysql main process (8242) terminated with status 1
Mar 24 13:21:28 hplaptop init: mysql main process ended, respawning
Mar 24 13:21:58 hplaptop init: mysql post-start process (8243) terminated with status 1
Mar 24 13:21:58 hplaptop kernel: [ 2754.193672] type=1400 audit(1300987318.839:108): apparmor="STATUS" operation="profile_replace" name="/usr/sbin/mysqld" pid=8308 comm="apparmor_parser"
Mar 24 13:21:58 hplaptop init: mysql main process (8312) terminated with status 1
Mar 24 13:21:58 hplaptop init: mysql main process ended, respawning
Mar 24 13:22:29 hplaptop init: mysql post-start process (8313) terminated with status 1
Mar 24 13:22:29 hplaptop kernel: [ 2784.469948] type=1400 audit(1300987349.109:109): apparmor="STATUS" operation="profile_replace" name="/usr/sbin/mysqld" pid=8378 comm="apparmor_parser"
Mar 24 13:22:29 hplaptop init: mysql main process (8382) terminated with status 1
Mar 24 13:22:29 hplaptop init: mysql main process ended, respawning
Mar 24 13:22:59 hplaptop init: mysql post-start process (8383) terminated with status 1
Mar 24 13:22:59 hplaptop kernel: [ 2814.743940] type=1400 audit(1300987379.389:110): apparmor="STATUS" operation="profile_replace" name="/usr/sbin/mysqld" pid=8448 comm="apparmor_parser"
Mar 24 13:22:59 hplaptop init: mysql main process (8452) terminated with status 1
Mar 24 13:22:59 hplaptop init: mysql main process ended, respawning
Mar 24 13:23:29 hplaptop init: mysql post-start process (8453) terminated with status 1
Mar 24 13:23:29 hplaptop kernel: [ 2845.021709] type=1400 audit(1300987409.669:111): apparmor="STATUS" operation="profile_replace" name="/usr/sbin/mysqld" pid=8518 comm="apparmor_parser"
Mar 24 13:23:29 hplaptop init: mysql main process (8522) terminated with status 1
Mar 24 13:23:29 hplaptop init: mysql main process ended, respawning
Mar 24 13:23:59 hplaptop init: mysql post-start process (8523) terminated with status 1
Mar 24 13:23:59 hplaptop kernel: [ 2875.299253] type=1400 audit(1300987439.939:112): apparmor="STATUS" operation="profile_replace" name="/usr/sbin/mysqld" pid=8588 comm="apparmor_parser"
Mar 24 13:23:59 hplaptop init: mysql main process (8592) terminated with status 1
Mar 24 13:23:59 hplaptop init: mysql main process ended, respawning
Mar 24 13:24:30 hplaptop init: mysql post-start process (8593) terminated with status 1
Mar 24 13:24:30 hplaptop kernel: [ 2905.570168] type=1400 audit(1300987470.219:113): apparmor="STATUS" operation="profile_replace" name="/usr/sbin/mysqld" pid=8658 comm="apparmor_parser"
Mar 24 13:24:30 hplaptop init: mysql main process (8662) terminated with status 1
Mar 24 13:24:30 hplaptop init: mysql main process ended, respawning
Mar 24 13:25:00 hplaptop init: mysql post-start process (8663) terminated with status 1
Mar 24 13:25:00 hplaptop kernel: [ 2935.849092] type=1400 audit(1300987500.489:114): apparmor="STATUS" operation="profile_replace" name="/usr/sbin/mysqld" pid=8728 comm="apparmor_parser"
Mar 24 13:25:00 hplaptop init: mysql main process (8732) terminated with status 1
Mar 24 13:25:00 hplaptop init: mysql main process ended, respawning
Mar 24 13:25:30 hplaptop init: mysql post-start process (8733) terminated with status 1
Mar 24 13:25:30 hplaptop kernel: [ 2966.123370] type=1400 audit(1300987530.769:115): apparmor="STATUS" operation="profile_replace" name="/usr/sbin/mysqld" pid=8798 comm="apparmor_parser"
Mar 24 13:25:30 hplaptop init: mysql main process (8802) terminated with status 1
Mar 24 13:25:30 hplaptop init: mysql main process ended, respawning
Mar 24 13:26:01 hplaptop init: mysql post-start process (8803) terminated with status 1
Mar 24 13:26:01 hplaptop kernel: [ 2996.401610] type=1400 audit(1300987561.049:116): apparmor="STATUS" operation="profile_replace" name="/usr/sbin/mysqld" pid=8868 comm="apparmor_parser"
Mar 24 13:26:01 hplaptop init: mysql main process (8872) terminated with status 1
Mar 24 13:26:01 hplaptop init: mysql main process ended, respawning
Mar 24 13:26:31 hplaptop init: mysql post-start process (8873) terminated with status 1
Mar 24 13:26:31 hplaptop kernel: [ 3026.685639] type=1400 audit(1300987591.329:117): apparmor="STATUS" operation="profile_replace" name="/usr/sbin/mysqld" pid=8938 comm="apparmor_parser"
Mar 24 13:26:31 hplaptop init: mysql main process (8942) terminated with status 1
Mar 24 13:26:31 hplaptop init: mysql main process ended, respawning
Mar 24 13:27:01 hplaptop init: mysql post-start process (8943) terminated with status 1
Mar 24 13:27:01 hplaptop kernel: [ 3056.960563] type=1400 audit(1300987621.609:118): apparmor="STATUS" operation="profile_replace" name="/usr/sbin/mysqld" pid=9008 comm="apparmor_parser"
Mar 24 13:27:01 hplaptop init: mysql main process (9012) terminated with status 1
Mar 24 13:27:01 hplaptop init: mysql main process ended, respawning
Mar 24 13:27:31 hplaptop init: mysql post-start process (9013) terminated with status 1
Mar 24 13:27:31 hplaptop kernel: [ 3087.233789] type=1400 audit(1300987651.879:119): apparmor="STATUS" operation="profile_replace" name="/usr/sbin/mysqld" pid=9078 comm="apparmor_parser"
Mar 24 13:27:31 hplaptop init: mysql main process (9082) terminated with status 1
Mar 24 13:27:31 hplaptop init: mysql main process ended, respawning
Mar 24 13:28:02 hplaptop init: mysql post-start process (9083) terminated with status 1
Mar 24 13:28:02 hplaptop kernel: [ 3117.510028] type=1400 audit(1300987682.149:120): apparmor="STATUS" operation="profile_replace" name="/usr/sbin/mysqld" pid=9148 comm="apparmor_parser"
Mar 24 13:28:02 hplaptop init: mysql main process (9152) terminated with status 1
Mar 24 13:28:02 hplaptop init: mysql main process ended, respawning
Mar 24 13:28:32 hplaptop init: mysql post-start process (9153) terminated with status 1
Mar 24 13:28:32 hplaptop kernel: [ 3147.782166] type=1400 audit(1300987712.429:121): apparmor="STATUS" operation="profile_replace" name="/usr/sbin/mysqld" pid=9218 comm="apparmor_parser"
Mar 24 13:28:32 hplaptop init: mysql main process (9222) terminated with status 1
Mar 24 13:28:32 hplaptop init: mysql main process ended, respawning
Mar 24 13:29:02 hplaptop init: mysql post-start process (9223) terminated with status 1
Mar 24 13:29:02 hplaptop kernel: [ 3178.061369] type=1400 audit(1300987742.709:122): apparmor="STATUS" operation="profile_replace" name="/usr/sbin/mysqld" pid=9288 comm="apparmor_parser"
Mar 24 13:29:02 hplaptop init: mysql main process (9292) terminated with status 1
Mar 24 13:29:02 hplaptop init: mysql main process ended, respawning
Mar 24 13:29:32 hplaptop init: mysql post-start process (9293) terminated with status 1
Mar 24 13:29:32 hplaptop kernel: [ 3208.339130] type=1400 audit(1300987772.979:123): apparmor="STATUS" operation="profile_replace" name="/usr/sbin/mysqld" pid=9358 comm="apparmor_parser"
Mar 24 13:29:33 hplaptop init: mysql main process (9362) terminated with status 1
Mar 24 13:29:33 hplaptop init: mysql main process ended, respawning
Mar 24 13:30:03 hplaptop init: mysql post-start process (9363) terminated with status 1
Mar 24 13:30:03 hplaptop kernel: [ 3238.613559] type=1400 audit(1300987803.259:124): apparmor="STATUS" operation="profile_replace" name="/usr/sbin/mysqld" pid=9428 comm="apparmor_parser"
Mar 24 13:30:03 hplaptop init: mysql main process (9432) terminated with status 1
Mar 24 13:30:03 hplaptop init: mysql main process ended, respawning
Mar 24 13:30:33 hplaptop init: mysql post-start process (9433) terminated with status 1
Mar 24 13:30:33 hplaptop kernel: [ 3268.889749] type=1400 audit(1300987833.529:125): apparmor="STATUS" operation="profile_replace" name="/usr/sbin/mysqld" pid=9498 comm="apparmor_parser"
Mar 24 13:30:33 hplaptop init: mysql main process (9502) terminated with status 1
Mar 24 13:30:33 hplaptop init: mysql main process ended, respawning
Mar 24 13:31:03 hplaptop init: mysql post-start process (9503) terminated with status 1
Mar 24 13:31:03 hplaptop kernel: [ 3299.164391] type=1400 audit(1300987863.809:126): apparmor="STATUS" operation="profile_replace" name="/usr/sbin/mysqld" pid=9568 comm="apparmor_parser"
Mar 24 13:31:03 hplaptop init: mysql main process (9572) terminated with status 1
Mar 24 13:31:03 hplaptop init: mysql main process ended, respawning
Mar 24 13:31:34 hplaptop init: mysql post-start process (9573) terminated with status 1
Mar 24 13:31:34 hplaptop kernel: [ 3329.439880] type=1400 audit(1300987894.079:127): apparmor="STATUS" operation="profile_replace" name="/usr/sbin/mysqld" pid=9638 comm="apparmor_parser"
Mar 24 13:31:34 hplaptop init: mysql main process (9642) terminated with status 1
Mar 24 13:31:34 hplaptop init: mysql main process ended, respawning
Mar 24 13:32:04 hplaptop init: mysql post-start process (9643) terminated with status 1
Mar 24 13:32:04 hplaptop kernel: [ 3359.712626] type=1400 audit(1300987924.359:128): apparmor="STATUS" operation="profile_replace" name="/usr/sbin/mysqld" pid=9708 comm="apparmor_parser"
Mar 24 13:32:04 hplaptop init: mysql main process (9712) terminated with status 1
Mar 24 13:32:04 hplaptop init: mysql main process ended, respawning
Mar 24 13:32:34 hplaptop init: mysql post-start process (9713) terminated with status 1
Mar 24 13:32:34 hplaptop kernel: [ 3389.989663] type=1400 audit(1300987954.629:129): apparmor="STATUS" operation="profile_replace" name="/usr/sbin/mysqld" pid=9778 comm="apparmor_parser"
Mar 24 13:32:34 hplaptop init: mysql main process (9782) terminated with status 1
Mar 24 13:32:34 hplaptop init: mysql main process ended, respawning
Mar 24 13:33:04 hplaptop init: mysql post-start process (9783) terminated with status 1
Mar 24 13:33:04 hplaptop kernel: [ 3420.263998] type=1400 audit(1300987984.909:130): apparmor="STATUS" operation="profile_replace" name="/usr/sbin/mysqld" pid=9848 comm="apparmor_parser"
Mar 24 13:33:04 hplaptop init: mysql main process (9852) terminated with status 1
Mar 24 13:33:04 hplaptop init: mysql main process ended, respawning
Mar 24 13:33:35 hplaptop init: mysql post-start process (9853) terminated with status 1
Mar 24 13:33:35 hplaptop kernel: [ 3450.539743] type=1400 audit(1300988015.179:131): apparmor="STATUS" operation="profile_replace" name="/usr/sbin/mysqld" pid=9918 comm="apparmor_parser"
Mar 24 13:33:35 hplaptop init: mysql main process (9922) terminated with status 1
Mar 24 13:33:35 hplaptop init: mysql main process ended, respawning
Mar 24 13:34:05 hplaptop init: mysql post-start process (9923) terminated with status 1
Mar 24 13:34:05 hplaptop kernel: [ 3480.804277] type=1400 audit(1300988045.449:132): apparmor="STATUS" operation="profile_replace" name="/usr/sbin/mysqld" pid=9988 comm="apparmor_parser"
Mar 24 13:34:05 hplaptop init: mysql main process (9992) terminated with status 1
Mar 24 13:34:05 hplaptop init: mysql main process ended, respawning
Mar 24 13:34:35 hplaptop init: mysql post-start process (9993) terminated with status 1
Mar 24 13:34:35 hplaptop kernel: [ 3511.073496] type=1400 audit(1300988075.719:133): apparmor="STATUS" operation="profile_replace" name="/usr/sbin/mysqld" pid=10058 comm="apparmor_parser"
Mar 24 13:34:35 hplaptop init: mysql main process (10062) terminated with status 1
Mar 24 13:34:35 hplaptop init: mysql main process ended, respawning
Mar 24 13:35:05 hplaptop init: mysql post-start process (10063) terminated with status 1
Mar 24 13:35:06 hplaptop kernel: [ 3541.349827] type=1400 audit(1300988105.989:134): apparmor="STATUS" operation="profile_replace" name="/usr/sbin/mysqld" pid=10128 comm="apparmor_parser"
Mar 24 13:35:06 hplaptop init: mysql main process (10132) terminated with status 1
Mar 24 13:35:06 hplaptop init: mysql main process ended, respawning
Mar 24 13:35:36 hplaptop init: mysql post-start process (10133) terminated with status 1
Mar 24 13:35:36 hplaptop kernel: [ 3571.621939] type=1400 audit(1300988136.269:135): apparmor="STATUS" operation="profile_replace" name="/usr/sbin/mysqld" pid=10198 comm="apparmor_parser"
Mar 24 13:35:36 hplaptop init: mysql main process (10202) terminated with status 1
Mar 24 13:35:36 hplaptop init: mysql main process ended, respawning
Mar 24 13:36:06 hplaptop init: mysql post-start process (10203) terminated with status 1
Mar 24 13:36:06 hplaptop kernel: [ 3601.894390] type=1400 audit(1300988166.539:136): apparmor="STATUS" operation="profile_replace" name="/usr/sbin/mysqld" pid=10268 comm="apparmor_parser"
Mar 24 13:36:06 hplaptop init: mysql main process (10272) terminated with status 1
Mar 24 13:36:06 hplaptop init: mysql main process ended, respawning
Mar 24 13:36:36 hplaptop init: mysql post-start process (10273) terminated with status 1
Mar 24 13:36:36 hplaptop kernel: [ 3632.169714] type=1400 audit(1300988196.809:137): apparmor="STATUS" operation="profile_replace" name="/usr/sbin/mysqld" pid=10338 comm="apparmor_parser"
Mar 24 13:36:36 hplaptop init: mysql main process (10342) terminated with status 1
Mar 24 13:36:36 hplaptop init: mysql main process ended, respawning
Mar 24 13:37:07 hplaptop init: mysql post-start process (10343) terminated with status 1
Mar 24 13:37:07 hplaptop kernel: [ 3662.433760] type=1400 audit(1300988227.079:138): apparmor="STATUS" operation="profile_replace" name="/usr/sbin/mysqld" pid=10408 comm="apparmor_parser"
Mar 24 13:37:07 hplaptop init: mysql main process (10412) terminated with status 1
Mar 24 13:37:07 hplaptop init: mysql main process ended, respawning
Mar 24 13:37:37 hplaptop init: mysql post-start process (10413) terminated with status 1
Mar 24 13:37:37 hplaptop kernel: [ 3692.711527] type=1400 audit(1300988257.359:139): apparmor="STATUS" operation="profile_replace" name="/usr/sbin/mysqld" pid=10478 comm="apparmor_parser"
Mar 24 13:37:37 hplaptop init: mysql main process (10482) terminated with status 1
Mar 24 13:37:37 hplaptop init: mysql main process ended, respawning
Mar 24 13:38:07 hplaptop init: mysql post-start process (10483) terminated with status 1
Mar 24 13:38:07 hplaptop kernel: [ 3722.980912] type=1400 audit(1300988287.629:140): apparmor="STATUS" operation="profile_replace" name="/usr/sbin/mysqld" pid=10548 comm="apparmor_parser"
Mar 24 13:38:07 hplaptop init: mysql main process (10552) terminated with status 1
Mar 24 13:38:07 hplaptop init: mysql main process ended, respawning
Mar 24 13:38:37 hplaptop init: mysql post-start process (10553) terminated with status 1
Mar 24 13:38:37 hplaptop kernel: [ 3753.251698] type=1400 audit(1300988317.899:141): apparmor="STATUS" operation="profile_replace" name="/usr/sbin/mysqld" pid=10618 comm="apparmor_parser"
Mar 24 13:38:37 hplaptop init: mysql main process (10622) terminated with status 1
Mar 24 13:38:37 hplaptop init: mysql main process ended, respawning
Mar 24 13:39:08 hplaptop init: mysql post-start process (10623) terminated with status 1
Mar 24 13:39:08 hplaptop kernel: [ 3783.529540] type=1400 audit(1300988348.169:142): apparmor="STATUS" operation="profile_replace" name="/usr/sbin/mysqld" pid=10688 comm="apparmor_parser"
Mar 24 13:39:08 hplaptop init: mysql main process (10692) terminated with status 1
Mar 24 13:39:08 hplaptop init: mysql main process ended, respawning
Mar 24 13:39:38 hplaptop init: mysql post-start process (10693) terminated with status 1
Mar 24 13:39:38 hplaptop kernel: [ 3813.803616] type=1400 audit(1300988378.449:143): apparmor="STATUS" operation="profile_replace" name="/usr/sbin/mysqld" pid=10758 comm="apparmor_parser"
Mar 24 13:39:38 hplaptop init: mysql main process (10762) terminated with status 1
Mar 24 13:39:38 hplaptop init: mysql main process ended, respawning
Mar 24 13:40:08 hplaptop init: mysql post-start process (10763) terminated with status 1
Mar 24 13:40:08 hplaptop kernel: [ 3844.073635] type=1400 audit(1300988408.719:144): apparmor="STATUS" operation="profile_replace" name="/usr/sbin/mysqld" pid=10828 comm="apparmor_parser"
Mar 24 13:40:08 hplaptop init: mysql main process (10832) terminated with status 1
Mar 24 13:40:08 hplaptop init: mysql main process ended, respawning
Mar 24 13:40:38 hplaptop init: mysql post-start process (10833) terminated with status 1
Mar 24 13:40:39 hplaptop kernel: [ 3874.349514] type=1400 audit(1300988438.989:145): apparmor="STATUS" operation="profile_replace" name="/usr/sbin/mysqld" pid=10898 comm="apparmor_parser"
Mar 24 13:40:39 hplaptop init: mysql main process (10902) terminated with status 1
Mar 24 13:40:39 hplaptop init: mysql main process ended, respawning
Mar 24 13:41:09 hplaptop init: mysql post-start process (10903) terminated with status 1
Mar 24 13:41:09 hplaptop kernel: [ 3904.621975] type=1400 audit(1300988469.269:146): apparmor="STATUS" operation="profile_replace" name="/usr/sbin/mysqld" pid=10968 comm="apparmor_parser"
Mar 24 13:41:09 hplaptop init: mysql main process (10972) terminated with status 1
Mar 24 13:41:09 hplaptop init: mysql main process ended, respawning
Mar 24 13:41:39 hplaptop init: mysql post-start process (10973) terminated with status 1
Mar 24 13:41:39 hplaptop kernel: [ 3934.898912] type=1400 audit(1300988499.539:147): apparmor="STATUS" operation="profile_replace" name="/usr/sbin/mysqld" pid=11038 comm="apparmor_parser"
Mar 24 13:41:39 hplaptop init: mysql main process (11042) terminated with status 1
Mar 24 13:41:39 hplaptop init: mysql main process ended, respawning
Mar 24 13:42:09 hplaptop init: mysql post-start process (11043) terminated with status 1
Mar 24 13:42:09 hplaptop kernel: [ 3965.172764] type=1400 audit(1300988529.819:148): apparmor="STATUS" operation="profile_replace" name="/usr/sbin/mysqld" pid=11108 comm="apparmor_parser"
Mar 24 13:42:09 hplaptop init: mysql main process (11112) terminated with status 1
Mar 24 13:42:09 hplaptop init: mysql main process ended, respawning
Mar 24 13:42:40 hplaptop init: mysql post-start process (11113) terminated with status 1
Mar 24 13:42:40 hplaptop kernel: [ 3995.440852] type=1400 audit(1300988560.089:149): apparmor="STATUS" operation="profile_replace" name="/usr/sbin/mysqld" pid=11178 comm="apparmor_parser"
Mar 24 13:42:40 hplaptop init: mysql main process (11182) terminated with status 1
Mar 24 13:42:40 hplaptop init: mysql main process ended, respawning
Mar 24 13:43:10 hplaptop init: mysql post-start process (11183) terminated with status 1
Mar 24 13:43:10 hplaptop kernel: [ 4025.710629] type=1400 audit(1300988590.359:150): apparmor="STATUS" operation="profile_replace" name="/usr/sbin/mysqld" pid=11248 comm="apparmor_parser"
Mar 24 13:43:10 hplaptop init: mysql main process (11252) terminated with status 1
Mar 24 13:43:10 hplaptop init: mysql main process ended, respawning
Mar 24 13:43:40 hplaptop init: mysql post-start process (11253) terminated with status 1
Mar 24 13:43:40 hplaptop kernel: [ 4055.981678] type=1400 audit(1300988620.629:151): apparmor="STATUS" operation="profile_replace" name="/usr/sbin/mysqld" pid=11318 comm="apparmor_parser"
Mar 24 13:43:40 hplaptop init: mysql main process (11322) terminated with status 1
Mar 24 13:43:40 hplaptop init: mysql main process ended, respawning
Mar 24 13:44:10 hplaptop init: mysql post-start process (11323) terminated with status 1
Mar 24 13:44:10 hplaptop kernel: [ 4086.259078] type=1400 audit(1300988650.899:152): apparmor="STATUS" operation="profile_replace" name="/usr/sbin/mysqld" pid=11388 comm="apparmor_parser"
Mar 24 13:44:10 hplaptop init: mysql main process (11392) terminated with status 1
Mar 24 13:44:10 hplaptop init: mysql main process ended, respawning
Mar 24 13:44:41 hplaptop init: mysql post-start process (11393) terminated with status 1
Mar 24 13:44:41 hplaptop kernel: [ 4116.531765] type=1400 audit(1300988681.179:153): apparmor="STATUS" operation="profile_replace" name="/usr/sbin/mysqld" pid=11458 comm="apparmor_parser"
Mar 24 13:44:41 hplaptop init: mysql main process (11462) terminated with status 1
Mar 24 13:44:41 hplaptop init: mysql main process ended, respawning
Mar 24 13:45:11 hplaptop init: mysql post-start process (11463) terminated with status 1
Mar 24 13:45:11 hplaptop kernel: [ 4146.804617] type=1400 audit(1300988711.449:154): apparmor="STATUS" operation="profile_replace" name="/usr/sbin/mysqld" pid=11528 comm="apparmor_parser"
Mar 24 13:45:11 hplaptop init: mysql main process (11532) terminated with status 1
Mar 24 13:45:11 hplaptop init: mysql main process ended, respawning
Mar 24 13:45:41 hplaptop init: mysql post-start process (11533) terminated with status 1
Mar 24 13:45:41 hplaptop kernel: [ 4177.079911] type=1400 audit(1300988741.719:155): apparmor="STATUS" operation="profile_replace" name="/usr/sbin/mysqld" pid=11598 comm="apparmor_parser"
Mar 24 13:45:41 hplaptop init: mysql main process (11602) terminated with status 1
Mar 24 13:45:41 hplaptop init: mysql main process ended, respawning
Mar 24 13:46:11 hplaptop init: mysql post-start process (11603) terminated with status 1
Mar 24 13:46:12 hplaptop kernel: [ 4207.352512] type=1400 audit(1300988771.999:156): apparmor="STATUS" operation="profile_replace" name="/usr/sbin/mysqld" pid=11668 comm="apparmor_parser"
Mar 24 13:46:12 hplaptop init: mysql main process (11672) terminated with status 1
Mar 24 13:46:12 hplaptop init: mysql main process ended, respawning
Mar 24 13:46:42 hplaptop init: mysql post-start process (11673) terminated with status 1
Mar 24 13:46:42 hplaptop kernel: [ 4237.624161] type=1400 audit(1300988802.269:157): apparmor="STATUS" operation="profile_replace" name="/usr/sbin/mysqld" pid=11738 comm="apparmor_parser"
Mar 24 13:46:42 hplaptop init: mysql main process (11742) terminated with status 1
Mar 24 13:46:42 hplaptop init: mysql main process ended, respawning
Mar 24 13:47:12 hplaptop init: mysql post-start process (11743) terminated with status 1
Mar 24 13:47:12 hplaptop kernel: [ 4267.900279] type=1400 audit(1300988832.549:158): apparmor="STATUS" operation="profile_replace" name="/usr/sbin/mysqld" pid=11808 comm="apparmor_parser"
Mar 24 13:47:12 hplaptop init: mysql main process (11812) terminated with status 1
Mar 24 13:47:12 hplaptop init: mysql main process ended, respawning
Mar 24 13:47:42 hplaptop init: mysql post-start process (11813) terminated with status 1
Mar 24 13:47:42 hplaptop kernel: [ 4298.173578] type=1400 audit(1300988862.819:159): apparmor="STATUS" operation="profile_replace" name="/usr/sbin/mysqld" pid=11878 comm="apparmor_parser"
Mar 24 13:47:42 hplaptop init: mysql main process (11882) terminated with status 1
Mar 24 13:47:42 hplaptop init: mysql main process ended, respawning
Mar 24 13:48:13 hplaptop init: mysql post-start process (11883) terminated with status 1
Mar 24 13:48:13 hplaptop kernel: [ 4328.451612] type=1400 audit(1300988893.099:160): apparmor="STATUS" operation="profile_replace" name="/usr/sbin/mysqld" pid=11948 comm="apparmor_parser"
Mar 24 13:48:13 hplaptop init: mysql main process (11952) terminated with status 1
Mar 24 13:48:13 hplaptop init: mysql main process ended, respawning
Mar 24 13:48:43 hplaptop init: mysql post-start process (11953) terminated with status 1
Mar 24 13:48:43 hplaptop kernel: [ 4358.728777] type=1400 audit(1300988923.369:161): apparmor="STATUS" operation="profile_replace" name="/usr/sbin/mysqld" pid=12018 comm="apparmor_parser"
Mar 24 13:48:43 hplaptop init: mysql main process (12022) terminated with status 1
Mar 24 13:48:43 hplaptop init: mysql main process ended, respawning
Mar 24 13:49:13 hplaptop init: mysql post-start process (12023) terminated with status 1
Mar 24 13:49:13 hplaptop kernel: [ 4389.003398] type=1400 audit(1300988953.649:162): apparmor="STATUS" operation="profile_replace" name="/usr/sbin/mysqld" pid=12088 comm="apparmor_parser"
Mar 24 13:49:13 hplaptop init: mysql main process (12092) terminated with status 1
Mar 24 13:49:13 hplaptop init: mysql main process ended, respawning
Mar 24 13:49:43 hplaptop init: mysql post-start process (12093) terminated with status 1
Mar 24 13:49:43 hplaptop kernel: [ 4419.271600] type=1400 audit(1300988983.919:163): apparmor="STATUS" operation="profile_replace" name="/usr/sbin/mysqld" pid=12158 comm="apparmor_parser"
Mar 24 13:49:43 hplaptop init: mysql main process (12162) terminated with status 1
Mar 24 13:49:43 hplaptop init: mysql main process ended, respawning
Mar 24 13:50:14 hplaptop init: mysql post-start process (12163) terminated with status 1
Mar 24 13:50:14 hplaptop kernel: [ 4449.543931] type=1400 audit(1300989014.189:164): apparmor="STATUS" operation="profile_replace" name="/usr/sbin/mysqld" pid=12228 comm="apparmor_parser"
Mar 24 13:50:14 hplaptop init: mysql main process (12232) terminated with status 1
Mar 24 13:50:14 hplaptop init: mysql main process ended, respawning
Mar 24 13:50:44 hplaptop init: mysql post-start process (12233) terminated with status 1
Mar 24 13:50:44 hplaptop kernel: [ 4479.819613] type=1400 audit(1300989044.459:165): apparmor="STATUS" operation="profile_replace" name="/usr/sbin/mysqld" pid=12298 comm="apparmor_parser"
Mar 24 13:50:44 hplaptop init: mysql main process (12302) terminated with status 1
Mar 24 13:50:44 hplaptop init: mysql main process ended, respawning
Mar 24 13:51:14 hplaptop init: mysql post-start process (12303) terminated with status 1
Mar 24 13:51:14 hplaptop kernel: [ 4510.091967] type=1400 audit(1300989074.739:166): apparmor="STATUS" operation="profile_replace" name="/usr/sbin/mysqld" pid=12368 comm="apparmor_parser"
Mar 24 13:51:14 hplaptop init: mysql main process (12372) terminated with status 1
Mar 24 13:51:14 hplaptop init: mysql main process ended, respawning
Mar 24 13:51:44 hplaptop init: mysql post-start process (12373) terminated with status 1
Mar 24 13:51:45 hplaptop kernel: [ 4540.364291] type=1400 audit(1300989105.009:167): apparmor="STATUS" operation="profile_replace" name="/usr/sbin/mysqld" pid=12438 comm="apparmor_parser"
Mar 24 13:51:45 hplaptop init: mysql main process (12442) terminated with status 1
Mar 24 13:51:45 hplaptop init: mysql main process ended, respawning
Mar 24 13:52:15 hplaptop init: mysql post-start process (12443) terminated with status 1
Mar 24 13:52:15 hplaptop kernel: [ 4570.640014] type=1400 audit(1300989135.279:168): apparmor="STATUS" operation="profile_replace" name="/usr/sbin/mysqld" pid=12508 comm="apparmor_parser"
Mar 24 13:52:15 hplaptop init: mysql main process (12512) terminated with status 1
Mar 24 13:52:15 hplaptop init: mysql main process ended, respawning
Mar 24 13:52:45 hplaptop init: mysql post-start process (12513) terminated with status 1
Mar 24 13:52:45 hplaptop kernel: [ 4600.901702] type=1400 audit(1300989165.549:169): apparmor="STATUS" operation="profile_replace" name="/usr/sbin/mysqld" pid=12578 comm="apparmor_parser"
Mar 24 13:52:45 hplaptop init: mysql main process (12582) terminated with status 1
Mar 24 13:52:45 hplaptop init: mysql main process ended, respawning
Mar 24 13:53:15 hplaptop init: mysql post-start process (12583) terminated with status 1
Mar 24 13:53:15 hplaptop kernel: [ 4631.178835] type=1400 audit(1300989195.819:170): apparmor="STATUS" operation="profile_replace" name="/usr/sbin/mysqld" pid=12648 comm="apparmor_parser"
Mar 24 13:53:15 hplaptop init: mysql main process (12652) terminated with status 1
Mar 24 13:53:15 hplaptop init: mysql main process ended, respawning
Mar 24 13:53:46 hplaptop init: mysql post-start process (12653) terminated with status 1
Mar 24 13:53:46 hplaptop kernel: [ 4661.453148] type=1400 audit(1300989226.099:171): apparmor="STATUS" operation="profile_replace" name="/usr/sbin/mysqld" pid=12718 comm="apparmor_parser"
Mar 24 13:53:46 hplaptop init: mysql main process (12722) terminated with status 1
Mar 24 13:53:46 hplaptop init: mysql main process ended, respawning
Mar 24 13:54:16 hplaptop init: mysql post-start process (12723) terminated with status 1
Mar 24 13:54:16 hplaptop kernel: [ 4691.729514] type=1400 audit(1300989256.369:172): apparmor="STATUS" operation="profile_replace" name="/usr/sbin/mysqld" pid=12788 comm="apparmor_parser"
Mar 24 13:54:16 hplaptop init: mysql main process (12792) terminated with status 1
Mar 24 13:54:16 hplaptop init: mysql main process ended, respawning
Mar 24 13:54:46 hplaptop init: mysql post-start process (12793) terminated with status 1
Mar 24 13:54:46 hplaptop kernel: [ 4722.001884] type=1400 audit(1300989286.649:173): apparmor="STATUS" operation="profile_replace" name="/usr/sbin/mysqld" pid=12858 comm="apparmor_parser"
Mar 24 13:54:46 hplaptop init: mysql main process (12862) terminated with status 1
Mar 24 13:54:46 hplaptop init: mysql main process ended, respawning
Mar 24 13:55:16 hplaptop init: mysql post-start process (12863) terminated with status 1
Mar 24 13:55:16 hplaptop kernel: [ 4752.270662] type=1400 audit(1300989316.919:174): apparmor="STATUS" operation="profile_replace" name="/usr/sbin/mysqld" pid=12928 comm="apparmor_parser"
Mar 24 13:55:16 hplaptop init: mysql main process (12932) terminated with status 1
Mar 24 13:55:16 hplaptop init: mysql main process ended, respawning
Mar 24 13:55:47 hplaptop init: mysql post-start process (12933) terminated with status 1
Mar 24 13:55:47 hplaptop kernel: [ 4782.539028] type=1400 audit(1300989347.179:175): apparmor="STATUS" operation="profile_replace" name="/usr/sbin/mysqld" pid=12998 comm="apparmor_parser"
Mar 24 13:55:47 hplaptop init: mysql main process (13002) terminated with status 1
Mar 24 13:55:47 hplaptop init: mysql main process ended, respawning
Mar 24 13:56:17 hplaptop init: mysql post-start process (13003) terminated with status 1
Mar 24 13:56:17 hplaptop kernel: [ 4812.812072] type=1400 audit(1300989377.459:176): apparmor="STATUS" operation="profile_replace" name="/usr/sbin/mysqld" pid=13068 comm="apparmor_parser"
Mar 24 13:56:17 hplaptop init: mysql main process (13072) terminated with status 1
Mar 24 13:56:17 hplaptop init: mysql main process ended, respawning
Mar 24 13:56:47 hplaptop init: mysql post-start process (13073) terminated with status 1
Mar 24 13:56:47 hplaptop kernel: [ 4843.089324] type=1400 audit(1300989407.729:177): apparmor="STATUS" operation="profile_replace" name="/usr/sbin/mysqld" pid=13138 comm="apparmor_parser"
Mar 24 13:56:47 hplaptop init: mysql main process (13142) terminated with status 1
Mar 24 13:56:47 hplaptop init: mysql main process ended, respawning
Mar 24 13:57:17 hplaptop init: mysql post-start process (13143) terminated with status 1
Mar 24 13:57:18 hplaptop kernel: [ 4873.362024] type=1400 audit(1300989438.009:178): apparmor="STATUS" operation="profile_replace" name="/usr/sbin/mysqld" pid=13208 comm="apparmor_parser"
Mar 24 13:57:18 hplaptop init: mysql main process (13212) terminated with status 1
Mar 24 13:57:18 hplaptop init: mysql main process ended, respawning
Mar 24 13:57:48 hplaptop init: mysql post-start process (13213) terminated with status 1
Mar 24 13:57:48 hplaptop kernel: [ 4903.634146] type=1400 audit(1300989468.279:179): apparmor="STATUS" operation="profile_replace" name="/usr/sbin/mysqld" pid=13278 comm="apparmor_parser"
Mar 24 13:57:48 hplaptop init: mysql main process (13282) terminated with status 1
Mar 24 13:57:48 hplaptop init: mysql main process ended, respawning
Mar 24 13:58:18 hplaptop init: mysql post-start process (13283) terminated with status 1
Mar 24 13:58:18 hplaptop kernel: [ 4933.910062] type=1400 audit(1300989498.559:180): apparmor="STATUS" operation="profile_replace" name="/usr/sbin/mysqld" pid=13348 comm="apparmor_parser"
Mar 24 13:58:18 hplaptop init: mysql main process (13352) terminated with status 1
Mar 24 13:58:18 hplaptop init: mysql main process ended, respawning
Mar 24 13:58:48 hplaptop init: mysql post-start process (13353) terminated with status 1
Mar 24 13:58:48 hplaptop kernel: [ 4964.183053] type=1400 audit(1300989528.829:181): apparmor="STATUS" operation="profile_replace" name="/usr/sbin/mysqld" pid=13418 comm="apparmor_parser"
Mar 24 13:58:48 hplaptop init: mysql main process (13422) terminated with status 1
Mar 24 13:58:48 hplaptop init: mysql main process ended, respawning
Mar 24 13:59:19 hplaptop init: mysql post-start process (13423) terminated with status 1
Mar 24 13:59:19 hplaptop kernel: [ 4994.461563] type=1400 audit(1300989559.109:182): apparmor="STATUS" operation="profile_replace" name="/usr/sbin/mysqld" pid=13488 comm="apparmor_parser"
Mar 24 13:59:19 hplaptop init: mysql main process (13492) terminated with status 1
Mar 24 13:59:19 hplaptop init: mysql main process ended, respawning
Mar 24 13:59:49 hplaptop init: mysql post-start process (13493) terminated with status 1
Mar 24 13:59:49 hplaptop kernel: [ 5024.732361] type=1400 audit(1300989589.379:183): apparmor="STATUS" operation="profile_replace" name="/usr/sbin/mysqld" pid=13558 comm="apparmor_parser"
Mar 24 13:59:49 hplaptop init: mysql main process (13562) terminated with status 1
Mar 24 13:59:49 hplaptop init: mysql main process ended, respawning
Mar 24 14:00:19 hplaptop init: mysql post-start process (13563) terminated with status 1
Mar 24 14:00:19 hplaptop kernel: [ 5055.009368] type=1400 audit(1300989619.649:184): apparmor="STATUS" operation="profile_replace" name="/usr/sbin/mysqld" pid=13628 comm="apparmor_parser"
Mar 24 14:00:19 hplaptop init: mysql main process (13632) terminated with status 1
Mar 24 14:00:19 hplaptop init: mysql main process ended, respawning
Mar 24 14:00:49 hplaptop init: mysql post-start process (13633) terminated with status 1
Mar 24 14:00:49 hplaptop kernel: [ 5085.283554] type=1400 audit(1300989649.929:185): apparmor="STATUS" operation="profile_replace" name="/usr/sbin/mysqld" pid=13698 comm="apparmor_parser"
Mar 24 14:00:49 hplaptop init: mysql main process (13702) terminated with status 1
Mar 24 14:00:49 hplaptop init: mysql main process ended, respawning
Mar 24 14:01:20 hplaptop init: mysql post-start process (13703) terminated with status 1
Mar 24 14:01:20 hplaptop kernel: [ 5115.559989] type=1400 audit(1300989680.199:186): apparmor="STATUS" operation="profile_replace" name="/usr/sbin/mysqld" pid=13768 comm="apparmor_parser"
Mar 24 14:01:20 hplaptop init: mysql main process (13772) terminated with status 1
Mar 24 14:01:20 hplaptop init: mysql main process ended, respawning
Mar 24 14:01:50 hplaptop init: mysql post-start process (13773) terminated with status 1
Mar 24 14:01:50 hplaptop kernel: [ 5145.838543] type=1400 audit(1300989710.479:187): apparmor="STATUS" operation="profile_replace" name="/usr/sbin/mysqld" pid=13838 comm="apparmor_parser"
Mar 24 14:01:50 hplaptop init: mysql main process (13842) terminated with status 1
Mar 24 14:01:50 hplaptop init: mysql main process ended, respawning
Mar 24 14:02:20 hplaptop init: mysql post-start process (13843) terminated with status 1
Mar 24 14:02:20 hplaptop kernel: [ 5176.111264] type=1400 audit(1300989740.759:188): apparmor="STATUS" operation="profile_replace" name="/usr/sbin/mysqld" pid=13908 comm="apparmor_parser"
Mar 24 14:02:20 hplaptop init: mysql main process (13912) terminated with status 1
Mar 24 14:02:20 hplaptop init: mysql main process ended, respawning
Mar 24 14:02:51 hplaptop init: mysql post-start process (13913) terminated with status 1
Mar 24 14:02:51 hplaptop kernel: [ 5206.384181] type=1400 audit(1300989771.029:189): apparmor="STATUS" operation="profile_replace" name="/usr/sbin/mysqld" pid=13978 comm="apparmor_parser"
Mar 24 14:02:51 hplaptop init: mysql main process (13982) terminated with status 1
Mar 24 14:02:51 hplaptop init: mysql main process ended, respawning
Mar 24 14:03:21 hplaptop init: mysql post-start process (13983) terminated with status 1
Mar 24 14:03:21 hplaptop kernel: [ 5236.661793] type=1400 audit(1300989801.309:190): apparmor="STATUS" operation="profile_replace" name="/usr/sbin/mysqld" pid=14048 comm="apparmor_parser"
Mar 24 14:03:21 hplaptop init: mysql main process (14052) terminated with status 1
Mar 24 14:03:21 hplaptop init: mysql main process ended, respawning
Mar 24 14:03:51 hplaptop init: mysql post-start process (14053) terminated with status 1
Mar 24 14:03:51 hplaptop kernel: [ 5266.938939] type=1400 audit(1300989831.579:191): apparmor="STATUS" operation="profile_replace" name="/usr/sbin/mysqld" pid=14118 comm="apparmor_parser"
Mar 24 14:03:51 hplaptop init: mysql main process (14122) terminated with status 1
Mar 24 14:03:51 hplaptop init: mysql main process ended, respawning
Mar 24 14:04:21 hplaptop init: mysql post-start process (14123) terminated with status 1
Mar 24 14:04:21 hplaptop kernel: [ 5297.211747] type=1400 audit(1300989861.859:192): apparmor="STATUS" operation="profile_replace" name="/usr/sbin/mysqld" pid=14188 comm="apparmor_parser"
Mar 24 14:04:21 hplaptop init: mysql main process (14192) terminated with status 1
Mar 24 14:04:21 hplaptop init: mysql main process ended, respawning
Mar 24 14:04:52 hplaptop init: mysql post-start process (14193) terminated with status 1
Mar 24 14:04:52 hplaptop kernel: [ 5327.489191] type=1400 audit(1300989892.129:193): apparmor="STATUS" operation="profile_replace" name="/usr/sbin/mysqld" pid=14258 comm="apparmor_parser"
Mar 24 14:04:52 hplaptop init: mysql main process (14262) terminated with status 1
Mar 24 14:04:52 hplaptop init: mysql main process ended, respawning
Mar 24 14:05:22 hplaptop init: mysql post-start process (14263) terminated with status 1
Mar 24 14:05:22 hplaptop kernel: [ 5357.763283] type=1400 audit(1300989922.409:194): apparmor="STATUS" operation="profile_replace" name="/usr/sbin/mysqld" pid=14328 comm="apparmor_parser"
Mar 24 14:05:22 hplaptop init: mysql main process (14332) terminated with status 1
Mar 24 14:05:22 hplaptop init: mysql main process ended, respawning
Mar 24 14:05:52 hplaptop init: mysql post-start process (14333) terminated with status 1
Mar 24 14:05:52 hplaptop kernel: [ 5388.039928] type=1400 audit(1300989952.679:195): apparmor="STATUS" operation="profile_replace" name="/usr/sbin/mysqld" pid=14398 comm="apparmor_parser"
Mar 24 14:05:52 hplaptop init: mysql main process (14402) terminated with status 1
Mar 24 14:05:52 hplaptop init: mysql main process ended, respawning
Mar 24 14:06:22 hplaptop init: mysql post-start process (14403) terminated with status 1
Mar 24 14:06:22 hplaptop kernel: [ 5418.318721] type=1400 audit(1300989982.959:196): apparmor="STATUS" operation="profile_replace" name="/usr/sbin/mysqld" pid=14468 comm="apparmor_parser"
Mar 24 14:06:22 hplaptop init: mysql main process (14472) terminated with status 1
Mar 24 14:06:22 hplaptop init: mysql main process ended, respawning
Mar 24 14:06:53 hplaptop init: mysql post-start process (14473) terminated with status 1
Mar 24 14:06:53 hplaptop kernel: [ 5448.593675] type=1400 audit(1300990013.239:197): apparmor="STATUS" operation="profile_replace" name="/usr/sbin/mysqld" pid=14538 comm="apparmor_parser"
Mar 24 14:06:53 hplaptop init: mysql main process (14542) terminated with status 1
Mar 24 14:06:53 hplaptop init: mysql main process ended, respawning
Mar 24 14:07:23 hplaptop init: mysql post-start process (14543) terminated with status 1
Mar 24 14:07:23 hplaptop kernel: [ 5478.869281] type=1400 audit(1300990043.509:198): apparmor="STATUS" operation="profile_replace" name="/usr/sbin/mysqld" pid=14608 comm="apparmor_parser"
Mar 24 14:07:23 hplaptop init: mysql main process (14612) terminated with status 1
Mar 24 14:07:23 hplaptop init: mysql main process ended, respawning
Mar 24 14:07:53 hplaptop init: mysql post-start process (14613) terminated with status 1
Mar 24 14:07:53 hplaptop kernel: [ 5509.143622] type=1400 audit(1300990073.789:199): apparmor="STATUS" operation="profile_replace" name="/usr/sbin/mysqld" pid=14678 comm="apparmor_parser"
Mar 24 14:07:53 hplaptop init: mysql main process (14682) terminated with status 1
Mar 24 14:07:53 hplaptop init: mysql main process ended, respawning
Mar 24 14:08:24 hplaptop init: mysql post-start process (14683) terminated with status 1
Mar 24 14:08:24 hplaptop kernel: [ 5539.413167] type=1400 audit(1300990104.059:200): apparmor="STATUS" operation="profile_replace" name="/usr/sbin/mysqld" pid=14748 comm="apparmor_parser"
Mar 24 14:08:24 hplaptop init: mysql main process (14752) terminated with status 1
Mar 24 14:08:24 hplaptop init: mysql main process ended, respawning
Mar 24 14:08:54 hplaptop init: mysql post-start process (14753) terminated with status 1
Mar 24 14:08:54 hplaptop kernel: [ 5569.689664] type=1400 audit(1300990134.329:201): apparmor="STATUS" operation="profile_replace" name="/usr/sbin/mysqld" pid=14818 comm="apparmor_parser"
Mar 24 14:08:54 hplaptop init: mysql main process (14822) terminated with status 1
Mar 24 14:08:54 hplaptop init: mysql main process ended, respawning
Mar 24 14:09:24 hplaptop init: mysql post-start process (14823) terminated with status 1
Mar 24 14:09:24 hplaptop kernel: [ 5599.963609] type=1400 audit(1300990164.609:202): apparmor="STATUS" operation="profile_replace" name="/usr/sbin/mysqld" pid=14888 comm="apparmor_parser"
Mar 24 14:09:24 hplaptop init: mysql main process (14892) terminated with status 1
Mar 24 14:09:24 hplaptop init: mysql main process ended, respawning
Mar 24 14:09:54 hplaptop init: mysql post-start process (14893) terminated with status 1
Mar 24 14:09:54 hplaptop kernel: [ 5630.239844] type=1400 audit(1300990194.879:203): apparmor="STATUS" operation="profile_replace" name="/usr/sbin/mysqld" pid=14958 comm="apparmor_parser"
Mar 24 14:09:54 hplaptop init: mysql main process (14962) terminated with status 1
Mar 24 14:09:54 hplaptop init: mysql main process ended, respawning
Mar 24 14:10:25 hplaptop init: mysql post-start process (14963) terminated with status 1
Mar 24 14:10:25 hplaptop kernel: [ 5660.513547] type=1400 audit(1300990225.159:204): apparmor="STATUS" operation="profile_replace" name="/usr/sbin/mysqld" pid=15028 comm="apparmor_parser"
Mar 24 14:10:25 hplaptop init: mysql main process (15032) terminated with status 1
Mar 24 14:10:25 hplaptop init: mysql main process ended, respawning
Mar 24 14:10:55 hplaptop init: mysql post-start process (15033) terminated with status 1
Mar 24 14:10:55 hplaptop kernel: [ 5690.781742] type=1400 audit(1300990255.429:205): apparmor="STATUS" operation="profile_replace" name="/usr/sbin/mysqld" pid=15098 comm="apparmor_parser"
Mar 24 14:10:55 hplaptop init: mysql main process (15102) terminated with status 1
Mar 24 14:10:55 hplaptop init: mysql main process ended, respawning
Mar 24 14:11:25 hplaptop init: mysql post-start process (15103) terminated with status 1
Mar 24 14:11:25 hplaptop kernel: [ 5721.050850] type=1400 audit(1300990285.699:206): apparmor="STATUS" operation="profile_replace" name="/usr/sbin/mysqld" pid=15168 comm="apparmor_parser"
Mar 24 14:11:25 hplaptop init: mysql main process (15172) terminated with status 1
Mar 24 14:11:25 hplaptop init: mysql main process ended, respawning
Mar 24 14:11:55 hplaptop init: mysql post-start process (15173) terminated with status 1
Mar 24 14:11:55 hplaptop kernel: [ 5751.321847] type=1400 audit(1300990315.969:207): apparmor="STATUS" operation="profile_replace" name="/usr/sbin/mysqld" pid=15238 comm="apparmor_parser"
Mar 24 14:11:55 hplaptop init: mysql main process (15242) terminated with status 1
Mar 24 14:11:55 hplaptop init: mysql main process ended, respawning
Mar 24 14:12:26 hplaptop init: mysql post-start process (15243) terminated with status 1
Mar 24 14:12:26 hplaptop kernel: [ 5781.592586] type=1400 audit(1300990346.239:208): apparmor="STATUS" operation="profile_replace" name="/usr/sbin/mysqld" pid=15308 comm="apparmor_parser"
Mar 24 14:12:26 hplaptop init: mysql main process (15312) terminated with status 1
Mar 24 14:12:26 hplaptop init: mysql main process ended, respawning
Mar 24 14:12:56 hplaptop init: mysql post-start process (15313) terminated with status 1
Mar 24 14:12:56 hplaptop kernel: [ 5811.869649] type=1400 audit(1300990376.509:209): apparmor="STATUS" operation="profile_replace" name="/usr/sbin/mysqld" pid=15378 comm="apparmor_parser"
Mar 24 14:12:56 hplaptop init: mysql main process (15382) terminated with status 1
Mar 24 14:12:56 hplaptop init: mysql main process ended, respawning
Mar 24 14:13:26 hplaptop init: mysql post-start process (15383) terminated with status 1
Mar 24 14:13:26 hplaptop kernel: [ 5842.143681] type=1400 audit(1300990406.789:210): apparmor="STATUS" operation="profile_replace" name="/usr/sbin/mysqld" pid=15448 comm="apparmor_parser"
Mar 24 14:13:26 hplaptop init: mysql main process (15452) terminated with status 1
Mar 24 14:13:26 hplaptop init: mysql main process ended, respawning
Mar 24 14:13:57 hplaptop init: mysql post-start process (15453) terminated with status 1
Mar 24 14:13:57 hplaptop kernel: [ 5872.421703] type=1400 audit(1300990437.069:211): apparmor="STATUS" operation="profile_replace" name="/usr/sbin/mysqld" pid=15518 comm="apparmor_parser"
Mar 24 14:13:57 hplaptop init: mysql main process (15522) terminated with status 1
Mar 24 14:13:57 hplaptop init: mysql main process ended, respawning
Mar 24 14:14:27 hplaptop init: mysql post-start process (15523) terminated with status 1
Mar 24 14:14:27 hplaptop kernel: [ 5902.694210] type=1400 audit(1300990467.339:212): apparmor="STATUS" operation="profile_replace" name="/usr/sbin/mysqld" pid=15588 comm="apparmor_parser"
Mar 24 14:14:27 hplaptop init: mysql main process (15592) terminated with status 1
Mar 24 14:14:27 hplaptop init: mysql main process ended, respawning
Mar 24 14:14:57 hplaptop init: mysql post-start process (15593) terminated with status 1
Mar 24 14:14:57 hplaptop kernel: [ 5932.971728] type=1400 audit(1300990497.619:213): apparmor="STATUS" operation="profile_replace" name="/usr/sbin/mysqld" pid=15658 comm="apparmor_parser"
Mar 24 14:14:57 hplaptop init: mysql main process (15662) terminated with status 1
Mar 24 14:14:57 hplaptop init: mysql main process ended, respawning
Mar 24 14:15:27 hplaptop init: mysql post-start process (15663) terminated with status 1
Mar 24 14:15:27 hplaptop kernel: [ 5963.249394] type=1400 audit(1300990527.889:214): apparmor="STATUS" operation="profile_replace" name="/usr/sbin/mysqld" pid=15728 comm="apparmor_parser"
Mar 24 14:15:27 hplaptop init: mysql main process (15732) terminated with status 1
Mar 24 14:15:27 hplaptop init: mysql main process ended, respawning
Mar 24 14:15:58 hplaptop init: mysql post-start process (15733) terminated with status 1
Mar 24 14:15:58 hplaptop kernel: [ 5993.523885] type=1400 audit(1300990558.169:215): apparmor="STATUS" operation="profile_replace" name="/usr/sbin/mysqld" pid=15798 comm="apparmor_parser"
Mar 24 14:15:58 hplaptop init: mysql main process (15802) terminated with status 1
Mar 24 14:15:58 hplaptop init: mysql main process ended, respawning
Mar 24 14:16:28 hplaptop init: mysql post-start process (15803) terminated with status 1
Mar 24 14:16:28 hplaptop kernel: [ 6023.799973] type=1400 audit(1300990588.439:216): apparmor="STATUS" operation="profile_replace" name="/usr/sbin/mysqld" pid=15868 comm="apparmor_parser"
Mar 24 14:16:28 hplaptop init: mysql main process (15872) terminated with status 1
Mar 24 14:16:28 hplaptop init: mysql main process ended, respawning
Mar 24 14:16:58 hplaptop init: mysql post-start process (15873) terminated with status 1
Mar 24 14:16:58 hplaptop kernel: [ 6054.073717] type=1400 audit(1300990618.719:217): apparmor="STATUS" operation="profile_replace" name="/usr/sbin/mysqld" pid=15938 comm="apparmor_parser"
Mar 24 14:16:58 hplaptop init: mysql main process (15942) terminated with status 1
Mar 24 14:16:58 hplaptop init: mysql main process ended, respawning
Mar 24 14:17:01 hplaptop CRON[15955]: (root) CMD (   cd / && run-parts --report /etc/cron.hourly)
Mar 24 14:17:28 hplaptop init: mysql post-start process (15943) terminated with status 1
Mar 24 14:17:29 hplaptop kernel: [ 6084.341734] type=1400 audit(1300990648.989:218): apparmor="STATUS" operation="profile_replace" name="/usr/sbin/mysqld" pid=16011 comm="apparmor_parser"
Mar 24 14:17:29 hplaptop init: mysql main process (16015) terminated with status 1
Mar 24 14:17:29 hplaptop init: mysql main process ended, respawning
Mar 24 14:17:59 hplaptop init: mysql post-start process (16016) terminated with status 1
Mar 24 14:17:59 hplaptop kernel: [ 6114.614271] type=1400 audit(1300990679.259:219): apparmor="STATUS" operation="profile_replace" name="/usr/sbin/mysqld" pid=16081 comm="apparmor_parser"
Mar 24 14:17:59 hplaptop init: mysql main process (16085) terminated with status 1
Mar 24 14:17:59 hplaptop init: mysql main process ended, respawning
Mar 24 14:18:29 hplaptop init: mysql post-start process (16086) terminated with status 1
Mar 24 14:18:29 hplaptop kernel: [ 6144.890072] type=1400 audit(1300990709.539:220): apparmor="STATUS" operation="profile_replace" name="/usr/sbin/mysqld" pid=16151 comm="apparmor_parser"
Mar 24 14:18:29 hplaptop init: mysql main process (16155) terminated with status 1
Mar 24 14:18:29 hplaptop init: mysql main process ended, respawning
Mar 24 14:18:59 hplaptop init: mysql post-start process (16156) terminated with status 1
Mar 24 14:18:59 hplaptop kernel: [ 6175.169305] type=1400 audit(1300990739.809:221): apparmor="STATUS" operation="profile_replace" name="/usr/sbin/mysqld" pid=16221 comm="apparmor_parser"
Mar 24 14:18:59 hplaptop init: mysql main process (16225) terminated with status 1
Mar 24 14:18:59 hplaptop init: mysql main process ended, respawning
Mar 24 14:19:30 hplaptop init: mysql post-start process (16226) terminated with status 1
Mar 24 14:19:30 hplaptop kernel: [ 6205.443501] type=1400 audit(1300990770.089:222): apparmor="STATUS" operation="profile_replace" name="/usr/sbin/mysqld" pid=16291 comm="apparmor_parser"
Mar 24 14:19:30 hplaptop init: mysql main process (16295) terminated with status 1
Mar 24 14:19:30 hplaptop init: mysql main process ended, respawning
Mar 24 14:20:00 hplaptop init: mysql post-start process (16296) terminated with status 1
Mar 24 14:20:00 hplaptop kernel: [ 6235.719700] type=1400 audit(1300990800.359:223): apparmor="STATUS" operation="profile_replace" name="/usr/sbin/mysqld" pid=16361 comm="apparmor_parser"
Mar 24 14:20:00 hplaptop init: mysql main process (16365) terminated with status 1
Mar 24 14:20:00 hplaptop init: mysql main process ended, respawning
Mar 24 14:20:30 hplaptop init: mysql post-start process (16366) terminated with status 1
Mar 24 14:20:30 hplaptop kernel: [ 6265.992074] type=1400 audit(1300990830.639:224): apparmor="STATUS" operation="profile_replace" name="/usr/sbin/mysqld" pid=16431 comm="apparmor_parser"
Mar 24 14:20:30 hplaptop init: mysql main process (16435) terminated with status 1
Mar 24 14:20:30 hplaptop init: mysql main process ended, respawning
Mar 24 14:21:00 hplaptop init: mysql post-start process (16436) terminated with status 1
Mar 24 14:21:00 hplaptop kernel: [ 6296.264193] type=1400 audit(1300990860.909:225): apparmor="STATUS" operation="profile_replace" name="/usr/sbin/mysqld" pid=16501 comm="apparmor_parser"
Mar 24 14:21:00 hplaptop init: mysql main process (16505) terminated with status 1
Mar 24 14:21:00 hplaptop init: mysql main process ended, respawning
Mar 24 14:21:31 hplaptop init: mysql post-start process (16506) terminated with status 1
Mar 24 14:21:31 hplaptop kernel: [ 6326.541392] type=1400 audit(1300990891.189:226): apparmor="STATUS" operation="profile_replace" name="/usr/sbin/mysqld" pid=16571 comm="apparmor_parser"
Mar 24 14:21:31 hplaptop init: mysql main process (16575) terminated with status 1
Mar 24 14:21:31 hplaptop init: mysql main process ended, respawning
Mar 24 14:22:01 hplaptop init: mysql post-start process (16576) terminated with status 1
Mar 24 14:22:01 hplaptop kernel: [ 6356.818784] type=1400 audit(1300990921.459:227): apparmor="STATUS" operation="profile_replace" name="/usr/sbin/mysqld" pid=16641 comm="apparmor_parser"
Mar 24 14:22:01 hplaptop init: mysql main process (16645) terminated with status 1
Mar 24 14:22:01 hplaptop init: mysql main process ended, respawning
Mar 24 14:22:31 hplaptop init: mysql post-start process (16646) terminated with status 1
Mar 24 14:22:31 hplaptop kernel: [ 6387.093403] type=1400 audit(1300990951.739:228): apparmor="STATUS" operation="profile_replace" name="/usr/sbin/mysqld" pid=16711 comm="apparmor_parser"
Mar 24 14:22:31 hplaptop init: mysql main process (16715) terminated with status 1
Mar 24 14:22:31 hplaptop init: mysql main process ended, respawning
Mar 24 14:23:01 hplaptop init: mysql post-start process (16716) terminated with status 1
Mar 24 14:23:02 hplaptop kernel: [ 6417.371541] type=1400 audit(1300990982.019:229): apparmor="STATUS" operation="profile_replace" name="/usr/sbin/mysqld" pid=16781 comm="apparmor_parser"
Mar 24 14:23:02 hplaptop init: mysql main process (16785) terminated with status 1
Mar 24 14:23:02 hplaptop init: mysql main process ended, respawning
Mar 24 14:23:32 hplaptop init: mysql post-start process (16786) terminated with status 1
Mar 24 14:23:32 hplaptop kernel: [ 6447.644155] type=1400 audit(1300991012.289:230): apparmor="STATUS" operation="profile_replace" name="/usr/sbin/mysqld" pid=16851 comm="apparmor_parser"
Mar 24 14:23:32 hplaptop init: mysql main process (16855) terminated with status 1
Mar 24 14:23:32 hplaptop init: mysql main process ended, respawning
Mar 24 14:24:02 hplaptop init: mysql post-start process (16856) terminated with status 1
Mar 24 14:24:02 hplaptop kernel: [ 6477.919949] type=1400 audit(1300991042.559:231): apparmor="STATUS" operation="profile_replace" name="/usr/sbin/mysqld" pid=16921 comm="apparmor_parser"
Mar 24 14:24:02 hplaptop init: mysql main process (16925) terminated with status 1
Mar 24 14:24:02 hplaptop init: mysql main process ended, respawning
Mar 24 14:24:32 hplaptop init: mysql post-start process (16926) terminated with status 1
Mar 24 14:24:32 hplaptop kernel: [ 6508.192994] type=1400 audit(1300991072.839:232): apparmor="STATUS" operation="profile_replace" name="/usr/sbin/mysqld" pid=16991 comm="apparmor_parser"
Mar 24 14:24:32 hplaptop init: mysql main process (16995) terminated with status 1
Mar 24 14:24:32 hplaptop init: mysql main process ended, respawning
Mar 24 14:25:03 hplaptop init: mysql post-start process (16996) terminated with status 1
Mar 24 14:25:03 hplaptop kernel: [ 6538.469740] type=1400 audit(130099110Mar 26 21:17:24 hplaptop kernel: imklog 4.2.0, log source = /proc/kmsg started.
Mar 26 21:17:24 hplaptop rsyslogd: [origin software="rsyslogd" swVersion="4.2.0" x-pid="1171" x-info="http://www.rsyslog.com"] (re)start
Mar 26 21:17:24 hplaptop rsyslogd: rsyslogd's groupid changed to 103
Mar 26 21:17:24 hplaptop rsyslogd: rsyslogd's userid changed to 101
Mar 26 21:17:24 hplaptop rsyslogd-2039: Could no open output file '/dev/xconsole' [try http://www.rsyslog.com/e/2039 ]
Mar 26 21:17:24 hplaptop avahi-daemon[1202]: Found user 'avahi' (UID 104) and group 'avahi' (GID 109).
Mar 26 21:17:24 hplaptop avahi-daemon[1202]: Successfully dropped root privileges.
Mar 26 21:17:24 hplaptop avahi-daemon[1202]: avahi-daemon 0.6.27 starting up.
Mar 26 21:17:24 hplaptop NetworkManager[1197]: <info> NetworkManager (version 0.8.1) is starting...
Mar 26 21:17:24 hplaptop NetworkManager[1197]: <info> Read config file /etc/NetworkManager/nm-system-settings.conf
Mar 26 21:17:24 hplaptop avahi-daemon[1202]: Successfully called chroot().
Mar 26 21:17:24 hplaptop avahi-daemon[1202]: Successfully dropped remaining capabilities.
Mar 26 21:17:24 hplaptop NetworkManager[1197]: <info> trying to start the modem manager...
Mar 26 21:17:24 hplaptop NetworkManager[1197]: <info> monitoring kernel firmware directory '/lib/firmware'.
Mar 26 21:17:24 hplaptop NetworkManager[1197]:    SCPlugin-Ifupdown: init!
Mar 26 21:17:24 hplaptop modem-manager: ModemManager (version 0.4) starting...
Mar 26 21:17:24 hplaptop avahi-daemon[1202]: No service file found in /etc/avahi/services.
Mar 26 21:17:24 hplaptop NetworkManager[1197]:    SCPlugin-Ifupdown: update_system_hostname
Mar 26 21:17:24 hplaptop modem-manager: Loaded plugin Option High-Speed
Mar 26 21:17:24 hplaptop NetworkManager[1197]:    SCPluginIfupdown: management mode: unmanaged
Mar 26 21:17:24 hplaptop modem-manager: Loaded plugin MotoC
Mar 26 21:17:24 hplaptop NetworkManager[1197]:    SCPlugin-Ifupdown: devices added (path: /sys/devices/pci0000:00/0000:00:19.0/net/eth0, iface: eth0)
Mar 26 21:17:24 hplaptop modem-manager: Loaded plugin Novatel
Mar 26 21:17:24 hplaptop NetworkManager[1197]:    SCPlugin-Ifupdown: device added (path: /sys/devices/pci0000:00/0000:00:19.0/net/eth0, iface: eth0): no ifupdown configuration found.
Mar 26 21:17:24 hplaptop modem-manager: Loaded plugin AnyData
Mar 26 21:17:24 hplaptop NetworkManager[1197]:    SCPlugin-Ifupdown: devices added (path: /sys/devices/pci0000:00/0000:00:1c.3/0000:44:00.0/net/wlan0, iface: wlan0)
Mar 26 21:17:24 hplaptop modem-manager: Loaded plugin Nokia
Mar 26 21:17:24 hplaptop NetworkManager[1197]:    SCPlugin-Ifupdown: device added (path: /sys/devices/pci0000:00/0000:00:1c.3/0000:44:00.0/net/wlan0, iface: wlan0): no ifupdown configuration found.
Mar 26 21:17:24 hplaptop modem-manager: Loaded plugin SimTech
Mar 26 21:17:24 hplaptop NetworkManager[1197]:    SCPlugin-Ifupdown: devices added (path: /sys/devices/virtual/net/lo, iface: lo)
Mar 26 21:17:24 hplaptop modem-manager: Loaded plugin ZTE
Mar 26 21:17:24 hplaptop NetworkManager[1197]:    SCPlugin-Ifupdown: device added (path: /sys/devices/virtual/net/lo, iface: lo): no ifupdown configuration found.
Mar 26 21:17:24 hplaptop kernel: [    0.000000] Initializing cgroup subsys cpuset
Mar 26 21:17:24 hplaptop modem-manager: Loaded plugin Generic
Mar 26 21:17:24 hplaptop kernel: [    0.000000] Initializing cgroup subsys cpu
Mar 26 21:17:24 hplaptop kernel: [    0.000000] Linux version 2.6.35-28-generic (buildd@allspice) (gcc version 4.4.5 (Ubuntu/Linaro 4.4.4-14ubuntu5) ) #49-Ubuntu SMP Tue Mar 1 14:39:03 UTC 2011 (Ubuntu 2.6.35-28.49-generic 2.6.35.11)
Mar 26 21:17:24 hplaptop kernel: [    0.000000] Command line: BOOT_IMAGE=/boot/vmlinuz-2.6.35-28-generic root=UUID=3d6699d4-1c0c-4ed4-a2ad-b8874aee13bf ro quiet splash
Mar 26 21:17:24 hplaptop kernel: [    0.000000] BIOS-provided physical RAM map:
Mar 26 21:17:24 hplaptop kernel: [    0.000000]  BIOS-e820: 0000000000000000 - 000000000009fc00 (usable)
Mar 26 21:17:24 hplaptop kernel: [    0.000000]  BIOS-e820: 000000000009fc00 - 00000000000a0000 (reserved)
Mar 26 21:17:24 hplaptop kernel: [    0.000000]  BIOS-e820: 00000000000e0000 - 0000000000100000 (reserved)
Mar 26 21:17:24 hplaptop kernel: [    0.000000]  BIOS-e820: 0000000000100000 - 00000000befc2000 (usable)
Mar 26 21:17:24 hplaptop kernel: [    0.000000]  BIOS-e820: 00000000befc2000 - 00000000bf6c2000 (reserved)
Mar 26 21:17:24 hplaptop kernel: [    0.000000]  BIOS-e820: 00000000bf6c2000 - 00000000bf7c2000 (ACPI NVS)
Mar 26 21:17:24 hplaptop kernel: [    0.000000]  BIOS-e820: 00000000bf7c2000 - 00000000bf7ff000 (ACPI data)
Mar 26 21:17:24 hplaptop kernel: [    0.000000]  BIOS-e820: 00000000bf7ff000 - 00000000bf800000 (usable)
Mar 26 21:17:24 hplaptop kernel: [    0.000000]  BIOS-e820: 00000000bf800000 - 00000000c0000000 (reserved)
Mar 26 21:17:24 hplaptop kernel: [    0.000000]  BIOS-e820: 00000000e0000000 - 00000000f0000000 (reserved)
Mar 26 21:17:24 hplaptop kernel: [    0.000000]  BIOS-e820: 00000000fec00000 - 00000000fec01000 (reserved)
Mar 26 21:17:24 hplaptop kernel: [    0.000000]  BIOS-e820: 00000000fed10000 - 00000000fed14000 (reserved)
Mar 26 21:17:24 hplaptop kernel: [    0.000000]  BIOS-e820: 00000000fed19000 - 00000000fed1a000 (reserved)
Mar 26 21:17:24 hplaptop kernel: [    0.000000]  BIOS-e820: 00000000fed1b000 - 00000000fed20000 (reserved)
Mar 26 21:17:24 hplaptop kernel: [    0.000000]  BIOS-e820: 00000000fee00000 - 00000000fee01000 (reserved)
Mar 26 21:17:24 hplaptop kernel: [    0.000000]  BIOS-e820: 00000000ffd00000 - 0000000100000000 (reserved)
Mar 26 21:17:24 hplaptop kernel: [    0.000000]  BIOS-e820: 0000000100000000 - 0000000138000000 (usable)
Mar 26 21:17:24 hplaptop kernel: [    0.000000] NX (Execute Disable) protection: active
Mar 26 21:17:24 hplaptop kernel: [    0.000000] DMI 2.6 present.
Mar 26 21:17:24 hplaptop kernel: [    0.000000] e820 update range: 0000000000000000 - 0000000000001000 (usable) ==> (reserved)
Mar 26 21:17:24 hplaptop kernel: [    0.000000] e820 remove range: 00000000000a0000 - 0000000000100000 (usable)
Mar 26 21:17:24 hplaptop kernel: [    0.000000] No AGP bridge found
Mar 26 21:17:24 hplaptop kernel: [    0.000000] last_pfn = 0x138000 max_arch_pfn = 0x400000000
Mar 26 21:17:24 hplaptop kernel: [    0.000000] MTRR default type: uncachable
Mar 26 21:17:24 hplaptop kernel: [    0.000000] MTRR fixed ranges enabled:
Mar 26 21:17:24 hplaptop kernel: [    0.000000]   00000-9FFFF write-back
Mar 26 21:17:24 hplaptop kernel: [    0.000000]   A0000-BFFFF uncachable
Mar 26 21:17:24 hplaptop kernel: [    0.000000]   C0000-FFFFF write-protect
Mar 26 21:17:24 hplaptop kernel: [    0.000000] MTRR variable ranges enabled:
Mar 26 21:17:24 hplaptop kernel: [    0.000000]   0 base 0FFC00000 mask FFFC00000 write-protect
Mar 26 21:17:24 hplaptop kernel: [    0.000000]   1 base 000000000 mask F80000000 write-back
Mar 26 21:17:24 hplaptop kernel: [    0.000000]   2 base 080000000 mask FC0000000 write-back
Mar 26 21:17:24 hplaptop kernel: [    0.000000]   3 base 100000000 mask FC0000000 write-back
Mar 26 21:17:24 hplaptop kernel: [    0.000000]   4 base 138000000 mask FF8000000 uncachable
Mar 26 21:17:24 hplaptop kernel: [    0.000000]   5 disabled
Mar 26 21:17:24 hplaptop kernel: [    0.000000]   6 disabled
Mar 26 21:17:24 hplaptop kernel: [    0.000000]   7 disabled
Mar 26 21:17:24 hplaptop kernel: [    0.000000] x86 PAT enabled: cpu 0, old 0x7040600070406, new 0x7010600070106
Mar 26 21:17:24 hplaptop kernel: [    0.000000] last_pfn = 0xbf800 max_arch_pfn = 0x400000000
Mar 26 21:17:24 hplaptop kernel: [    0.000000] e820 update range: 0000000000001000 - 0000000000010000 (usable) ==> (reserved)
Mar 26 21:17:24 hplaptop kernel: [    0.000000] Scanning 1 areas for low memory corruption
Mar 26 21:17:24 hplaptop kernel: [    0.000000] modified physical RAM map:
Mar 26 21:17:24 hplaptop kernel: [    0.000000]  modified: 0000000000000000 - 0000000000010000 (reserved)
Mar 26 21:17:24 hplaptop kernel: [    0.000000]  modified: 0000000000010000 - 000000000009fc00 (usable)
Mar 26 21:17:24 hplaptop kernel: [    0.000000]  modified: 000000000009fc00 - 00000000000a0000 (reserved)
Mar 26 21:17:24 hplaptop kernel: [    0.000000]  modified: 00000000000e0000 - 0000000000100000 (reserved)
Mar 26 21:17:24 hplaptop kernel: [    0.000000]  modified: 0000000000100000 - 00000000befc2000 (usable)
Mar 26 21:17:24 hplaptop kernel: [    0.000000]  modified: 00000000befc2000 - 00000000bf6c2000 (reserved)
Mar 26 21:17:24 hplaptop kernel: [    0.000000]  modified: 00000000bf6c2000 - 00000000bf7c2000 (ACPI NVS)
Mar 26 21:17:24 hplaptop kernel: [    0.000000]  modified: 00000000bf7c2000 - 00000000bf7ff000 (ACPI data)
Mar 26 21:17:24 hplaptop kernel: [    0.000000]  modified: 00000000bf7ff000 - 00000000bf800000 (usable)
Mar 26 21:17:24 hplaptop kernel: [    0.000000]  modified: 00000000bf800000 - 00000000c0000000 (reserved)
Mar 26 21:17:24 hplaptop kernel: [    0.000000]  modified: 00000000e0000000 - 00000000f0000000 (reserved)
Mar 26 21:17:24 hplaptop kernel: [    0.000000]  modified: 00000000fec00000 - 00000000fec01000 (reserved)
Mar 26 21:17:24 hplaptop kernel: [    0.000000]  modified: 00000000fed10000 - 00000000fed14000 (reserved)
Mar 26 21:17:24 hplaptop kernel: [    0.000000]  modified: 00000000fed19000 - 00000000fed1a000 (reserved)
Mar 26 21:17:24 hplaptop kernel: [    0.000000]  modified: 00000000fed1b000 - 00000000fed20000 (reserved)
Mar 26 21:17:24 hplaptop kernel: [    0.000000]  modified: 00000000fee00000 - 00000000fee01000 (reserved)
Mar 26 21:17:24 hplaptop kernel: [    0.000000]  modified: 00000000ffd00000 - 0000000100000000 (reserved)
Mar 26 21:17:24 hplaptop kernel: [    0.000000]  modified: 0000000100000000 - 0000000138000000 (usable)
Mar 26 21:17:24 hplaptop kernel: [    0.000000] initial memory mapped : 0 - 20000000
Mar 26 21:17:24 hplaptop kernel: [    0.000000] init_memory_mapping: 0000000000000000-00000000bf800000
Mar 26 21:17:24 hplaptop kernel: [    0.000000]  0000000000 - 00bf800000 page 2M
Mar 26 21:17:24 hplaptop kernel: [    0.000000] kernel direct mapping tables up to bf800000 @ 16000-1a000
Mar 26 21:17:24 hplaptop kernel: [    0.000000] init_memory_mapping: 0000000100000000-0000000138000000
Mar 26 21:17:24 hplaptop kernel: [    0.000000]  0100000000 - 0138000000 page 2M
Mar 26 21:17:24 hplaptop kernel: [    0.000000] kernel direct mapping tables up to 138000000 @ 18000-1e000
Mar 26 21:17:24 hplaptop kernel: [    0.000000] RAMDISK: 3756f000 - 37ff0000
Mar 26 21:17:24 hplaptop kernel: [    0.000000] ACPI: RSDP 00000000000fddc0 00024 (v02 HPQOEM)
Mar 26 21:17:24 hplaptop kernel: [    0.000000] ACPI: XSDT 00000000bf7fe120 00094 (v01 HPQOEM SLIC-MPC 0000000F      01000013)
Mar 26 21:17:24 hplaptop kernel: [    0.000000] ACPI: FACP 00000000bf7fc000 000F4 (v03 HPQOEM 1521     0000000F HP   00000001)
Mar 26 21:17:24 hplaptop kernel: [    0.000000] ACPI: DSDT 00000000bf7da000 1C77F (v02 HPQOEM 1521     00000001 INTL 20060912)
Mar 26 21:17:24 hplaptop kernel: [    0.000000] ACPI: FACS 00000000bf760000 00040
Mar 26 21:17:24 hplaptop kernel: [    0.000000] ACPI: HPET 00000000bf7fb000 00038 (v01 HPQOEM 1521     00000001 HP   00000001)
Mar 26 21:17:24 hplaptop kernel: [    0.000000] ACPI: APIC 00000000bf7fa000 000BC (v01 HPQOEM 1521     00000001 HP   00000001)
Mar 26 21:17:24 hplaptop kernel: [    0.000000] ACPI: MCFG 00000000bf7f9000 0003C (v01 HPQOEM 1521     00000001 HP   00000001)
Mar 26 21:17:24 hplaptop kernel: [    0.000000] ACPI: TCPA 00000000bf7f7000 00032 (v02 HPQOEM 1521     00000000 HP   00000001)
Mar 26 21:17:24 hplaptop kernel: [    0.000000] ACPI: SSDT 00000000bf7d9000 0064F (v01 HPQOEM  SataPri 00001000 INTL 20060912)
Mar 26 21:17:24 hplaptop kernel: [    0.000000] ACPI: SSDT 00000000bf7d8000 00692 (v01 HPQOEM  SataSec 00001000 INTL 20060912)
Mar 26 21:17:24 hplaptop kernel: [    0.000000] ACPI: SSDT 00000000bf7d6000 00314 (v01 HPQOEM PtidDevc 00001000 INTL 20060912)
Mar 26 21:17:24 hplaptop kernel: [    0.000000] ACPI: SLIC 00000000bf7d5000 00176 (v01 HPQOEM SLIC-MPC 00000001 HP   00000001)
Mar 26 21:17:24 hplaptop kernel: [    0.000000] ACPI: SSDT 00000000bf7d4000 00A02 (v01 HPQOEM   ATIGFX 00000001 INTL 20060912)
Mar 26 21:17:24 hplaptop kernel: [    0.000000] ACPI: SSDT 00000000bf7d0000 00A10 (v01  PmRef    CpuPm 00003000 INTL 20060912)
Mar 26 21:17:24 hplaptop kernel: [    0.000000] ACPI: SSDT 00000000bf7cf000 00288 (v01  PmRef  Cpu0Tst 00003000 INTL 20060912)
Mar 26 21:17:24 hplaptop kernel: [    0.000000] ACPI: SSDT 00000000bf7ce000 00225 (v01  PmRef    ApTst 00003000 INTL 20060912)
Mar 26 21:17:24 hplaptop kernel: [    0.000000] ACPI: ASF! 00000000bf7f8000 000A0 (v32 HPQOEM 1521     00000001 HP   00000001)
Mar 26 21:17:24 hplaptop kernel: [    0.000000] ACPI: Local APIC address 0xfee00000
Mar 26 21:17:24 hplaptop kernel: [    0.000000] No NUMA configuration found
Mar 26 21:17:24 hplaptop kernel: [    0.000000] Faking a node at 0000000000000000-0000000138000000
Mar 26 21:17:24 hplaptop kernel: [    0.000000] Initmem setup node 0 0000000000000000-0000000138000000
Mar 26 21:17:24 hplaptop kernel: [    0.000000]   NODE_DATA [0000000100000000 - 0000000100004fff]
Mar 26 21:17:24 hplaptop kernel: [    0.000000]  [ffffea0000000000-ffffea00045fffff] PMD -> [ffff880100200000-ffff8801039fffff] on node 0
Mar 26 21:17:24 hplaptop kernel: [    0.000000] Zone PFN ranges:
Mar 26 21:17:24 hplaptop kernel: [    0.000000]   DMA      0x00000010 -> 0x00001000
Mar 26 21:17:24 hplaptop kernel: [    0.000000]   DMA32    0x00001000 -> 0x00100000
Mar 26 21:17:24 hplaptop kernel: [    0.000000]   Normal   0x00100000 -> 0x00138000
Mar 26 21:17:24 hplaptop kernel: [    0.000000] Movable zone start PFN for each node
Mar 26 21:17:24 hplaptop kernel: [    0.000000] early_node_map[4] active PFN ranges
Mar 26 21:17:24 hplaptop kernel: [    0.000000]     0: 0x00000010 -> 0x0000009f
Mar 26 21:17:24 hplaptop kernel: [    0.000000]     0: 0x00000100 -> 0x000befc2
Mar 26 21:17:24 hplaptop kernel: [    0.000000]     0: 0x000bf7ff -> 0x000bf800
Mar 26 21:17:24 hplaptop kernel: [    0.000000]     0: 0x00100000 -> 0x00138000
Mar 26 21:17:24 hplaptop kernel: [    0.000000] On node 0 totalpages: 1011538
Mar 26 21:17:24 hplaptop kernel: [    0.000000]   DMA zone: 56 pages used for memmap
Mar 26 21:17:24 hplaptop kernel: [    0.000000]   DMA zone: 0 pages reserved
Mar 26 21:17:24 hplaptop kernel: [    0.000000]   DMA zone: 3927 pages, LIFO batch:0
Mar 26 21:17:24 hplaptop kernel: [    0.000000]   DMA32 zone: 14280 pages used for memmap
Mar 26 21:17:24 hplaptop kernel: [    0.000000]   DMA32 zone: 763899 pages, LIFO batch:31
Mar 26 21:17:24 hplaptop kernel: [    0.000000]   Normal zone: 3136 pages used for memmap
Mar 26 21:17:24 hplaptop kernel: [    0.000000]   Normal zone: 226240 pages, LIFO batch:31
Mar 26 21:17:24 hplaptop kernel: [    0.000000] ACPI: PM-Timer IO Port: 0x408
Mar 26 21:17:24 hplaptop kernel: [    0.000000] ACPI: Local APIC address 0xfee00000
Mar 26 21:17:24 hplaptop kernel: [    0.000000] ACPI: LAPIC (acpi_id[0x00] lapic_id[0x00] enabled)
Mar 26 21:17:24 hplaptop kernel: [    0.000000] ACPI: LAPIC (acpi_id[0x01] lapic_id[0x01] enabled)
Mar 26 21:17:24 hplaptop kernel: [    0.000000] ACPI: LAPIC (acpi_id[0x02] lapic_id[0x04] enabled)
Mar 26 21:17:24 hplaptop kernel: [    0.000000] ACPI: LAPIC (acpi_id[0x03] lapic_id[0x05] enabled)
Mar 26 21:17:24 hplaptop kernel: [    0.000000] ACPI: LAPIC (acpi_id[0x04] lapic_id[0x00] disabled)
Mar 26 21:17:24 hplaptop kernel: [    0.000000] ACPI: LAPIC (acpi_id[0x05] lapic_id[0x00] disabled)
Mar 26 21:17:24 hplaptop kernel: [    0.000000] ACPI: LAPIC (acpi_id[0x06] lapic_id[0x00] disabled)
Mar 26 21:17:24 hplaptop kernel: [    0.000000] ACPI: LAPIC (acpi_id[0x07] lapic_id[0x00] disabled)
Mar 26 21:17:24 hplaptop kernel: [    0.000000] ACPI: LAPIC_NMI (acpi_id[0x00] high edge lint[0x1])
Mar 26 21:17:24 hplaptop kernel: [    0.000000] ACPI: LAPIC_NMI (acpi_id[0x01] high edge lint[0x1])
Mar 26 21:17:24 hplaptop kernel: [    0.000000] ACPI: LAPIC_NMI (acpi_id[0x02] high edge lint[0x1])
Mar 26 21:17:24 hplaptop kernel: [    0.000000] ACPI: LAPIC_NMI (acpi_id[0x03] high edge lint[0x1])
Mar 26 21:17:24 hplaptop kernel: [    0.000000] ACPI: LAPIC_NMI (acpi_id[0x04] high edge lint[0x1])
Mar 26 21:17:24 hplaptop kernel: [    0.000000] ACPI: LAPIC_NMI (acpi_id[0x05] high edge lint[0x1])
Mar 26 21:17:24 hplaptop kernel: [    0.000000] ACPI: LAPIC_NMI (acpi_id[0x06] high edge lint[0x1])
Mar 26 21:17:24 hplaptop kernel: [    0.000000] ACPI: LAPIC_NMI (acpi_id[0x07] high edge lint[0x1])
Mar 26 21:17:24 hplaptop kernel: [    0.000000] ACPI: IOAPIC (id[0x01] address[0xfec00000] gsi_base[0])
Mar 26 21:17:24 hplaptop kernel: [    0.000000] IOAPIC[0]: apic_id 1, version 32, address 0xfec00000, GSI 0-23
Mar 26 21:17:24 hplaptop kernel: [    0.000000] ACPI: INT_SRC_OVR (bus 0 bus_irq 0 global_irq 2 dfl dfl)
Mar 26 21:17:24 hplaptop kernel: [    0.000000] ACPI: INT_SRC_OVR (bus 0 bus_irq 9 global_irq 9 high level)
Mar 26 21:17:24 hplaptop kernel: [    0.000000] ACPI: IRQ0 used by override.
Mar 26 21:17:24 hplaptop kernel: [    0.000000] ACPI: IRQ2 used by override.
Mar 26 21:17:24 hplaptop kernel: [    0.000000] ACPI: IRQ9 used by override.
Mar 26 21:17:24 hplaptop kernel: [    0.000000] Using ACPI (MADT) for SMP configuration information
Mar 26 21:17:24 hplaptop kernel: [    0.000000] ACPI: HPET id: 0x8086a201 base: 0xfed00000
Mar 26 21:17:24 hplaptop kernel: [    0.000000] SMP: Allowing 8 CPUs, 4 hotplug CPUs
Mar 26 21:17:24 hplaptop kernel: [    0.000000] nr_irqs_gsi: 40
Mar 26 21:17:24 hplaptop kernel: [    0.000000] early_res array is doubled to 64 at [19000 - 197ff]
Mar 26 21:17:24 hplaptop kernel: [    0.000000] PM: Registered nosave memory: 000000000009f000 - 00000000000a0000
Mar 26 21:17:24 hplaptop kernel: [    0.000000] PM: Registered nosave memory: 00000000000a0000 - 00000000000e0000
Mar 26 21:17:24 hplaptop kernel: [    0.000000] PM: Registered nosave memory: 00000000000e0000 - 0000000000100000
Mar 26 21:17:24 hplaptop kernel: [    0.000000] PM: Registered nosave memory: 00000000befc2000 - 00000000bf6c2000
Mar 26 21:17:24 hplaptop kernel: [    0.000000] PM: Registered nosave memory: 00000000bf6c2000 - 00000000bf7c2000
Mar 26 21:17:24 hplaptop kernel: [    0.000000] PM: Registered nosave memory: 00000000bf7c2000 - 00000000bf7ff000
Mar 26 21:17:24 hplaptop kernel: [    0.000000] PM: Registered nosave memory: 00000000bf800000 - 00000000c0000000
Mar 26 21:17:24 hplaptop kernel: [    0.000000] PM: Registered nosave memory: 00000000c0000000 - 00000000e0000000
Mar 26 21:17:24 hplaptop kernel: [    0.000000] PM: Registered nosave memory: 00000000e0000000 - 00000000f0000000
Mar 26 21:17:24 hplaptop kernel: [    0.000000] PM: Registered nosave memory: 00000000f0000000 - 00000000fec00000
Mar 26 21:17:24 hplaptop kernel: [    0.000000] PM: Registered nosave memory: 00000000fec00000 - 00000000fec01000
Mar 26 21:17:24 hplaptop kernel: [    0.000000] PM: Registered nosave memory: 00000000fec01000 - 00000000fed10000
Mar 26 21:17:24 hplaptop kernel: [    0.000000] PM: Registered nosave memory: 00000000fed10000 - 00000000fed14000
Mar 26 21:17:24 hplaptop kernel: [    0.000000] PM: Registered nosave memory: 00000000fed14000 - 00000000fed19000
Mar 26 21:17:24 hplaptop kernel: [    0.000000] PM: Registered nosave memory: 00000000fed19000 - 00000000fed1a000
Mar 26 21:17:24 hplaptop kernel: [    0.000000] PM: Registered nosave memory: 00000000fed1a000 - 00000000fed1b000
Mar 26 21:17:24 hplaptop kernel: [    0.000000] PM: Registered nosave memory: 00000000fed1b000 - 00000000fed20000
Mar 26 21:17:24 hplaptop kernel: [    0.000000] PM: Registered nosave memory: 00000000fed20000 - 00000000fee00000
Mar 26 21:17:24 hplaptop kernel: [    0.000000] PM: Registered nosave memory: 00000000fee00000 - 00000000fee01000
Mar 26 21:17:24 hplaptop kernel: [    0.000000] PM: Registered nosave memory: 00000000fee01000 - 00000000ffd00000
Mar 26 21:17:24 hplaptop kernel: [    0.000000] PM: Registered nosave memory: 00000000ffd00000 - 0000000100000000
Mar 26 21:17:24 hplaptop kernel: [    0.000000] Allocating PCI resources starting at c0000000 (gap: c0000000:20000000)
Mar 26 21:17:24 hplaptop kernel: [    0.000000] Booting paravirtualized kernel on bare hardware
Mar 26 21:17:24 hplaptop kernel: [    0.000000] setup_percpu: NR_CPUS:64 nr_cpumask_bits:64 nr_cpu_ids:8 nr_node_ids:1
Mar 26 21:17:24 hplaptop kernel: [    0.000000] PERCPU: Embedded 30 pages/cpu @ffff880001e00000 s91520 r8192 d23168 u262144
Mar 26 21:17:24 hplaptop kernel: [    0.000000] early_res array is doubled to 128 at [19800 - 1a7ff]
Mar 26 21:17:24 hplaptop kernel: [    0.000000] pcpu-alloc: s91520 r8192 d23168 u262144 alloc=1*2097152
Mar 26 21:17:24 hplaptop kernel: [    0.000000] pcpu-alloc: [0] 0 1 2 3 4 5 6 7 
Mar 26 21:17:24 hplaptop kernel: [    0.000000] Built 1 zonelists in Node order, mobility grouping on.  Total pages: 994066
Mar 26 21:17:24 hplaptop kernel: [    0.000000] Policy zone: Normal
Mar 26 21:17:24 hplaptop kernel: [    0.000000] Kernel command line: BOOT_IMAGE=/boot/vmlinuz-2.6.35-28-generic root=UUID=3d6699d4-1c0c-4ed4-a2ad-b8874aee13bf ro quiet splash
Mar 26 21:17:24 hplaptop kernel: [    0.000000] PID hash table entries: 4096 (order: 3, 32768 bytes)
Mar 26 21:17:24 hplaptop kernel: [    0.000000] Checking aperture...
Mar 26 21:17:24 hplaptop kernel: [    0.000000] No AGP bridge found
Mar 26 21:17:24 hplaptop kernel: [    0.000000] Calgary: detecting Calgary via BIOS EBDA area
Mar 26 21:17:24 hplaptop kernel: [    0.000000] Calgary: Unable to locate Rio Grande table in EBDA - bailing!
Mar 26 21:17:24 hplaptop kernel: [    0.000000] Subtract (64 early reservations)
Mar 26 21:17:24 hplaptop kernel: [    0.000000]   #1 [0001000000 - 0001d18114]   TEXT DATA BSS
Mar 26 21:17:24 hplaptop kernel: [    0.000000]   #2 [003756f000 - 0037ff0000]         RAMDISK
Mar 26 21:17:24 hplaptop kernel: [    0.000000]   #3 [000009fc00 - 0000100000]   BIOS reserved
Mar 26 21:17:24 hplaptop kernel: [    0.000000]   #4 [0001d19000 - 0001d19229]             BRK
Mar 26 21:17:24 hplaptop kernel: [    0.000000]   #5 [0000010000 - 0000012000]      TRAMPOLINE
Mar 26 21:17:24 hplaptop kernel: [    0.000000]   #6 [0000012000 - 0000016000]     ACPI WAKEUP
Mar 26 21:17:24 hplaptop kernel: [    0.000000]   #7 [0000016000 - 0000018000]         PGTABLE
Mar 26 21:17:24 hplaptop kernel: [    0.000000]   #8 [0000018000 - 0000019000]         PGTABLE
Mar 26 21:17:24 hplaptop kernel: [    0.000000]   #9 [0100000000 - 0100005000]       NODE_DATA
Mar 26 21:17:24 hplaptop kernel: [    0.000000]   #10 [0001d19240 - 0001d1a240]         BOOTMEM
Mar 26 21:17:24 hplaptop kernel: [    0.000000]   #11 [0001d18140 - 0001d18428]         BOOTMEM
Mar 26 21:17:24 hplaptop kernel: [    0.000000]   #12 [0100005000 - 0100006000]         BOOTMEM
Mar 26 21:17:24 hplaptop kernel: [    0.000000]   #13 [0100006000 - 0100007000]         BOOTMEM
Mar 26 21:17:24 hplaptop kernel: [    0.000000]   #14 [0100200000 - 0103a00000]        MEMMAP 0
Mar 26 21:17:24 hplaptop kernel: [    0.000000]   #15 [0001d18440 - 0001d185c0]         BOOTMEM
Mar 26 21:17:24 hplaptop kernel: [    0.000000]   #16 [0001d1a240 - 0001d32240]         BOOTMEM
Mar 26 21:17:24 hplaptop kernel: [    0.000000]   #17 [0001d32240 - 0001d38240]         BOOTMEM
Mar 26 21:17:24 hplaptop kernel: [    0.000000]   #18 [0001d39000 - 0001d3a000]         BOOTMEM
Mar 26 21:17:24 hplaptop kernel: [    0.000000]   #19 [0001d185c0 - 0001d18601]         BOOTMEM
Mar 26 21:17:24 hplaptop kernel: [    0.000000]   #20 [0001d18640 - 0001d18683]         BOOTMEM
Mar 26 21:17:24 hplaptop kernel: [    0.000000]   #21 [0001d186c0 - 0001d18ab0]         BOOTMEM
Mar 26 21:17:24 hplaptop kernel: [    0.000000]   #22 [0001d18ac0 - 0001d18b28]         BOOTMEM
Mar 26 21:17:24 hplaptop kernel: [    0.000000]   #23 [0001d18b40 - 0001d18ba8]         BOOTMEM
Mar 26 21:17:24 hplaptop kernel: [    0.000000]   #24 [0001d18bc0 - 0001d18c28]         BOOTMEM
Mar 26 21:17:24 hplaptop kernel: [    0.000000]   #25 [0001d18c40 - 0001d18ca8]         BOOTMEM
Mar 26 21:17:24 hplaptop kernel: [    0.000000]   #26 [0001d18cc0 - 0001d18d28]         BOOTMEM
Mar 26 21:17:24 hplaptop kernel: [    0.000000]   #27 [0001d18d40 - 0001d18da8]         BOOTMEM
Mar 26 21:17:24 hplaptop kernel: [    0.000000]   #28 [0001d18dc0 - 0001d18e28]         BOOTMEM
Mar 26 21:17:24 hplaptop kernel: [    0.000000]   #29 [0001d18e40 - 0001d18ea8]         BOOTMEM
Mar 26 21:17:24 hplaptop kernel: [    0.000000]   #30 [0001d18ec0 - 0001d18f28]         BOOTMEM
Mar 26 21:17:24 hplaptop kernel: [    0.000000]   #31 [0001d18f40 - 0001d18fa8]         BOOTMEM
Mar 26 21:17:24 hplaptop kernel: [    0.000000]   #32 [0001d38240 - 0001d382a8]         BOOTMEM
Mar 26 21:17:24 hplaptop kernel: [    0.000000]   #33 [0001d382c0 - 0001d38328]         BOOTMEM
Mar 26 21:17:24 hplaptop kernel: [    0.000000]   #34 [0001d38340 - 0001d383a8]         BOOTMEM
Mar 26 21:17:24 hplaptop NetworkManager[1197]:    SCPlugin-Ifupdown: end _init.
Mar 26 21:17:24 hplaptop kernel: [    0.000000]   #35 [0001d383c0 - 0001d38428]         BOOTMEM
Mar 26 21:17:24 hplaptop kernel: [    0.000000]   #36 [0001d38440 - 0001d384a8]         BOOTMEM
Mar 26 21:17:24 hplaptop kernel: [    0.000000]   #37 [0001d384c0 - 0001d38528]         BOOTMEM
Mar 26 21:17:24 hplaptop kernel: [    0.000000]   #38 [0001d38540 - 0001d385a8]         BOOTMEM
Mar 26 21:17:24 hplaptop kernel: [    0.000000]   #39 [0001d18fc0 - 0001d18fe0]         BOOTMEM
Mar 26 21:17:24 hplaptop kernel: [    0.000000]   #40 [0001d385c0 - 0001d385e0]         BOOTMEM
Mar 26 21:17:24 hplaptop kernel: [    0.000000]   #41 [0001d38600 - 0001d38620]         BOOTMEM
Mar 26 21:17:24 hplaptop kernel: [    0.000000]   #42 [0001d38640 - 0001d386aa]         BOOTMEM
Mar 26 21:17:24 hplaptop kernel: [    0.000000]   #43 [0001d386c0 - 0001d3872a]         BOOTMEM
Mar 26 21:17:24 hplaptop kernel: [    0.000000]   #44 [0001e00000 - 0001e1e000]         BOOTMEM
Mar 26 21:17:24 hplaptop kernel: [    0.000000]   #45 [0001e40000 - 0001e5e000]         BOOTMEM
Mar 26 21:17:24 hplaptop kernel: [    0.000000]   #46 [0001e80000 - 0001e9e000]         BOOTMEM
Mar 26 21:17:24 hplaptop kernel: [    0.000000]   #47 [0001ec0000 - 0001ede000]         BOOTMEM
Mar 26 21:17:24 hplaptop kernel: [    0.000000]   #48 [0001f00000 - 0001f1e000]         BOOTMEM
Mar 26 21:17:24 hplaptop kernel: [    0.000000]   #49 [0001f40000 - 0001f5e000]         BOOTMEM
Mar 26 21:17:24 hplaptop kernel: [    0.000000]   #50 [0001f80000 - 0001f9e000]         BOOTMEM
Mar 26 21:17:24 hplaptop kernel: [    0.000000]   #51 [0001fc0000 - 0001fde000]         BOOTMEM
Mar 26 21:17:24 hplaptop kernel: [    0.000000]   #52 [0001d38740 - 0001d38748]         BOOTMEM
Mar 26 21:17:24 hplaptop kernel: [    0.000000]   #53 [0001d38780 - 0001d38788]         BOOTMEM
Mar 26 21:17:24 hplaptop kernel: [    0.000000]   #54 [0001d387c0 - 0001d387e0]         BOOTMEM
Mar 26 21:17:24 hplaptop kernel: [    0.000000]   #55 [0001d38800 - 0001d38840]         BOOTMEM
Mar 26 21:17:24 hplaptop kernel: [    0.000000]   #56 [0001d38840 - 0001d38960]         BOOTMEM
Mar 26 21:17:24 hplaptop kernel: [    0.000000]   #57 [0001d38980 - 0001d389c8]         BOOTMEM
Mar 26 21:17:24 hplaptop kernel: [    0.000000]   #58 [0001d38a00 - 0001d38a48]         BOOTMEM
Mar 26 21:17:24 hplaptop kernel: [    0.000000]   #59 [0001d3a000 - 0001d42000]         BOOTMEM
Mar 26 21:17:24 hplaptop kernel: [    0.000000]   #60 [0001fde000 - 0005fde000]         BOOTMEM
Mar 26 21:17:24 hplaptop kernel: [    0.000000]   #61 [0001d42000 - 0001d62000]         BOOTMEM
Mar 26 21:17:24 hplaptop kernel: [    0.000000]   #62 [0001d62000 - 0001da2000]         BOOTMEM
Mar 26 21:17:24 hplaptop kernel: [    0.000000]   #63 [000001a800 - 0000022800]         BOOTMEM
Mar 26 21:17:24 hplaptop kernel: [    0.000000] Memory: 3897496k/5111808k available (5716k kernel code, 1065656k absent, 148656k reserved, 5375k data, 912k init)
Mar 26 21:17:24 hplaptop kernel: [    0.000000] SLUB: Genslabs=14, HWalign=64, Order=0-3, MinObjects=0, CPUs=8, Nodes=1
Mar 26 21:17:24 hplaptop kernel: [    0.000000] Hierarchical RCU implementation.
Mar 26 21:17:24 hplaptop kernel: [    0.000000] 	RCU dyntick-idle grace-period acceleration is enabled.
Mar 26 21:17:24 hplaptop kernel: [    0.000000] 	RCU-based detection of stalled CPUs is disabled.
Mar 26 21:17:24 hplaptop kernel: [    0.000000] 	Verbose stalled-CPUs detection is disabled.
Mar 26 21:17:24 hplaptop kernel: [    0.000000] NR_IRQS:4352 nr_irqs:744
Mar 26 21:17:24 hplaptop kernel: [    0.000000] Extended CMOS year: 2000
Mar 26 21:17:24 hplaptop kernel: [    0.000000] Console: colour VGA+ 80x25
Mar 26 21:17:24 hplaptop kernel: [    0.000000] console [tty0] enabled
Mar 26 21:17:24 hplaptop kernel: [    0.000000] allocated 40632320 bytes of page_cgroup
Mar 26 21:17:24 hplaptop kernel: [    0.000000] please try 'cgroup_disable=memory' option if you don't want memory cgroups
Mar 26 21:17:24 hplaptop kernel: [    0.000000] hpet clockevent registered
Mar 26 21:17:24 hplaptop kernel: [    0.000000] Fast TSC calibration using PIT
Mar 26 21:17:24 hplaptop kernel: [    0.010000] Detected 2660.063 MHz processor.
Mar 26 21:17:24 hplaptop kernel: [    0.000008] Calibrating delay loop (skipped), value calculated using timer frequency.. 5320.12 BogoMIPS (lpj=26600630)
Mar 26 21:17:24 hplaptop kernel: [    0.000011] pid_max: default: 32768 minimum: 301
Mar 26 21:17:24 hplaptop kernel: [    0.000030] Security Framework initialized
Mar 26 21:17:24 hplaptop kernel: [    0.000045] AppArmor: AppArmor initialized
Mar 26 21:17:24 hplaptop kernel: [    0.000046] Yama: becoming mindful.
Mar 26 21:17:24 hplaptop kernel: [    0.000383] Dentry cache hash table entries: 524288 (order: 10, 4194304 bytes)
Mar 26 21:17:24 hplaptop kernel: [    0.001682] Inode-cache hash table entries: 262144 (order: 9, 2097152 bytes)
Mar 26 21:17:24 hplaptop kernel: [    0.002249] Mount-cache hash table entries: 256
Mar 26 21:17:24 hplaptop kernel: [    0.002355] Initializing cgroup subsys ns
Mar 26 21:17:24 hplaptop kernel: [    0.002358] Initializing cgroup subsys cpuacct
Mar 26 21:17:24 hplaptop kernel: [    0.002362] Initializing cgroup subsys memory
Mar 26 21:17:24 hplaptop kernel: [    0.002368] Initializing cgroup subsys devices
Mar 26 21:17:24 hplaptop kernel: [    0.002370] Initializing cgroup subsys freezer
Mar 26 21:17:24 hplaptop kernel: [    0.002372] Initializing cgroup subsys net_cls
Mar 26 21:17:24 hplaptop kernel: [    0.002391] CPU: Physical Processor ID: 0
Mar 26 21:17:24 hplaptop kernel: [    0.002392] CPU: Processor Core ID: 0
Mar 26 21:17:24 hplaptop kernel: [    0.002398] mce: CPU supports 9 MCE banks
Mar 26 21:17:24 hplaptop kernel: [    0.002407] CPU0: Thermal monitoring enabled (TM1)
Mar 26 21:17:24 hplaptop kernel: [    0.002414] using mwait in idle threads.
Mar 26 21:17:24 hplaptop kernel: [    0.002416] Performance Events: PEBS fmt1+, Westmere events, Intel PMU driver.
Mar 26 21:17:24 hplaptop kernel: [    0.002422] ... version:                3
Mar 26 21:17:24 hplaptop kernel: [    0.002423] ... bit width:              48
Mar 26 21:17:24 hplaptop kernel: [    0.002424] ... generic registers:      4
Mar 26 21:17:24 hplaptop kernel: [    0.002425] ... value mask:             0000ffffffffffff
Mar 26 21:17:24 hplaptop kernel: [    0.002426] ... max period:             000000007fffffff
Mar 26 21:17:24 hplaptop kernel: [    0.002428] ... fixed-purpose events:   3
Mar 26 21:17:24 hplaptop kernel: [    0.002429] ... event mask:             000000070000000f
Mar 26 21:17:24 hplaptop kernel: [    0.004147] ACPI: Core revision 20100428
Mar 26 21:17:24 hplaptop kernel: [    0.048931] ftrace: converting mcount calls to 0f 1f 44 00 00
Mar 26 21:17:24 hplaptop kernel: [    0.048935] ftrace: allocating 22688 entries in 89 pages
Mar 26 21:17:24 hplaptop kernel: [    0.054986] Setting APIC routing to flat
Mar 26 21:17:24 hplaptop kernel: [    0.055392] ..TIMER: vector=0x30 apic1=0 pin1=2 apic2=-1 pin2=-1
Mar 26 21:17:24 hplaptop kernel: [    0.155151] CPU0: Intel(R) Core(TM) i5 CPU       M 560  @ 2.67GHz stepping 05
Mar 26 21:17:24 hplaptop kernel: [    0.272431] Booting Node   0, Processors  #1 #2 #3
Mar 26 21:17:24 hplaptop kernel: [    0.811037] Brought up 4 CPUs
Mar 26 21:17:24 hplaptop kernel: [    0.811040] Total of 4 processors activated (21280.02 BogoMIPS).
Mar 26 21:17:24 hplaptop kernel: [    0.812587] devtmpfs: initialized
Mar 26 21:17:24 hplaptop kernel: [    0.813382] regulator: core version 0.5
Mar 26 21:17:24 hplaptop kernel: [    0.813408] Time:  1:17:09  Date: 03/27/11
Mar 26 21:17:24 hplaptop kernel: [    0.813434] NET: Registered protocol family 16
Mar 26 21:17:24 hplaptop kernel: [    0.813513] Trying to unpack rootfs image as initramfs...
Mar 26 21:17:24 hplaptop kernel: [    0.813521] ACPI FADT declares the system doesn't support PCIe ASPM, so disable it
Mar 26 21:17:24 hplaptop kernel: [    0.813523] ACPI: bus type pci registered
Mar 26 21:17:24 hplaptop kernel: [    0.813589] PCI: MMCONFIG for domain 0000 [bus 00-ff] at [mem 0xe0000000-0xefffffff] (base 0xe0000000)
Mar 26 21:17:24 hplaptop kernel: [    0.813592] PCI: MMCONFIG at [mem 0xe0000000-0xefffffff] reserved in E820
Mar 26 21:17:24 hplaptop kernel: [    0.841822] PCI: Using configuration type 1 for base access
Mar 26 21:17:24 hplaptop kernel: [    0.842434] bio: create slab <bio-0> at 0
Mar 26 21:17:24 hplaptop kernel: [    0.844191] ACPI: EC: Look up EC in DSDT
Mar 26 21:17:24 hplaptop kernel: [    0.867115] ACPI: BIOS _OSI(Linux) query ignored
Mar 26 21:17:24 hplaptop kernel: [    0.877568] ACPI: SSDT 00000000bf6bba18 0047D (v01  PmRef  Cpu0Ist 00003000 INTL 20060912)
Mar 26 21:17:24 hplaptop kernel: [    0.878020] ACPI: Dynamic OEM Table Load:
Mar 26 21:17:24 hplaptop kernel: [    0.878022] ACPI: SSDT (null) 0047D (v01  PmRef  Cpu0Ist 00003000 INTL 20060912)
Mar 26 21:17:24 hplaptop kernel: [    0.878401] ACPI: SSDT 00000000bf6b9018 008AA (v01  PmRef  Cpu0Cst 00003001 INTL 20060912)
Mar 26 21:17:24 hplaptop kernel: [    0.878829] ACPI: Dynamic OEM Table Load:
Mar 26 21:17:24 hplaptop kernel: [    0.878831] ACPI: SSDT (null) 008AA (v01  PmRef  Cpu0Cst 00003001 INTL 20060912)
Mar 26 21:17:24 hplaptop kernel: [    0.879359] ACPI: SSDT 00000000bf6baa98 00303 (v01  PmRef    ApIst 00003000 INTL 20060912)
Mar 26 21:17:24 hplaptop kernel: [    0.879845] ACPI: Dynamic OEM Table Load:
